Archive member included to satisfy reference by file (symbol)

app/libapp.a(main_remote.c.obj)
                              (--whole-archive)
zephyr/libzephyr.a(cbprintf_packaged.c.obj)
                              (--whole-archive)
zephyr/libzephyr.a(dec.c.obj)
                              (--whole-archive)
zephyr/libzephyr.a(fdtable.c.obj)
                              (--whole-archive)
zephyr/libzephyr.a(hex.c.obj)
                              (--whole-archive)
zephyr/libzephyr.a(printk.c.obj)
                              (--whole-archive)
zephyr/libzephyr.a(rb.c.obj)  (--whole-archive)
zephyr/libzephyr.a(sem.c.obj)
                              (--whole-archive)
zephyr/libzephyr.a(thread_entry.c.obj)
                              (--whole-archive)
zephyr/libzephyr.a(timeutil.c.obj)
                              (--whole-archive)
zephyr/libzephyr.a(heap.c.obj)
                              (--whole-archive)
zephyr/libzephyr.a(heap-validate.c.obj)
                              (--whole-archive)
zephyr/libzephyr.a(bitarray.c.obj)
                              (--whole-archive)
zephyr/libzephyr.a(multi_heap.c.obj)
                              (--whole-archive)
zephyr/libzephyr.a(crc32c_sw.c.obj)
                              (--whole-archive)
zephyr/libzephyr.a(crc32_sw.c.obj)
                              (--whole-archive)
zephyr/libzephyr.a(crc16_sw.c.obj)
                              (--whole-archive)
zephyr/libzephyr.a(crc8_sw.c.obj)
                              (--whole-archive)
zephyr/libzephyr.a(crc7_sw.c.obj)
                              (--whole-archive)
zephyr/libzephyr.a(cbprintf_complete.c.obj)
                              (--whole-archive)
zephyr/libzephyr.a(cbprintf.c.obj)
                              (--whole-archive)
zephyr/libzephyr.a(assert.c.obj)
                              (--whole-archive)
zephyr/libzephyr.a(resource_table.c.obj)
                              (--whole-archive)
zephyr/libzephyr.a(configs.c.obj)
                              (--whole-archive)
zephyr/libzephyr.a(soc.c.obj)
                              (--whole-archive)
zephyr/libzephyr.a(soc_clk_freq.c.obj)
                              (--whole-archive)
zephyr/libzephyr.a(tracing_none.c.obj)
                              (--whole-archive)
zephyr/arch/common/libarch__common.a(sw_isr_common.c.obj)
                              (--whole-archive)
zephyr/arch/arch/arm/core/aarch32/libarch__arm__core__aarch32.a(cpu_idle.S.obj)
                              (--whole-archive)
zephyr/arch/arch/arm/core/aarch32/libarch__arm__core__aarch32.a(fatal.c.obj)
                              (--whole-archive)
zephyr/arch/arch/arm/core/aarch32/libarch__arm__core__aarch32.a(irq_manage.c.obj)
                              (--whole-archive)
zephyr/arch/arch/arm/core/aarch32/libarch__arm__core__aarch32.a(nmi.c.obj)
                              (--whole-archive)
zephyr/arch/arch/arm/core/aarch32/libarch__arm__core__aarch32.a(nmi_on_reset.S.obj)
                              (--whole-archive)
zephyr/arch/arch/arm/core/aarch32/libarch__arm__core__aarch32.a(prep_c.c.obj)
                              (--whole-archive)
zephyr/arch/arch/arm/core/aarch32/libarch__arm__core__aarch32.a(swap.c.obj)
                              (--whole-archive)
zephyr/arch/arch/arm/core/aarch32/libarch__arm__core__aarch32.a(swap_helper.S.obj)
                              (--whole-archive)
zephyr/arch/arch/arm/core/aarch32/libarch__arm__core__aarch32.a(thread.c.obj)
                              (--whole-archive)
zephyr/arch/arch/arm/core/aarch32/libarch__arm__core__aarch32.a(isr_wrapper.S.obj)
                              (--whole-archive)
zephyr/arch/arch/arm/core/aarch32/cortex_m/libarch__arm__core__aarch32__cortex_m.a(exc_exit.S.obj)
                              (--whole-archive)
zephyr/arch/arch/arm/core/aarch32/cortex_m/libarch__arm__core__aarch32__cortex_m.a(fault.c.obj)
                              (--whole-archive)
zephyr/arch/arch/arm/core/aarch32/cortex_m/libarch__arm__core__aarch32__cortex_m.a(fault_s.S.obj)
                              (--whole-archive)
zephyr/arch/arch/arm/core/aarch32/cortex_m/libarch__arm__core__aarch32__cortex_m.a(fpu.c.obj)
                              (--whole-archive)
zephyr/arch/arch/arm/core/aarch32/cortex_m/libarch__arm__core__aarch32__cortex_m.a(irq_init.c.obj)
                              (--whole-archive)
zephyr/arch/arch/arm/core/aarch32/cortex_m/libarch__arm__core__aarch32__cortex_m.a(reset.S.obj)
                              (--whole-archive)
zephyr/arch/arch/arm/core/aarch32/cortex_m/libarch__arm__core__aarch32__cortex_m.a(scb.c.obj)
                              (--whole-archive)
zephyr/arch/arch/arm/core/aarch32/cortex_m/libarch__arm__core__aarch32__cortex_m.a(thread_abort.c.obj)
                              (--whole-archive)
zephyr/arch/arch/arm/core/aarch32/cortex_m/libarch__arm__core__aarch32__cortex_m.a(vector_table.S.obj)
                              (--whole-archive)
[...]
Memory Configuration

Name             Origin             Length             Attributes
FLASH            0x000000001fff8000 0x0000000000008000 xr
RAM              0x0000000020000000 0x0000000000008000 xw
IDT_LIST         0x00000000fffff7ff 0x0000000000000800 xw
*default*        0x0000000000000000 0xffffffffffffffff

Linker script and memory map

LOAD zephyr/CMakeFiles/zephyr_pre0.dir/misc/empty_file.c.obj
LOAD zephyr/CMakeFiles/offsets.dir/./arch/arm/core/offsets/offsets.c.obj
                0x0000000000000004                _region_min_align = 0x4

.rel.plt        0x000000001fff8000        0x0
 *(SORT_BY_ALIGNMENT(.rel.plt))
                [!provide]                        PROVIDE (__rel_iplt_start = .)
 *(SORT_BY_ALIGNMENT(.rel.iplt))
 .rel.iplt      0x000000001fff8000        0x0 app/libapp.a(main_remote.c.obj)
                [!provide]                        PROVIDE (__rel_iplt_end = .)

.rela.plt       0x0000000000000000        0x0
 *(SORT_BY_ALIGNMENT(.rela.plt))
                [!provide]                        PROVIDE (__rela_iplt_start = .)
 *(SORT_BY_ALIGNMENT(.rela.iplt))
                [!provide]                        PROVIDE (__rela_iplt_end = .)

.rel.dyn
 *(SORT_BY_ALIGNMENT(.rel.*))

.rela.dyn
 *(SORT_BY_ALIGNMENT(.rela.*))

/DISCARD/
 *(SORT_BY_ALIGNMENT(.plt))

/DISCARD/
 *(SORT_BY_ALIGNMENT(.iplt))
                0x000000001fff8000                __rom_region_start = 0x1fff8000

rom_start       0x000000001fff8000      0x23c
                0x000000001fff8000                . = (. + 0x0)
                0x000000001fff8000                . = ALIGN (0x4)
                0x000000001fff8000                . = ALIGN (0x80)
                0x000000001fff8000                . = ALIGN (0x400)
                0x000000001fff8000                _vector_start = .
 *(SORT_BY_ALIGNMENT(.exc_vector_table))
 *(SORT_BY_ALIGNMENT(.exc_vector_table.*))
 .exc_vector_table._vector_table_section
                0x000000001fff8000       0x40 zephyr/arch/arch/arm/core/aarch32/cortex_m/libarch__arm__core__aarch32__cortex_m.a(vector_table.S.obj)
                0x000000001fff8000                _vector_table
 *(SORT_BY_ALIGNMENT(.vectors))
                0x000000001fff823c                _vector_end = .
                0x000000001fff8040                . = ALIGN (0x4)
 *(SORT_BY_ALIGNMENT(.gnu.linkonce.irq_vector_table*))
 .gnu.linkonce.irq_vector_table
                0x000000001fff8040      0x1fc zephyr/arch/common/libisr_tables.a(isr_tables.c.obj)
                0x000000001fff8040                _irq_vector_table
                0x000000001fff823c                _vector_end = .

text            0x000000001fff823c     0x4888
                0x000000001fff823c                __text_region_start = .
 *(SORT_BY_ALIGNMENT(.text))
 .text          0x000000001fff823c       0x30 /home/neuberfran/zephyr-sdk-0.16.0/arm-zephyr-eabi/bin/../lib/gcc/arm-zephyr-eabi/12.2.0/thumb/v7e-m/nofp/libgcc.a(_aeabi_uldivmod.o)
                0x000000001fff823c                __aeabi_uldivmod
 .text          0x000000001fff826c        0x4 /home/neuberfran/zephyr-sdk-0.16.0/arm-zephyr-eabi/bin/../lib/gcc/arm-zephyr-eabi/12.2.0/thumb/v7e-m/nofp/libgcc.a(_dvmd_tls.o)
                0x000000001fff826c                __aeabi_ldiv0
                0x000000001fff826c                __aeabi_idiv0
 .text          0x000000001fff8270      0x2a0 /home/neuberfran/zephyr-sdk-0.16.0/arm-zephyr-eabi/bin/../lib/gcc/arm-zephyr-eabi/12.2.0/thumb/v7e-m/nofp/libgcc.a(_udivmoddi4.o)
                0x000000001fff8270                __udivmoddi4
 *(SORT_BY_ALIGNMENT(.text.*))
 .text.platform_ipm_callback
                0x000000001fff8510        0xc app/libapp.a(main_remote.c.obj)
 .text.mailbox_notify
                0x000000001fff851c       0x20 app/libapp.a(main_remote.c.obj)
                0x000000001fff851c                mailbox_notify
 .text.app_rpmsg_tty
                0x000000001fff853c       0xc8 app/libapp.a(main_remote.c.obj)
                0x000000001fff853c                app_rpmsg_tty
 .text.app_rpmsg_client_sample
                0x000000001fff8604       0x94 app/libapp.a(main_remote.c.obj)
                0x000000001fff8604                app_rpmsg_client_sample
 .text.rpmsg_recv_tty_callback
                0x000000001fff8698       0x20 app/libapp.a(main_remote.c.obj)
 .text.rpmsg_recv_cs_callback
                0x000000001fff86b8       0x20 app/libapp.a(main_remote.c.obj)
 .text.platform_init
                0x000000001fff86d8       0xe8 app/libapp.a(main_remote.c.obj)
                0x000000001fff86d8                platform_init
 .text.platform_create_rpmsg_vdev
                0x000000001fff87c0       0xb4 app/libapp.a(main_remote.c.obj)
                0x000000001fff87c0                platform_create_rpmsg_vdev
 .text.rpmsg_mng_task
                0x000000001fff8874       0x90 app/libapp.a(main_remote.c.obj)
                0x000000001fff8874                rpmsg_mng_task
 .text.main     0x000000001fff8904       0x98 app/libapp.a(main_remote.c.obj)
                0x000000001fff8904                main
 .text.char_out
                0x000000001fff899c        0xc zephyr/libzephyr.a(printk.c.obj)
 .text.__printk_hook_install
                0x000000001fff89a8        0xc zephyr/libzephyr.a(printk.c.obj)
                0x000000001fff89a8                __printk_hook_install
 .text.vprintk  0x000000001fff89b4       0x1c zephyr/libzephyr.a(printk.c.obj)
                0x000000001fff89b4                vprintk
 .text.z_cbvprintf_impl
                0x000000001fff89d0      0x764 zephyr/libzephyr.a(cbprintf_complete.c.obj)
                0x000000001fff89d0                z_cbvprintf_impl
 .text.rsc_table_get
                0x000000001fff9134       0x10 zephyr/libzephyr.a(resource_table.c.obj)
                0x000000001fff9134                rsc_table_get
 .text.SOC_ClockInit
                0x000000001fff9144       0x7c zephyr/libzephyr.a(soc.c.obj)
                0x000000001fff9144                SOC_ClockInit
 .text.nxp_mcimx7_init
                0x000000001fff91c0       0x6c zephyr/libzephyr.a(soc.c.obj)
 .text.z_arm_cpu_idle_init
                0x000000001fff922c        0xc zephyr/arch/arch/arm/core/aarch32/libarch__arm__core__aarch32.a(cpu_idle.S.obj)
                0x000000001fff922c                z_arm_cpu_idle_init
 .text.arch_cpu_idle
                0x000000001fff9238       0x1c zephyr/arch/arch/arm/core/aarch32/libarch__arm__core__aarch32.a(cpu_idle.S.obj)
                0x000000001fff9238                arch_cpu_idle
 .text.arch_irq_enable
                0x000000001fff9254       0x1c zephyr/arch/arch/arm/core/aarch32/libarch__arm__core__aarch32.a(irq_manage.c.obj)
                0x000000001fff9254                arch_irq_enable
 .text.z_arm_irq_priority_set
                0x000000001fff9270       0x30 zephyr/arch/arch/arm/core/aarch32/libarch__arm__core__aarch32.a(irq_manage.c.obj)
                0x000000001fff9270                z_arm_irq_priority_set
 .text.z_SysNmiOnReset
                0x000000001fff92a0        0x8 zephyr/arch/arch/arm/core/aarch32/libarch__arm__core__aarch32.a(nmi_on_reset.S.obj)
                0x000000001fff92a0                z_SysNmiOnReset
 .text.z_arm_prep_c
                0x000000001fff92a8       0x48 zephyr/arch/arch/arm/core/aarch32/libarch__arm__core__aarch32.a(prep_c.c.obj)
                0x000000001fff92a8                z_arm_prep_c
 .text.arch_swap
                0x000000001fff92f0       0x34 zephyr/arch/arch/arm/core/aarch32/libarch__arm__core__aarch32.a(swap.c.obj)
                0x000000001fff92f0                arch_swap
 .text.z_arm_pendsv
                0x000000001fff9324       0x48 zephyr/arch/arch/arm/core/aarch32/libarch__arm__core__aarch32.a(swap_helper.S.obj)
                0x000000001fff9324                z_arm_pendsv
 .text.z_arm_svc
                0x000000001fff936c       0x20 zephyr/arch/arch/arm/core/aarch32/libarch__arm__core__aarch32.a(swap_helper.S.obj)
                0x000000001fff936c                z_arm_svc
 .text.arch_new_thread
                0x000000001fff938c       0x38 zephyr/arch/arch/arm/core/aarch32/libarch__arm__core__aarch32.a(thread.c.obj)
                0x000000001fff938c                arch_new_thread
 .text.arch_switch_to_main_thread
                0x000000001fff93c4       0x24 zephyr/arch/arch/arm/core/aarch32/libarch__arm__core__aarch32.a(thread.c.obj)
                0x000000001fff93c4                arch_switch_to_main_thread
 .text._isr_wrapper
                0x000000001fff93e8       0x28 zephyr/arch/arch/arm/core/aarch32/libarch__arm__core__aarch32.a(isr_wrapper.S.obj)
                0x000000001fff93e8                _isr_wrapper
 .text._HandlerModeExit
                0x000000001fff9410       0x1c zephyr/arch/arch/arm/core/aarch32/cortex_m/libarch__arm__core__aarch32__cortex_m.a(exc_exit.S.obj)
                0x000000001fff9410                z_arm_exc_exit
                0x000000001fff9410                z_arm_int_exit
 .text.usage_fault.constprop.0
                0x000000001fff942c       0x54 zephyr/arch/arch/arm/core/aarch32/cortex_m/libarch__arm__core__aarch32__cortex_m.a(fault.c.obj)
 .text.bus_fault.constprop.0
                0x000000001fff9480       0x6c zephyr/arch/arch/arm/core/aarch32/cortex_m/libarch__arm__core__aarch32__cortex_m.a(fault.c.obj)
 .text.mem_manage_fault.constprop.0
                0x000000001fff94ec       0x78 zephyr/arch/arch/arm/core/aarch32/cortex_m/libarch__arm__core__aarch32__cortex_m.a(fault.c.obj)
 .text.z_arm_fault
                0x000000001fff9564      0x118 zephyr/arch/arch/arm/core/aarch32/cortex_m/libarch__arm__core__aarch32__cortex_m.a(fault.c.obj)
                0x000000001fff9564                z_arm_fault
 .text.z_arm_fault_init
                0x000000001fff967c       0x10 zephyr/arch/arch/arm/core/aarch32/cortex_m/libarch__arm__core__aarch32__cortex_m.a(fault.c.obj)
                0x000000001fff967c                z_arm_fault_init
 .text.__fault  0x000000001fff968c       0x14 zephyr/arch/arch/arm/core/aarch32/cortex_m/libarch__arm__core__aarch32__cortex_m.a(fault_s.S.obj)
                0x000000001fff968c                z_arm_bus_fault
                0x000000001fff968c                z_arm_usage_fault
                0x000000001fff968c                z_arm_mpu_fault
                0x000000001fff968c                z_arm_exc_spurious
                0x000000001fff968c                z_arm_debug_monitor
                0x000000001fff968c                z_arm_hard_fault
 .text.z_arm_interrupt_init
                0x000000001fff96a0       0x18 zephyr/arch/arch/arm/core/aarch32/cortex_m/libarch__arm__core__aarch32__cortex_m.a(irq_init.c.obj)
                0x000000001fff96a0                z_arm_interrupt_init
 .text._reset_section
                0x000000001fff96b8       0x2c zephyr/arch/arch/arm/core/aarch32/cortex_m/libarch__arm__core__aarch32__cortex_m.a(reset.S.obj)
                0x000000001fff96b8                z_arm_reset
                0x000000001fff96b8                __start
 .text.z_impl_k_thread_abort
                0x000000001fff96e4       0x2c zephyr/arch/arch/arm/core/aarch32/cortex_m/libarch__arm__core__aarch32__cortex_m.a(thread_abort.c.obj)
                0x000000001fff96e4                z_impl_k_thread_abort
 .text.__stdout_hook_install
                0x000000001fff9710        0xc zephyr/lib/libc/minimal/liblib__libc__minimal.a(stdout_console.c.obj)
                0x000000001fff9710                __stdout_hook_install
 .text.snprintf
                0x000000001fff971c       0x34 zephyr/lib/libc/minimal/liblib__libc__minimal.a(sprintf.c.obj)
                0x000000001fff971c                snprintf
 .text.ram_console_out
                0x000000001fff9750       0x24 zephyr/drivers/console/libdrivers__console.a(ram_console.c.obj)
 .text.ram_console_init
                0x000000001fff9774       0x18 zephyr/drivers/console/libdrivers__console.a(ram_console.c.obj)
 .text.uart_console_init
                0x000000001fff978c       0x28 zephyr/drivers/console/libdrivers__console.a(uart_console.c.obj)
 .text.console_out
                0x000000001fff97b4       0x28 zephyr/drivers/console/libdrivers__console.a(uart_console.c.obj)
 .text.uart_imx_irq_err_disable
                0x000000001fff97dc       0x28 zephyr/drivers/serial/libdrivers__serial.a(uart_imx.c.obj)
 .text.uart_imx_irq_err_enable
                0x000000001fff9804       0x28 zephyr/drivers/serial/libdrivers__serial.a(uart_imx.c.obj)
 .text.uart_imx_irq_rx_disable
                0x000000001fff982c       0x10 zephyr/drivers/serial/libdrivers__serial.a(uart_imx.c.obj)
 .text.uart_imx_irq_rx_enable
                0x000000001fff983c       0x10 zephyr/drivers/serial/libdrivers__serial.a(uart_imx.c.obj)
 .text.uart_imx_irq_tx_disable
                0x000000001fff984c       0x10 zephyr/drivers/serial/libdrivers__serial.a(uart_imx.c.obj)
 .text.uart_imx_irq_tx_enable
                0x000000001fff985c       0x10 zephyr/drivers/serial/libdrivers__serial.a(uart_imx.c.obj)
 .text.uart_imx_fifo_read
                0x000000001fff986c       0x34 zephyr/drivers/serial/libdrivers__serial.a(uart_imx.c.obj)
 .text.uart_imx_poll_in
                0x000000001fff98a0       0x30 zephyr/drivers/serial/libdrivers__serial.a(uart_imx.c.obj)
 .text.elapsed  0x000000001fff98d0       0x3c zephyr/drivers/timer/libdrivers__timer.a(cortex_m_systick.c.obj)
 .text.sys_clock_driver_init
                0x000000001fff990c       0x34 zephyr/drivers/timer/libdrivers__timer.a(cortex_m_systick.c.obj)
 .text.sys_clock_isr
                0x000000001fff9940       0x44 zephyr/drivers/timer/libdrivers__timer.a(cortex_m_systick.c.obj)
                0x000000001fff9940                sys_clock_isr
 .text.sys_clock_set_timeout
                0x000000001fff9984       0xe4 zephyr/drivers/timer/libdrivers__timer.a(cortex_m_systick.c.obj)
                0x000000001fff9984                sys_clock_set_timeout
 .text.sys_clock_elapsed
                0x000000001fff9a68       0x3c zephyr/drivers/timer/libdrivers__timer.a(cortex_m_systick.c.obj)
                0x000000001fff9a68                sys_clock_elapsed
 .text.CCM_UpdateRoot
                0x000000001fff9aa4       0x28 modules/hal_nxp/hal_nxp/lib..__modules__hal__nxp.a(ccm_imx7d.c.obj)
                0x000000001fff9aa4                CCM_UpdateRoot
 .text.CCM_ANALOG_GetSysPllFreq
                0x000000001fff9acc       0x30 modules/hal_nxp/hal_nxp/lib..__modules__hal__nxp.a(ccm_analog_imx7d.c.obj)
                0x000000001fff9acc                CCM_ANALOG_GetSysPllFreq
 .text.UART_SetBaudRate
                0x000000001fff9afc       0xdc modules/hal_nxp/hal_nxp/lib..__modules__hal__nxp.a(uart_imx.c.obj)
                0x000000001fff9afc                UART_SetBaudRate
 .text.get_uart_clock_freq
                0x000000001fff9bd8      0x124 modules/hal_nxp/hal_nxp/lib..__modules__hal__nxp.a(clock_freq.c.obj)
                0x000000001fff9bd8                get_uart_clock_freq
 .text.metal_generic_dev_open
                0x000000001fff9cfc       0x40 modules/libmetal/libmetal/lib/libmetal.a(device.c.obj)
                0x000000001fff9cfc                metal_generic_dev_open
 .text.metal_bus_unregister
                0x000000001fff9d3c       0x3c modules/libmetal/libmetal/lib/libmetal.a(device.c.obj)
                0x000000001fff9d3c                metal_bus_unregister
 .text.metal_bus_find
                0x000000001fff9d78       0x3c modules/libmetal/libmetal/lib/libmetal.a(device.c.obj)
                0x000000001fff9d78                metal_bus_find
 .text.metal_bus_register
                0x000000001fff9db4       0x68 modules/libmetal/libmetal/lib/libmetal.a(device.c.obj)
                0x000000001fff9db4                metal_bus_register
 .text.metal_register_generic_device
                0x000000001fff9e1c       0x44 modules/libmetal/libmetal/lib/libmetal.a(device.c.obj)
                0x000000001fff9e1c                metal_register_generic_device
 .text.metal_init
                0x000000001fff9e60       0x40 modules/libmetal/libmetal/lib/libmetal.a(init.c.obj)
                0x000000001fff9e60                metal_init
 .text.metal_finish
                0x000000001fff9ea0       0x18 modules/libmetal/libmetal/lib/libmetal.a(init.c.obj)
                0x000000001fff9ea0                metal_finish
 .text.metal_sys_init
                0x000000001fff9eb8       0x10 modules/libmetal/libmetal/lib/libmetal.a(init.c.obj)
                0x000000001fff9eb8                metal_sys_init
 .text.metal_sys_finish
                0x000000001fff9ec8        0xc modules/libmetal/libmetal/lib/libmetal.a(init.c.obj)
                0x000000001fff9ec8                metal_sys_finish
 .text.metal_zephyr_log_handler
                0x000000001fff9ed4       0x3c modules/libmetal/libmetal/lib/libmetal.a(log.c.obj)
                0x000000001fff9ed4                metal_zephyr_log_handler
 .text.virtio_create_virtqueues
                0x000000001fff9f10       0x60 modules/open-amp/open-amp/lib/libopen_amp.a(virtio.c.obj)
                0x000000001fff9f10                virtio_create_virtqueues
 .text.virtqueue_add_consumed_buffer
                0x000000001fff9f70       0x38 modules/open-amp/open-amp/lib/libopen_amp.a(virtqueue.c.obj)
                0x000000001fff9f70                virtqueue_add_consumed_buffer
 .text.rpmsg_send_offchannel_raw
                0x000000001fff9fa8       0x2c modules/open-amp/open-amp/lib/libopen_amp.a(rpmsg.c.obj)
                0x000000001fff9fa8                rpmsg_send_offchannel_raw
 .text.rpmsg_register_endpoint
                0x000000001fff9fd4       0x40 modules/open-amp/open-amp/lib/libopen_amp.a(rpmsg.c.obj)
                0x000000001fff9fd4                rpmsg_register_endpoint
 .text.rpmsg_create_ept
                0x000000001fffa014      0x100 modules/open-amp/open-amp/lib/libopen_amp.a(rpmsg.c.obj)
                0x000000001fffa014                rpmsg_create_ept
 .text.rpmsg_virtio_send_offchannel_raw
                0x000000001fffa114       0x5c modules/open-amp/open-amp/lib/libopen_amp.a(rpmsg_virtio.c.obj)
 .text.rpmsg_init_vdev_with_config
                0x000000001fffa170      0x14c modules/open-amp/open-amp/lib/libopen_amp.a(rpmsg_virtio.c.obj)
                0x000000001fffa170                rpmsg_init_vdev_with_config
 .text.rproc_virtio_create_vdev
                0x000000001fffa2bc       0xbc modules/open-amp/open-amp/lib/libopen_amp.a(remoteproc_virtio.c.obj)
                0x000000001fffa2bc                rproc_virtio_create_vdev
 .text.z_sys_init_run_level
                0x000000001fffa378       0x44 zephyr/kernel/libkernel.a(init.c.obj)
 .text.bg_thread_main
                0x000000001fffa3bc       0x34 zephyr/kernel/libkernel.a(init.c.obj)
 .text.z_bss_zero
                0x000000001fffa3f0       0x18 zephyr/kernel/libkernel.a(init.c.obj)
                0x000000001fffa3f0                z_bss_zero
 .text.z_init_cpu
                0x000000001fffa408       0x68 zephyr/kernel/libkernel.a(init.c.obj)
                0x000000001fffa408                z_init_cpu
 .text.z_cstart
                0x000000001fffa470       0xd0 zephyr/kernel/libkernel.a(init.c.obj)
                0x000000001fffa470                z_cstart
 .text.z_setup_new_thread
                0x000000001fffa540       0x54 zephyr/kernel/libkernel.a(thread.c.obj)
                0x000000001fffa540                z_setup_new_thread
 .text.z_impl_k_thread_create
                0x000000001fffa594       0x58 zephyr/kernel/libkernel.a(thread.c.obj)
                0x000000001fffa594                z_impl_k_thread_create
 .text.z_init_static_threads
                0x000000001fffa5ec       0x98 zephyr/kernel/libkernel.a(thread.c.obj)
                0x000000001fffa5ec                z_init_static_threads
 .text.z_impl_k_sem_give
                0x000000001fffa684       0x40 zephyr/kernel/libkernel.a(sem.c.obj)
                0x000000001fffa684                z_impl_k_sem_give
 .text.z_impl_k_sem_take
                0x000000001fffa6c4       0x50 zephyr/kernel/libkernel.a(sem.c.obj)
                0x000000001fffa6c4                z_impl_k_sem_take
 .text.sliceable
                0x000000001fffa714       0x3c zephyr/kernel/libkernel.a(sched.c.obj)
 .text.slice_timeout
                0x000000001fffa750       0x20 zephyr/kernel/libkernel.a(sched.c.obj)
 .text.z_reset_time_slice
                0x000000001fffa770       0x50 zephyr/kernel/libkernel.a(sched.c.obj)
                0x000000001fffa770                z_reset_time_slice
 .text.update_cache
                0x000000001fffa7c0       0x3c zephyr/kernel/libkernel.a(sched.c.obj)
 .text.move_thread_to_end_of_prio_q
                0x000000001fffa7fc       0x74 zephyr/kernel/libkernel.a(sched.c.obj)
 .text.ready_thread
                0x000000001fffa870       0x68 zephyr/kernel/libkernel.a(sched.c.obj)
 .text.unready_thread
                0x000000001fffa8d8       0x30 zephyr/kernel/libkernel.a(sched.c.obj)
 .text.pend_locked
                0x000000001fffa908       0x30 zephyr/kernel/libkernel.a(sched.c.obj)
 .text.k_sched_time_slice_set
                0x000000001fffa938       0x48 zephyr/kernel/libkernel.a(sched.c.obj)
                0x000000001fffa938                k_sched_time_slice_set
 .text.z_time_slice
                0x000000001fffa980       0x60 zephyr/kernel/libkernel.a(sched.c.obj)
                0x000000001fffa980                z_time_slice
 .text.z_pend_curr
                0x000000001fffa9e0       0x3c zephyr/kernel/libkernel.a(sched.c.obj)
                0x000000001fffa9e0                z_pend_curr
 .text.z_reschedule
                0x000000001fffaa1c       0x24 zephyr/kernel/libkernel.a(sched.c.obj)
                0x000000001fffaa1c                z_reschedule
 .text.z_sched_start
                0x000000001fffaa40       0x3c zephyr/kernel/libkernel.a(sched.c.obj)
                0x000000001fffaa40                z_sched_start
 .text.z_impl_k_thread_suspend
                0x000000001fffaa7c       0x64 zephyr/kernel/libkernel.a(sched.c.obj)
                0x000000001fffaa7c                z_impl_k_thread_suspend
 .text.k_sched_lock
                0x000000001fffaae0       0x28 zephyr/kernel/libkernel.a(sched.c.obj)
                0x000000001fffaae0                k_sched_lock
 .text.k_sched_unlock
                0x000000001fffab08       0x38 zephyr/kernel/libkernel.a(sched.c.obj)
                0x000000001fffab08                k_sched_unlock
 .text.z_sched_init
                0x000000001fffab40       0x18 zephyr/kernel/libkernel.a(sched.c.obj)
                0x000000001fffab40                z_sched_init
 .text.z_impl_k_yield
                0x000000001fffab58       0x7c zephyr/kernel/libkernel.a(sched.c.obj)
                0x000000001fffab58                z_impl_k_yield
 .text.z_tick_sleep
                0x000000001fffabd4       0x88 zephyr/kernel/libkernel.a(sched.c.obj)
 .text.z_impl_k_sleep
                0x000000001fffac5c       0x30 zephyr/kernel/libkernel.a(sched.c.obj)
                0x000000001fffac5c                z_impl_k_sleep
 .text.z_impl_z_current_get
                0x000000001fffac8c        0xc zephyr/kernel/libkernel.a(sched.c.obj)
                0x000000001fffac8c                z_impl_z_current_get
 .text.z_thread_abort
                0x000000001fffac98       0xc0 zephyr/kernel/libkernel.a(sched.c.obj)
                0x000000001fffac98                z_thread_abort
 .text.z_data_copy
                0x000000001fffad58       0x34 zephyr/kernel/libkernel.a(xip.c.obj)
                0x000000001fffad58                z_data_copy
 .text.elapsed  0x000000001fffad8c       0x14 zephyr/kernel/libkernel.a(timeout.c.obj)
 .text.next_timeout
                0x000000001fffada0       0x40 zephyr/kernel/libkernel.a(timeout.c.obj)
 .text.remove_timeout
                0x000000001fffade0       0x38 zephyr/kernel/libkernel.a(timeout.c.obj)
 .text.z_add_timeout
                0x000000001fffae18       0xec zephyr/kernel/libkernel.a(timeout.c.obj)
                0x000000001fffae18                z_add_timeout
 .text.sys_clock_announce
                0x000000001fffaf04       0xd4 zephyr/kernel/libkernel.a(timeout.c.obj)
                0x000000001fffaf04                sys_clock_announce
 .text.sys_clock_tick_get
                0x000000001fffafd8       0x34 zephyr/kernel/libkernel.a(timeout.c.obj)
                0x000000001fffafd8                sys_clock_tick_get
 .text.k_aligned_alloc
                0x000000001fffb00c       0x10 zephyr/kernel/libkernel.a(mempool.c.obj)
                0x000000001fffb00c                k_aligned_alloc
 .text.k_thread_system_pool_assign
                0x000000001fffb01c        0xc zephyr/kernel/libkernel.a(mempool.c.obj)
                0x000000001fffb01c                k_thread_system_pool_assign
 .text.boot_banner
                0x000000001fffb028        0xc zephyr/kernel/libkernel.a(banner.c.obj)
                0x000000001fffb028                boot_banner
 .text.statics_init
                0x000000001fffb034       0x24 zephyr/kernel/libkernel.a(kheap.c.obj)
 .text._OffsetAbsSyms
                0x000000001fffb058        0x2 zephyr/CMakeFiles/offsets.dir/./arch/arm/core/offsets/offsets.c.obj
                0x000000001fffb058                _OffsetAbsSyms
 .text.new_service_cb
                0x000000001fffb05a        0x2 app/libapp.a(main_remote.c.obj)
 .text.arch_printk_char_out
                0x000000001fffb05c        0x4 zephyr/libzephyr.a(printk.c.obj)
                0x000000001fffb05c                arch_printk_char_out
 .text.printk   0x000000001fffb060       0x1a zephyr/libzephyr.a(printk.c.obj)
                0x000000001fffb060                printk
 .text.z_thread_entry
                0x000000001fffb07a       0x14 zephyr/libzephyr.a(thread_entry.c.obj)
                0x000000001fffb07a                z_thread_entry
 .text.chunk_size
                0x000000001fffb08e        0xa zephyr/libzephyr.a(heap.c.obj)
 .text.free_list_add
                0x000000001fffb098       0x4e zephyr/libzephyr.a(heap.c.obj)
 .text.free_list_remove_bidx
                0x000000001fffb0e6       0x3a zephyr/libzephyr.a(heap.c.obj)
 .text.free_list_remove
                0x000000001fffb120       0x1a zephyr/libzephyr.a(heap.c.obj)
 .text.alloc_chunk
                0x000000001fffb13a       0x6e zephyr/libzephyr.a(heap.c.obj)
 .text.merge_chunks
                0x000000001fffb1a8       0x2c zephyr/libzephyr.a(heap.c.obj)
 .text.split_chunks
                0x000000001fffb1d4       0x34 zephyr/libzephyr.a(heap.c.obj)
 .text.free_chunk
                0x000000001fffb208       0x62 zephyr/libzephyr.a(heap.c.obj)
 .text.sys_heap_free
                0x000000001fffb26a       0x1e zephyr/libzephyr.a(heap.c.obj)
                0x000000001fffb26a                sys_heap_free
 .text.sys_heap_alloc
                0x000000001fffb288       0x52 zephyr/libzephyr.a(heap.c.obj)
                0x000000001fffb288                sys_heap_alloc
 .text.sys_heap_aligned_alloc
                0x000000001fffb2da       0xce zephyr/libzephyr.a(heap.c.obj)
                0x000000001fffb2da                sys_heap_aligned_alloc
 .text.sys_heap_init
                0x000000001fffb3a8       0x70 zephyr/libzephyr.a(heap.c.obj)
                0x000000001fffb3a8                sys_heap_init
 .text.encode_uint
                0x000000001fffb418       0x8c zephyr/libzephyr.a(cbprintf_complete.c.obj)
 .text.outs     0x000000001fffb4a4       0x2e zephyr/libzephyr.a(cbprintf_complete.c.obj)
 .text._ConfigAbsSyms
                0x000000001fffb4d2        0x2 zephyr/libzephyr.a(configs.c.obj)
                0x000000001fffb4d2                _ConfigAbsSyms
 .text.z_arm_fatal_error
                0x000000001fffb4d4        0x4 zephyr/arch/arch/arm/core/aarch32/libarch__arm__core__aarch32.a(fatal.c.obj)
                0x000000001fffb4d4                z_arm_fatal_error
 .text.z_do_kernel_oops
                0x000000001fffb4d8        0x8 zephyr/arch/arch/arm/core/aarch32/libarch__arm__core__aarch32.a(fatal.c.obj)
                0x000000001fffb4d8                z_do_kernel_oops
 .text.z_irq_spurious
                0x000000001fffb4e0        0x8 zephyr/arch/arch/arm/core/aarch32/libarch__arm__core__aarch32.a(irq_manage.c.obj)
                0x000000001fffb4e0                z_irq_spurious
 .text.z_arm_nmi
                0x000000001fffb4e8        0xe zephyr/arch/arch/arm/core/aarch32/libarch__arm__core__aarch32.a(nmi.c.obj)
                0x000000001fffb4e8                z_arm_nmi
 .text.strncpy  0x000000001fffb4f6       0x28 zephyr/lib/libc/minimal/liblib__libc__minimal.a(string.c.obj)
                0x000000001fffb4f6                strncpy
 .text.strlen   0x000000001fffb51e        0xe zephyr/lib/libc/minimal/liblib__libc__minimal.a(string.c.obj)
                0x000000001fffb51e                strlen
 .text.strnlen  0x000000001fffb52c       0x12 zephyr/lib/libc/minimal/liblib__libc__minimal.a(string.c.obj)
                0x000000001fffb52c                strnlen
 .text.strcmp   0x000000001fffb53e       0x18 zephyr/lib/libc/minimal/liblib__libc__minimal.a(string.c.obj)
                0x000000001fffb53e                strcmp
 .text.strncmp  0x000000001fffb556       0x28 zephyr/lib/libc/minimal/liblib__libc__minimal.a(string.c.obj)
                0x000000001fffb556                strncmp
 .text.memcpy   0x000000001fffb57e       0x16 zephyr/lib/libc/minimal/liblib__libc__minimal.a(string.c.obj)
                0x000000001fffb57e                memcpy
 .text.memset   0x000000001fffb594       0x12 zephyr/lib/libc/minimal/liblib__libc__minimal.a(string.c.obj)
                0x000000001fffb594                memset
 .text._stdout_hook_default
                0x000000001fffb5a6        0x6 zephyr/lib/libc/minimal/liblib__libc__minimal.a(stdout_console.c.obj)
 .text.sprintf_out
                0x000000001fffb5ac       0x1a zephyr/lib/libc/minimal/liblib__libc__minimal.a(sprintf.c.obj)
 .text.imx_gpio_port_get_raw
                0x000000001fffb5c6        0xc zephyr/drivers/gpio/libdrivers__gpio.a(gpio_imx.c.obj)
 .text.imx_gpio_port_set_masked_raw
                0x000000001fffb5d2       0x12 zephyr/drivers/gpio/libdrivers__gpio.a(gpio_imx.c.obj)
 .text.imx_gpio_port_set_bits_raw
                0x000000001fffb5e4        0xe zephyr/drivers/gpio/libdrivers__gpio.a(gpio_imx.c.obj)
 .text.imx_gpio_port_clear_bits_raw
                0x000000001fffb5f2       0x10 zephyr/drivers/gpio/libdrivers__gpio.a(gpio_imx.c.obj)
 .text.imx_gpio_port_toggle_bits
                0x000000001fffb602        0xe zephyr/drivers/gpio/libdrivers__gpio.a(gpio_imx.c.obj)
 .text.imx_gpio_pin_interrupt_configure
                0x000000001fffb610       0xd6 zephyr/drivers/gpio/libdrivers__gpio.a(gpio_imx.c.obj)
 .text.imx_gpio_manage_callback
                0x000000001fffb6e6       0x52 zephyr/drivers/gpio/libdrivers__gpio.a(gpio_imx.c.obj)
 .text.imx_gpio_configure
                0x000000001fffb738       0xa0 zephyr/drivers/gpio/libdrivers__gpio.a(gpio_imx.c.obj)
 .text.imx_gpio_0_init
                0x000000001fffb7d8       0x26 zephyr/drivers/gpio/libdrivers__gpio.a(gpio_imx.c.obj)
 .text.imx_gpio_port_isr
                0x000000001fffb7fe       0x32 zephyr/drivers/gpio/libdrivers__gpio.a(gpio_imx.c.obj)
 .text.imx_mu_ipm_max_data_size_get
                0x000000001fffb830        0x4 zephyr/drivers/ipm/libdrivers__ipm.a(ipm_imx.c.obj)
 .text.imx_mu_ipm_max_id_val_get
                0x000000001fffb834        0x4 zephyr/drivers/ipm/libdrivers__ipm.a(ipm_imx.c.obj)
 .text.imx_mu_ipm_register_callback
                0x000000001fffb838        0x8 zephyr/drivers/ipm/libdrivers__ipm.a(ipm_imx.c.obj)
 .text.imx_mu_ipm_set_enabled
                0x000000001fffb840       0x20 zephyr/drivers/ipm/libdrivers__ipm.a(ipm_imx.c.obj)
 .text.imx_mu_init
                0x000000001fffb860       0x1a zephyr/drivers/ipm/libdrivers__ipm.a(ipm_imx.c.obj)
 .text.imx_mu_ipm_send
                0x000000001fffb87a       0x56 zephyr/drivers/ipm/libdrivers__ipm.a(ipm_imx.c.obj)
 .text.imx_mu_config_func_b
                0x000000001fffb8d0       0x16 zephyr/drivers/ipm/libdrivers__ipm.a(ipm_imx.c.obj)
 .text.imx_mu_isr
                0x000000001fffb8e6       0x68 zephyr/drivers/ipm/libdrivers__ipm.a(ipm_imx.c.obj)
 .text.led_gpio_set_brightness
                0x000000001fffb94e       0x42 zephyr/drivers/led/libdrivers__led.a(led_gpio.c.obj)
 .text.led_gpio_on
                0x000000001fffb990        0x6 zephyr/drivers/led/libdrivers__led.a(led_gpio.c.obj)
 .text.led_gpio_off
                0x000000001fffb996        0x6 zephyr/drivers/led/libdrivers__led.a(led_gpio.c.obj)
 .text.led_gpio_init
                0x000000001fffb99c       0x76 zephyr/drivers/led/libdrivers__led.a(led_gpio.c.obj)
 .text.pinctrl_lookup_state
                0x000000001fffba12       0x26 zephyr/drivers/pinctrl/libdrivers__pinctrl.a(common.c.obj)
                0x000000001fffba12                pinctrl_lookup_state
 .text.imx_pinctrl_init
                0x000000001fffba38        0x4 zephyr/drivers/pinctrl/libdrivers__pinctrl.a(pinctrl_imx.c.obj)
 .text.pinctrl_configure_pins
                0x000000001fffba3c       0x42 zephyr/drivers/pinctrl/libdrivers__pinctrl.a(pinctrl_imx.c.obj)
                0x000000001fffba3c                pinctrl_configure_pins
 .text.uart_imx_poll_out
                0x000000001fffba7e       0x10 zephyr/drivers/serial/libdrivers__serial.a(uart_imx.c.obj)
 .text.uart_imx_fifo_fill
                0x000000001fffba8e       0x1e zephyr/drivers/serial/libdrivers__serial.a(uart_imx.c.obj)
 .text.uart_imx_irq_tx_ready
                0x000000001fffbaac        0xe zephyr/drivers/serial/libdrivers__serial.a(uart_imx.c.obj)
 .text.uart_imx_irq_rx_ready
                0x000000001fffbaba        0xe zephyr/drivers/serial/libdrivers__serial.a(uart_imx.c.obj)
 .text.uart_imx_irq_is_pending
                0x000000001fffbac8       0x18 zephyr/drivers/serial/libdrivers__serial.a(uart_imx.c.obj)
 .text.uart_imx_irq_update
                0x000000001fffbae0        0x4 zephyr/drivers/serial/libdrivers__serial.a(uart_imx.c.obj)
 .text.uart_imx_irq_callback_set
                0x000000001fffbae4        0x8 zephyr/drivers/serial/libdrivers__serial.a(uart_imx.c.obj)
 .text.uart_imx_isr
                0x000000001fffbaec        0xc zephyr/drivers/serial/libdrivers__serial.a(uart_imx.c.obj)
                0x000000001fffbaec                uart_imx_isr
 .text.irq_config_func_0
                0x000000001fffbaf8       0x16 zephyr/drivers/serial/libdrivers__serial.a(uart_imx.c.obj)
 .text.uart_imx_init
                0x000000001fffbb0e       0xaa zephyr/drivers/serial/libdrivers__serial.a(uart_imx.c.obj)
 .text.CCM_GetRootDivider
                0x000000001fffbbb8       0x12 modules/hal_nxp/hal_nxp/lib..__modules__hal__nxp.a(ccm_imx7d.c.obj)
                0x000000001fffbbb8                CCM_GetRootDivider
 .text.GPIO_WritePinOutput
                0x000000001fffbbca       0x14 modules/hal_nxp/hal_nxp/lib..__modules__hal__nxp.a(gpio_imx.c.obj)
                0x000000001fffbbca                GPIO_WritePinOutput
 .text.GPIO_SetPinIntMode
                0x000000001fffbbde       0x16 modules/hal_nxp/hal_nxp/lib..__modules__hal__nxp.a(gpio_imx.c.obj)
                0x000000001fffbbde                GPIO_SetPinIntMode
 .text.GPIO_SetIntEdgeSelect
                0x000000001fffbbf4       0x16 modules/hal_nxp/hal_nxp/lib..__modules__hal__nxp.a(gpio_imx.c.obj)
                0x000000001fffbbf4                GPIO_SetIntEdgeSelect
 .text.MU_TrySendMsg
                0x000000001fffbc0a       0x18 modules/hal_nxp/hal_nxp/lib..__modules__hal__nxp.a(mu_imx.c.obj)
                0x000000001fffbc0a                MU_TrySendMsg
 .text.MU_ReceiveMsg
                0x000000001fffbc22       0x18 modules/hal_nxp/hal_nxp/lib..__modules__hal__nxp.a(mu_imx.c.obj)
                0x000000001fffbc22                MU_ReceiveMsg
 .text.UART_Deinit
                0x000000001fffbc3a       0x5e modules/hal_nxp/hal_nxp/lib..__modules__hal__nxp.a(uart_imx.c.obj)
                0x000000001fffbc3a                UART_Deinit
 .text.UART_Init
                0x000000001fffbc98       0x46 modules/hal_nxp/hal_nxp/lib..__modules__hal__nxp.a(uart_imx.c.obj)
                0x000000001fffbc98                UART_Init
 .text.UART_SetIntCmd
                0x000000001fffbcde       0x1e modules/hal_nxp/hal_nxp/lib..__modules__hal__nxp.a(uart_imx.c.obj)
                0x000000001fffbcde                UART_SetIntCmd
 .text.UART_ClearStatusFlag
                0x000000001fffbcfc        0xc modules/hal_nxp/hal_nxp/lib..__modules__hal__nxp.a(uart_imx.c.obj)
                0x000000001fffbcfc                UART_ClearStatusFlag
 .text.UART_SetModemMode
                0x000000001fffbd08       0x16 modules/hal_nxp/hal_nxp/lib..__modules__hal__nxp.a(uart_imx.c.obj)
                0x000000001fffbd08                UART_SetModemMode
 .text.metal_device_open
                0x000000001fffbd1e       0x50 modules/libmetal/libmetal/lib/libmetal.a(device.c.obj)
                0x000000001fffbd1e                metal_device_open
 .text.metal_io_init
                0x000000001fffbd6e       0x54 modules/libmetal/libmetal/lib/libmetal.a(io.c.obj)
                0x000000001fffbd6e                metal_io_init
 .text.metal_io_block_read
                0x000000001fffbdc2       0x72 modules/libmetal/libmetal/lib/libmetal.a(io.c.obj)
                0x000000001fffbdc2                metal_io_block_read
 .text.metal_io_block_write
                0x000000001fffbe34       0x74 modules/libmetal/libmetal/lib/libmetal.a(io.c.obj)
                0x000000001fffbe34                metal_io_block_write
 .text.metal_generic_dev_sys_open
                0x000000001fffbea8        0x4 modules/libmetal/libmetal/lib/libmetal.a(device.c.obj)
                0x000000001fffbea8                metal_generic_dev_sys_open
 .text.metal_io_phys
                0x000000001fffbeac       0x38 modules/open-amp/open-amp/lib/libopen_amp.a(virtqueue.c.obj)
 .text.metal_io_phys_to_virt
                0x000000001fffbee4       0x4e modules/open-amp/open-amp/lib/libopen_amp.a(virtqueue.c.obj)
 .text.virtqueue_create
                0x000000001fffbf32       0x3a modules/open-amp/open-amp/lib/libopen_amp.a(virtqueue.c.obj)
                0x000000001fffbf32                virtqueue_create
 .text.virtqueue_get_buffer_length
                0x000000001fffbf6c        0xa modules/open-amp/open-amp/lib/libopen_amp.a(virtqueue.c.obj)
                0x000000001fffbf6c                virtqueue_get_buffer_length
 .text.virtqueue_get_available_buffer
                0x000000001fffbf76       0x48 modules/open-amp/open-amp/lib/libopen_amp.a(virtqueue.c.obj)
                0x000000001fffbf76                virtqueue_get_available_buffer
 .text.virtqueue_disable_cb
                0x000000001fffbfbe       0x32 modules/open-amp/open-amp/lib/libopen_amp.a(virtqueue.c.obj)
                0x000000001fffbfbe                virtqueue_disable_cb
 .text.virtqueue_kick
                0x000000001fffbff0       0x50 modules/open-amp/open-amp/lib/libopen_amp.a(virtqueue.c.obj)
                0x000000001fffbff0                virtqueue_kick
 .text.virtqueue_notification
                0x000000001fffc040        0xc modules/open-amp/open-amp/lib/libopen_amp.a(virtqueue.c.obj)
                0x000000001fffc040                virtqueue_notification
 .text.__metal_mutex_acquire
                0x000000001fffc04c        0xc modules/open-amp/open-amp/lib/libopen_amp.a(rpmsg.c.obj)
 .text.rpmsg_unregister_endpoint
                0x000000001fffc058       0x52 modules/open-amp/open-amp/lib/libopen_amp.a(rpmsg.c.obj)
 .text.rpmsg_send_ns_message
                0x000000001fffc0aa       0x32 modules/open-amp/open-amp/lib/libopen_amp.a(rpmsg.c.obj)
                0x000000001fffc0aa                rpmsg_send_ns_message
 .text.rpmsg_hold_rx_buffer
                0x000000001fffc0dc       0x10 modules/open-amp/open-amp/lib/libopen_amp.a(rpmsg.c.obj)
                0x000000001fffc0dc                rpmsg_hold_rx_buffer
 .text.rpmsg_release_rx_buffer
                0x000000001fffc0ec       0x10 modules/open-amp/open-amp/lib/libopen_amp.a(rpmsg.c.obj)
                0x000000001fffc0ec                rpmsg_release_rx_buffer
 .text.rpmsg_get_endpoint
                0x000000001fffc0fc       0x76 modules/open-amp/open-amp/lib/libopen_amp.a(rpmsg.c.obj)
                0x000000001fffc0fc                rpmsg_get_endpoint
 .text.rpmsg_destroy_ept
                0x000000001fffc172       0x2e modules/open-amp/open-amp/lib/libopen_amp.a(rpmsg.c.obj)
                0x000000001fffc172                rpmsg_destroy_ept
 .text.rpmsg_virtio_hold_rx_buffer
                0x000000001fffc1a0        0xe modules/open-amp/open-amp/lib/libopen_amp.a(rpmsg_virtio.c.obj)
 .text.rpmsg_virtio_tx_callback
                0x000000001fffc1ae        0x2 modules/open-amp/open-amp/lib/libopen_amp.a(rpmsg_virtio.c.obj)
 .text.k_sem_give
                0x000000001fffc1b0        0x4 modules/open-amp/open-amp/lib/libopen_amp.a(rpmsg_virtio.c.obj)
 .text.__metal_mutex_acquire
                0x000000001fffc1b4        0xc modules/open-amp/open-amp/lib/libopen_amp.a(rpmsg_virtio.c.obj)
 .text.rpmsg_virtio_release_tx_buffer
                0x000000001fffc1c0       0x42 modules/open-amp/open-amp/lib/libopen_amp.a(rpmsg_virtio.c.obj)
 .text.rpmsg_virtio_ns_callback
                0x000000001fffc202       0x98 modules/open-amp/open-amp/lib/libopen_amp.a(rpmsg_virtio.c.obj)
 .text.rpmsg_virtio_send_offchannel_nocopy
                0x000000001fffc29a       0x7a modules/open-amp/open-amp/lib/libopen_amp.a(rpmsg_virtio.c.obj)
 .text.rpmsg_virtio_release_rx_buffer
                0x000000001fffc314       0x46 modules/open-amp/open-amp/lib/libopen_amp.a(rpmsg_virtio.c.obj)
 .text.rpmsg_virtio_rx_callback
                0x000000001fffc35a       0xe0 modules/open-amp/open-amp/lib/libopen_amp.a(rpmsg_virtio.c.obj)
 .text.rpmsg_virtio_get_tx_payload_buffer
                0x000000001fffc43a       0xba modules/open-amp/open-amp/lib/libopen_amp.a(rpmsg_virtio.c.obj)
 .text.rpmsg_virtio_init_shm_pool
                0x000000001fffc4f4        0xe modules/open-amp/open-amp/lib/libopen_amp.a(rpmsg_virtio.c.obj)
                0x000000001fffc4f4                rpmsg_virtio_init_shm_pool
 .text.rpmsg_init_vdev
                0x000000001fffc502       0x12 modules/open-amp/open-amp/lib/libopen_amp.a(rpmsg_virtio.c.obj)
                0x000000001fffc502                rpmsg_init_vdev
 .text.rpmsg_deinit_vdev
                0x000000001fffc514       0x1c modules/open-amp/open-amp/lib/libopen_amp.a(rpmsg_virtio.c.obj)
                0x000000001fffc514                rpmsg_deinit_vdev
 .text.rproc_virtio_virtqueue_notify
                0x000000001fffc530       0x1e modules/open-amp/open-amp/lib/libopen_amp.a(remoteproc_virtio.c.obj)
 .text.rproc_virtio_read_config
                0x000000001fffc54e       0x38 modules/open-amp/open-amp/lib/libopen_amp.a(remoteproc_virtio.c.obj)
 .text.metal_io_read.constprop.0
                0x000000001fffc586       0x50 modules/open-amp/open-amp/lib/libopen_amp.a(remoteproc_virtio.c.obj)
 .text.rproc_virtio_get_status
                0x000000001fffc5d6       0x26 modules/open-amp/open-amp/lib/libopen_amp.a(remoteproc_virtio.c.obj)
 .text.rproc_virtio_get_features
                0x000000001fffc5fc       0x42 modules/open-amp/open-amp/lib/libopen_amp.a(remoteproc_virtio.c.obj)
 .text.rproc_virtio_remove_vdev
                0x000000001fffc63e       0x38 modules/open-amp/open-amp/lib/libopen_amp.a(remoteproc_virtio.c.obj)
                0x000000001fffc63e                rproc_virtio_remove_vdev
 .text.rproc_virtio_init_vring
                0x000000001fffc676       0x30 modules/open-amp/open-amp/lib/libopen_amp.a(remoteproc_virtio.c.obj)
                0x000000001fffc676                rproc_virtio_init_vring
 .text.rproc_virtio_notified
                0x000000001fffc6a6       0x44 modules/open-amp/open-amp/lib/libopen_amp.a(remoteproc_virtio.c.obj)
                0x000000001fffc6a6                rproc_virtio_notified
 .text.rproc_virtio_wait_remote_ready
                0x000000001fffc6ea       0x10 modules/open-amp/open-amp/lib/libopen_amp.a(remoteproc_virtio.c.obj)
                0x000000001fffc6ea                rproc_virtio_wait_remote_ready
 .text.z_device_state_init
                0x000000001fffc6fa        0x2 zephyr/kernel/libkernel.a(device.c.obj)
                0x000000001fffc6fa                z_device_state_init
 .text.z_device_is_ready
                0x000000001fffc6fc       0x16 zephyr/kernel/libkernel.a(device.c.obj)
                0x000000001fffc6fc                z_device_is_ready
 .text.arch_system_halt
                0x000000001fffc712       0x12 zephyr/kernel/libkernel.a(fatal.c.obj)
                0x000000001fffc712                arch_system_halt
 .text.k_sys_fatal_error_handler
                0x000000001fffc724        0x6 zephyr/kernel/libkernel.a(fatal.c.obj)
                0x000000001fffc724                k_sys_fatal_error_handler
 .text.z_fatal_error
                0x000000001fffc72a       0x36 zephyr/kernel/libkernel.a(fatal.c.obj)
                0x000000001fffc72a                z_fatal_error
 .text.z_early_memset
                0x000000001fffc760        0x4 zephyr/kernel/libkernel.a(init.c.obj)
                0x000000001fffc760                z_early_memset
 .text.z_early_memcpy
                0x000000001fffc764        0x4 zephyr/kernel/libkernel.a(init.c.obj)
                0x000000001fffc764                z_early_memcpy
 .text.idle     0x000000001fffc768       0x18 zephyr/kernel/libkernel.a(idle.c.obj)
                0x000000001fffc768                idle
 .text.z_impl_k_sem_init
                0x000000001fffc780       0x18 zephyr/kernel/libkernel.a(sem.c.obj)
                0x000000001fffc780                z_impl_k_sem_init
 .text.sys_dlist_remove
                0x000000001fffc798       0x10 zephyr/kernel/libkernel.a(sched.c.obj)
 .text.unpend_thread_no_timeout
                0x000000001fffc7a8       0x14 zephyr/kernel/libkernel.a(sched.c.obj)
 .text.add_to_waitq_locked
                0x000000001fffc7bc       0x50 zephyr/kernel/libkernel.a(sched.c.obj)
 .text.z_ready_thread
                0x000000001fffc80c       0x20 zephyr/kernel/libkernel.a(sched.c.obj)
                0x000000001fffc80c                z_ready_thread
 .text.z_sched_wake_thread
                0x000000001fffc82c       0x44 zephyr/kernel/libkernel.a(sched.c.obj)
                0x000000001fffc82c                z_sched_wake_thread
 .text.z_thread_timeout
                0x000000001fffc870        0x8 zephyr/kernel/libkernel.a(sched.c.obj)
                0x000000001fffc870                z_thread_timeout
 .text.z_unpend_first_thread
                0x000000001fffc878       0x38 zephyr/kernel/libkernel.a(sched.c.obj)
                0x000000001fffc878                z_unpend_first_thread
 .text.z_unpend_thread
                0x000000001fffc8b0       0x30 zephyr/kernel/libkernel.a(sched.c.obj)
                0x000000001fffc8b0                z_unpend_thread
 .text.z_reschedule_irqlock
                0x000000001fffc8e0       0x18 zephyr/kernel/libkernel.a(sched.c.obj)
                0x000000001fffc8e0                z_reschedule_irqlock
 .text.z_reschedule_unlocked
                0x000000001fffc8f8       0x14 zephyr/kernel/libkernel.a(sched.c.obj)
 .text.z_unpend_all
                0x000000001fffc90c       0x20 zephyr/kernel/libkernel.a(sched.c.obj)
                0x000000001fffc90c                z_unpend_all
 .text.z_abort_timeout
                0x000000001fffc92c       0x2c zephyr/kernel/libkernel.a(timeout.c.obj)
                0x000000001fffc92c                z_abort_timeout
 .text.sys_clock_tick_get_32
                0x000000001fffc958        0x8 zephyr/kernel/libkernel.a(timeout.c.obj)
                0x000000001fffc958                sys_clock_tick_get_32
 .text.sys_clock_timeout_end_calc
                0x000000001fffc960       0x44 zephyr/kernel/libkernel.a(timeout.c.obj)
                0x000000001fffc960                sys_clock_timeout_end_calc
 .text.z_heap_aligned_alloc
                0x000000001fffc9a4       0x26 zephyr/kernel/libkernel.a(mempool.c.obj)
 .text.k_free   0x000000001fffc9ca        0xe zephyr/kernel/libkernel.a(mempool.c.obj)
                0x000000001fffc9ca                k_free
 .text.k_malloc
                0x000000001fffc9d8        0x8 zephyr/kernel/libkernel.a(mempool.c.obj)
                0x000000001fffc9d8                k_malloc
 .text.k_heap_init
                0x000000001fffc9e0       0x10 zephyr/kernel/libkernel.a(kheap.c.obj)
                0x000000001fffc9e0                k_heap_init
 .text.k_heap_aligned_alloc
                0x000000001fffc9f0       0x9a zephyr/kernel/libkernel.a(kheap.c.obj)
                0x000000001fffc9f0                k_heap_aligned_alloc
 .text.k_heap_free
                0x000000001fffca8a       0x3a zephyr/kernel/libkernel.a(kheap.c.obj)
                0x000000001fffca8a                k_heap_free
 *(SORT_BY_ALIGNMENT(.TEXT.*))
 *(SORT_BY_ALIGNMENT(.gnu.linkonce.t.*))
 *(SORT_BY_ALIGNMENT(.glue_7t))
 .glue_7t       0x000000001fffcac4        0x0 linker stubs
 *(SORT_BY_ALIGNMENT(.glue_7))
 .glue_7        0x000000001fffcac4        0x0 linker stubs
 *(SORT_BY_ALIGNMENT(.vfp11_veneer))
 .vfp11_veneer  0x000000001fffcac4        0x0 linker stubs
 *(SORT_BY_ALIGNMENT(.v4_bx))
 .v4_bx         0x000000001fffcac4        0x0 linker stubs
                0x000000001fffcac4                . = ALIGN (0x4)
                0x000000001fffcac4                __text_region_end = .

.ARM.exidx      0x000000001fffcac4        0x8
                0x000000001fffcac4                __exidx_start = .
 *(SORT_BY_ALIGNMENT(.ARM.exidx*) SORT_BY_ALIGNMENT(gnu.linkonce.armexidx.*))
 .ARM.exidx     0x000000001fffcac4        0x8 /home/neuberfran/zephyr-sdk-0.16.0/arm-zephyr-eabi/bin/../lib/gcc/arm-zephyr-eabi/12.2.0/thumb/v7e-m/nofp/libgcc.a(_udivmoddi4.o)
                0x000000001fffcacc                __exidx_end = .
                0x000000001fffcacc                __rodata_region_start = .

initlevel       0x000000001fffcacc       0x50
                0x000000001fffcacc                __init_start = .
                0x000000001fffcacc                __init_EARLY_start = .
 *(SORT_BY_NAME(SORT_BY_ALIGNMENT(.z_init_EARLY[0-9]_*)))
 *(SORT_BY_NAME(SORT_BY_ALIGNMENT(.z_init_EARLY[1-9][0-9]_*)))
                0x000000001fffcacc                __init_PRE_KERNEL_1_start = .
 *(SORT_BY_NAME(SORT_BY_ALIGNMENT(.z_init_PRE_KERNEL_1[0-9]_*)))
 .z_init_PRE_KERNEL_10_
                0x000000001fffcacc        0x8 zephyr/libzephyr.a(soc.c.obj)
 .z_init_PRE_KERNEL_10_
                0x000000001fffcad4        0x8 zephyr/drivers/pinctrl/libdrivers__pinctrl.a(pinctrl_imx.c.obj)
 *(SORT_BY_NAME(SORT_BY_ALIGNMENT(.z_init_PRE_KERNEL_1[1-9][0-9]_*)))
 .z_init_PRE_KERNEL_130_
                0x000000001fffcadc        0x8 zephyr/kernel/libkernel.a(kheap.c.obj)
 .z_init_PRE_KERNEL_140_
                0x000000001fffcae4        0x8 zephyr/drivers/gpio/libdrivers__gpio.a(gpio_imx.c.obj)
 .z_init_PRE_KERNEL_140_
                0x000000001fffcaec        0x8 zephyr/drivers/ipm/libdrivers__ipm.a(ipm_imx.c.obj)
 .z_init_PRE_KERNEL_155_
                0x000000001fffcaf4        0x8 zephyr/drivers/serial/libdrivers__serial.a(uart_imx.c.obj)
 .z_init_PRE_KERNEL_160_
                0x000000001fffcafc        0x8 zephyr/drivers/console/libdrivers__console.a(ram_console.c.obj)
 .z_init_PRE_KERNEL_160_
                0x000000001fffcb04        0x8 zephyr/drivers/console/libdrivers__console.a(uart_console.c.obj)
                0x000000001fffcb0c                __init_PRE_KERNEL_2_start = .
 *(SORT_BY_NAME(SORT_BY_ALIGNMENT(.z_init_PRE_KERNEL_2[0-9]_*)))
 .z_init_PRE_KERNEL_20_
                0x000000001fffcb0c        0x8 zephyr/drivers/timer/libdrivers__timer.a(cortex_m_systick.c.obj)
 *(SORT_BY_NAME(SORT_BY_ALIGNMENT(.z_init_PRE_KERNEL_2[1-9][0-9]_*)))
                0x000000001fffcb14                __init_POST_KERNEL_start = .
 *(SORT_BY_NAME(SORT_BY_ALIGNMENT(.z_init_POST_KERNEL[0-9]_*)))
 *(SORT_BY_NAME(SORT_BY_ALIGNMENT(.z_init_POST_KERNEL[1-9][0-9]_*)))
 .z_init_POST_KERNEL90_
                0x000000001fffcb14        0x8 zephyr/drivers/led/libdrivers__led.a(led_gpio.c.obj)
                0x000000001fffcb1c                __init_APPLICATION_start = .
 *(SORT_BY_NAME(SORT_BY_ALIGNMENT(.z_init_APPLICATION[0-9]_*)))
 *(SORT_BY_NAME(SORT_BY_ALIGNMENT(.z_init_APPLICATION[1-9][0-9]_*)))
                0x000000001fffcb1c                __init_SMP_start = .
 *(SORT_BY_NAME(SORT_BY_ALIGNMENT(.z_init_SMP[0-9]_*)))
 *(SORT_BY_NAME(SORT_BY_ALIGNMENT(.z_init_SMP[1-9][0-9]_*)))
                0x000000001fffcb1c                __init_end = .

devices         0x000000001fffcb1c       0x60
                0x000000001fffcb1c                __device_start = .
                0x000000001fffcb1c                __device_EARLY_start = .
 *(SORT_BY_NAME(SORT_BY_ALIGNMENT(.z_device_EARLY[0-9]_*)))
 *(SORT_BY_NAME(SORT_BY_ALIGNMENT(.z_device_EARLY[1-9][0-9]_*)))
                0x000000001fffcb1c                __device_PRE_KERNEL_1_start = .
 *(SORT_BY_NAME(SORT_BY_ALIGNMENT(.z_device_PRE_KERNEL_1[0-9]_*)))
 *(SORT_BY_NAME(SORT_BY_ALIGNMENT(.z_device_PRE_KERNEL_1[1-9][0-9]_*)))
 .z_device_PRE_KERNEL_140_
                0x000000001fffcb1c       0x18 zephyr/drivers/gpio/libdrivers__gpio.a(gpio_imx.c.obj)
                0x000000001fffcb1c                __device_dts_ord_41
 .z_device_PRE_KERNEL_140_
                0x000000001fffcb34       0x18 zephyr/drivers/ipm/libdrivers__ipm.a(ipm_imx.c.obj)
                0x000000001fffcb34                __device_dts_ord_193
 .z_device_PRE_KERNEL_155_
                0x000000001fffcb4c       0x18 zephyr/drivers/serial/libdrivers__serial.a(uart_imx.c.obj)
                0x000000001fffcb4c                __device_dts_ord_207
                0x000000001fffcb64                __device_PRE_KERNEL_2_start = .
 *(SORT_BY_NAME(SORT_BY_ALIGNMENT(.z_device_PRE_KERNEL_2[0-9]_*)))
 *(SORT_BY_NAME(SORT_BY_ALIGNMENT(.z_device_PRE_KERNEL_2[1-9][0-9]_*)))
                0x000000001fffcb64                __device_POST_KERNEL_start = .
 *(SORT_BY_NAME(SORT_BY_ALIGNMENT(.z_device_POST_KERNEL[0-9]_*)))
 *(SORT_BY_NAME(SORT_BY_ALIGNMENT(.z_device_POST_KERNEL[1-9][0-9]_*)))
 .z_device_POST_KERNEL90_
                0x000000001fffcb64       0x18 zephyr/drivers/led/libdrivers__led.a(led_gpio.c.obj)
                0x000000001fffcb64                __device_dts_ord_5
                0x000000001fffcb7c                __device_APPLICATION_start = .
 *(SORT_BY_NAME(SORT_BY_ALIGNMENT(.z_device_APPLICATION[0-9]_*)))
 *(SORT_BY_NAME(SORT_BY_ALIGNMENT(.z_device_APPLICATION[1-9][0-9]_*)))
                0x000000001fffcb7c                __device_SMP_start = .
 *(SORT_BY_NAME(SORT_BY_ALIGNMENT(.z_device_SMP[0-9]_*)))
 *(SORT_BY_NAME(SORT_BY_ALIGNMENT(.z_device_SMP[1-9][0-9]_*)))
                0x000000001fffcb7c                __device_end = .

sw_isr_table    0x000000001fffcb7c      0x3f8
                0x000000001fffcb7c                . = ALIGN (0x4)
 *(SORT_BY_ALIGNMENT(.gnu.linkonce.sw_isr_table*))
 .gnu.linkonce.sw_isr_table
                0x000000001fffcb7c      0x3f8 zephyr/arch/common/libisr_tables.a(isr_tables.c.obj)
                0x000000001fffcb7c                _sw_isr_table

initlevel_error
                0x000000001fffcacc        0x0
 *(SORT_BY_NAME(SORT_BY_ALIGNMENT(.z_init_[_A-Z0-9]*)))
                0x0000000000000001                ASSERT ((SIZEOF (initlevel_error) == 0x0), Undefined initialization levels used.)

app_shmem_regions
                0x000000001fffcf74        0x0
                0x000000001fffcf74                __app_shmem_regions_start = .
 *(SORT_BY_NAME(SORT_BY_ALIGNMENT(.app_regions.*)))
                0x000000001fffcf74                __app_shmem_regions_end = .

k_p4wq_initparam_area
                0x000000001fffcf74        0x0
                0x000000001fffcf74                _k_p4wq_initparam_list_start = .
 *(SORT_BY_NAME(SORT_BY_ALIGNMENT(._k_p4wq_initparam.static.*)))
                0x000000001fffcf74                _k_p4wq_initparam_list_end = .

_static_thread_data_area
                0x000000001fffcf74        0x0
                0x000000001fffcf74                __static_thread_data_list_start = .
 *(SORT_BY_NAME(SORT_BY_ALIGNMENT(.__static_thread_data.static.*)))
                0x000000001fffcf74                __static_thread_data_list_end = .

device_handles  0x000000001fffcf74       0x6c
                0x000000001fffcf74                __device_handles_start = .
 *(SORT_BY_NAME(SORT_BY_ALIGNMENT(.__device_handles_pass1*)))
 .__device_handles_pass1
                0x000000001fffcf74       0x4c zephyr/drivers/gpio/libdrivers__gpio.a(gpio_imx.c.obj)
                0x000000001fffcf74                __devicehdl_dts_ord_41
 .__device_handles_pass1
                0x000000001fffcfc0        0xa zephyr/drivers/ipm/libdrivers__ipm.a(ipm_imx.c.obj)
                0x000000001fffcfc0                __devicehdl_dts_ord_193
 .__device_handles_pass1
                0x000000001fffcfca        0xa zephyr/drivers/led/libdrivers__led.a(led_gpio.c.obj)
                0x000000001fffcfca                __devicehdl_dts_ord_5
 .__device_handles_pass1
                0x000000001fffcfd4        0xc zephyr/drivers/serial/libdrivers__serial.a(uart_imx.c.obj)
                0x000000001fffcfd4                __devicehdl_dts_ord_207
                0x000000001fffcfe0                __device_handles_end = .

ztest           0x000000001fffcfe0        0x0
                0x000000001fffcfe0                _ztest_expected_result_entry_list_start = .
 *(SORT_BY_NAME(SORT_BY_ALIGNMENT(._ztest_expected_result_entry.static.*)))
                0x000000001fffcfe0                _ztest_expected_result_entry_list_end = .
                0x000000001fffcfe0                _ztest_suite_node_list_start = .
 *(SORT_BY_NAME(SORT_BY_ALIGNMENT(._ztest_suite_node.static.*)))
                0x000000001fffcfe0                _ztest_suite_node_list_end = .
                0x000000001fffcfe0                _ztest_unit_test_list_start = .
 *(SORT_BY_NAME(SORT_BY_ALIGNMENT(._ztest_unit_test.static.*)))
                0x000000001fffcfe0                _ztest_unit_test_list_end = .
                0x000000001fffcfe0                _ztest_test_rule_list_start = .
 *(SORT_BY_NAME(SORT_BY_ALIGNMENT(._ztest_test_rule.static.*)))
                0x000000001fffcfe0                _ztest_test_rule_list_end = .

bt_l2cap_fixed_chan_area
                0x000000001fffcfe0        0x0
                0x000000001fffcfe0                _bt_l2cap_fixed_chan_list_start = .
 *(SORT_BY_NAME(SORT_BY_ALIGNMENT(._bt_l2cap_fixed_chan.static.*)))
                0x000000001fffcfe0                _bt_l2cap_fixed_chan_list_end = .

bt_gatt_service_static_area
                0x000000001fffcfe0        0x0
                0x000000001fffcfe0                _bt_gatt_service_static_list_start = .
 *(SORT_BY_NAME(SORT_BY_ALIGNMENT(._bt_gatt_service_static.static.*)))
                0x000000001fffcfe0                _bt_gatt_service_static_list_end = .

log_strings_sections
                0x000000001fffcfe0        0x0
                0x000000001fffcfe0                __log_strings_start = .
 *(SORT_BY_NAME(SORT_BY_ALIGNMENT(.log_strings*)))
                0x000000001fffcfe0                __log_strings_end = .

log_const_sections
                0x000000001fffcfe0       0x20
                0x000000001fffcfe0                __log_const_start = .
 *(SORT_BY_NAME(SORT_BY_ALIGNMENT(.log_const_*)))
 .log_const_cbprintf_package
                0x000000001fffcfe0        0x8 zephyr/libzephyr.a(cbprintf_packaged.c.obj)
                0x000000001fffcfe0                log_const_cbprintf_package
 .log_const_led_gpio
                0x000000001fffcfe8        0x8 zephyr/drivers/led/libdrivers__led.a(led_gpio.c.obj)
                0x000000001fffcfe8                log_const_led_gpio
 .log_const_openamp_rsc_table
                0x000000001fffcff0        0x8 app/libapp.a(main_remote.c.obj)
                0x000000001fffcff0                log_const_openamp_rsc_table
 .log_const_os  0x000000001fffcff8        0x8 zephyr/kernel/libkernel.a(init.c.obj)
                0x000000001fffcff8                log_const_os
                0x000000001fffd000                __log_const_end = .

log_backend_area
                0x000000001fffd000        0x0
                0x000000001fffd000                _log_backend_list_start = .
 *(SORT_BY_NAME(SORT_BY_ALIGNMENT(._log_backend.static.*)))
                0x000000001fffd000                _log_backend_list_end = .

log_link_area   0x000000001fffd000        0x0
                0x000000001fffd000                _log_link_list_start = .
 *(SORT_BY_NAME(SORT_BY_ALIGNMENT(._log_link.static.*)))
                0x000000001fffd000                _log_link_list_end = .

tracing_backend_area
                0x000000001fffd000        0x0
                0x000000001fffd000                _tracing_backend_list_start = .
 *(SORT_BY_NAME(SORT_BY_ALIGNMENT(._tracing_backend.static.*)))
                0x000000001fffd000                _tracing_backend_list_end = .

zephyr_dbg_info
 *(SORT_BY_ALIGNMENT(.dbg_thread_info))

symbol_to_keep  0x000000001fffd000        0x0
                0x000000001fffd000                __symbol_to_keep_start = .
 *(SORT_BY_NAME(SORT_BY_ALIGNMENT(.symbol_to_keep*)))
                0x000000001fffd000                __symbol_to_keep_end = .

shell_area      0x000000001fffd000        0x0
                0x000000001fffd000                _shell_list_start = .
 *(SORT_BY_NAME(SORT_BY_ALIGNMENT(._shell.static.*)))
                0x000000001fffd000                _shell_list_end = .

shell_root_cmds_sections
                0x000000001fffd000        0x0
                0x000000001fffd000                __shell_root_cmds_start = .
 *(SORT_BY_NAME(SORT_BY_ALIGNMENT(.shell_root_cmd_*)))
                0x000000001fffd000                __shell_root_cmds_end = .

shell_subcmds_sections
                0x000000001fffd000        0x0
                0x000000001fffd000                __shell_subcmds_start = .
 *(SORT_BY_NAME(SORT_BY_ALIGNMENT(.shell_subcmd_*)))
                0x000000001fffd000                __shell_subcmds_end = .

shell_dynamic_subcmds_sections
                0x000000001fffd000        0x0
                0x000000001fffd000                __shell_dynamic_subcmds_start = .
 *(SORT_BY_NAME(SORT_BY_ALIGNMENT(.shell_dynamic_subcmd_*)))
                0x000000001fffd000                __shell_dynamic_subcmds_end = .

font_entry_sections
                0x000000001fffd000        0x0
                0x000000001fffd000                __font_entry_start = .
 *(SORT_BY_NAME(SORT_BY_ALIGNMENT(._cfb_font.*)))
                0x000000001fffd000                __font_entry_end = .

rodata          0x000000001fffd000      0x640
 *(SORT_BY_ALIGNMENT(.rodata))
 .rodata        0x000000001fffd000        0x8 app/libapp.a(main_remote.c.obj)
 *(SORT_BY_ALIGNMENT(.rodata.*))
 .rodata.imx_gpio_0_config
                0x000000001fffd008       0x10 zephyr/drivers/gpio/libdrivers__gpio.a(gpio_imx.c.obj)
 .rodata.mcux_igpio_pinmux_0
                0x000000001fffd018      0x200 zephyr/drivers/gpio/libdrivers__gpio.a(gpio_imx.c.obj)
                0x000000001fffd018                mcux_igpio_pinmux_0
 .rodata.imx_gpio_driver_api
                0x000000001fffd218       0x24 zephyr/drivers/gpio/libdrivers__gpio.a(gpio_imx.c.obj)
 .rodata.imx_mu_b_config
                0x000000001fffd23c        0x8 zephyr/drivers/ipm/libdrivers__ipm.a(ipm_imx.c.obj)
 .rodata.imx_mu_driver_api
                0x000000001fffd244       0x14 zephyr/drivers/ipm/libdrivers__ipm.a(ipm_imx.c.obj)
 .rodata.led_gpio_config_0
                0x000000001fffd258        0x8 zephyr/drivers/led/libdrivers__led.a(led_gpio.c.obj)
 .rodata.gpio_dt_spec_0
                0x000000001fffd260        0x8 zephyr/drivers/led/libdrivers__led.a(led_gpio.c.obj)
 .rodata.led_gpio_api
                0x000000001fffd268       0x1c zephyr/drivers/led/libdrivers__led.a(led_gpio.c.obj)
 .rodata.__pinctrl_dev_config__device_dts_ord_207
                0x000000001fffd284        0x8 zephyr/drivers/serial/libdrivers__serial.a(uart_imx.c.obj)
 .rodata.__pinctrl_states__device_dts_ord_207
                0x000000001fffd28c        0x8 zephyr/drivers/serial/libdrivers__serial.a(uart_imx.c.obj)
 .rodata.__pinctrl_state_pins_0__device_dts_ord_207
                0x000000001fffd294       0x28 zephyr/drivers/serial/libdrivers__serial.a(uart_imx.c.obj)
 .rodata.imx_uart_0_config
                0x000000001fffd2bc       0x14 zephyr/drivers/serial/libdrivers__serial.a(uart_imx.c.obj)
 .rodata.uart_imx_driver_api
                0x000000001fffd2d0       0x4c zephyr/drivers/serial/libdrivers__serial.a(uart_imx.c.obj)
 .rodata.level_strs
                0x000000001fffd31c       0x20 modules/libmetal/libmetal/lib/libmetal.a(log.c.obj)
 .rodata.remoteproc_virtio_dispatch_funcs
                0x000000001fffd33c       0x24 modules/open-amp/open-amp/lib/libopen_amp.a(remoteproc_virtio.c.obj)
 .rodata._k_neg_eagain
                0x000000001fffd360        0x4 zephyr/kernel/libkernel.a(errno.c.obj)
                0x000000001fffd360                _k_neg_eagain
 .rodata.levels.0
                0x000000001fffd364       0x18 zephyr/kernel/libkernel.a(init.c.obj)
 .rodata.app_rpmsg_tty.str1.1
                0x000000001fffd37c       0x6a app/libapp.a(main_remote.c.obj)
 .rodata.app_rpmsg_client_sample.str1.1
                0x000000001fffd3e6       0x7b app/libapp.a(main_remote.c.obj)
 .rodata.platform_init.str1.1
                0x000000001fffd461        0xc app/libapp.a(main_remote.c.obj)
 .rodata.rpmsg_mng_task.str1.1
                0x000000001fffd46d       0x46 app/libapp.a(main_remote.c.obj)
 .rodata.main.str1.1
                0x000000001fffd4b3       0x1f app/libapp.a(main_remote.c.obj)
 .rodata.str1.1
                0x000000001fffd4d2       0x12 app/libapp.a(main_remote.c.obj)
 .rodata.str1.1
                0x000000001fffd4e4       0x11 zephyr/libzephyr.a(cbprintf_packaged.c.obj)
 .rodata.z_cbvprintf_impl.str1.1
                0x000000001fffd4f5        0x6 zephyr/libzephyr.a(cbprintf_complete.c.obj)
 .rodata.str1.1
                0x000000001fffd4fb        0xe zephyr/drivers/gpio/libdrivers__gpio.a(gpio_imx.c.obj)
 .rodata.str1.1
                0x000000001fffd509        0xc zephyr/drivers/ipm/libdrivers__ipm.a(ipm_imx.c.obj)
 .rodata.str1.1
                0x000000001fffd515        0xe zephyr/drivers/led/libdrivers__led.a(led_gpio.c.obj)
 .rodata.str1.1
                0x000000001fffd523        0xe zephyr/drivers/serial/libdrivers__serial.a(uart_imx.c.obj)
 .rodata.CSWTCH.6
                0x000000001fffd531        0x6 modules/hal_nxp/hal_nxp/lib..__modules__hal__nxp.a(uart_imx.c.obj)
 .rodata.metal_bus_unregister.str1.1
                0x000000001fffd537       0x15 modules/libmetal/libmetal/lib/libmetal.a(device.c.obj)
 .rodata.metal_bus_register.str1.1
                0x000000001fffd54c       0x15 modules/libmetal/libmetal/lib/libmetal.a(device.c.obj)
                                         0x13 (size before relaxing)
 .rodata.str1.1
                0x000000001fffd54c        0x8 modules/libmetal/libmetal/lib/libmetal.a(device.c.obj)
 .rodata.metal_zephyr_log_handler.str1.1
                0x000000001fffd54c        0x3 modules/libmetal/libmetal/lib/libmetal.a(log.c.obj)
 .rodata.str1.1
                0x000000001fffd54f       0x98 modules/libmetal/libmetal/lib/libmetal.a(log.c.obj)
 .rodata.rpmsg_register_endpoint.str1.1
                0x000000001fffd5e7       0x98 modules/open-amp/open-amp/lib/libopen_amp.a(rpmsg.c.obj)
                                          0x1 (size before relaxing)
 .rodata.rpmsg_init_vdev_with_config.str1.1
                0x000000001fffd5e7        0xf modules/open-amp/open-amp/lib/libopen_amp.a(rpmsg_virtio.c.obj)
 .rodata.z_cstart.str1.1
                0x000000001fffd5f6        0x5 zephyr/kernel/libkernel.a(init.c.obj)
 .rodata.str1.1
                0x000000001fffd5fb        0x3 zephyr/kernel/libkernel.a(init.c.obj)
 .rodata.boot_banner.str1.1
                0x000000001fffd5fe       0x42 zephyr/kernel/libkernel.a(banner.c.obj)
 *(SORT_BY_ALIGNMENT(.gnu.linkonce.r.*))
                0x000000001fffd680                . = ALIGN (0x4)
                0x000000001fffd640                __rodata_region_end = .
                0x000000001fffd680                . = ALIGN (_region_min_align)
                0x000000001fffd640                __rom_region_end = ((__rom_region_start + .) - ADDR (rom_start))

/DISCARD/
 *(SORT_BY_ALIGNMENT(.got.plt))
 *(SORT_BY_ALIGNMENT(.igot.plt))
 *(SORT_BY_ALIGNMENT(.got))
 *(SORT_BY_ALIGNMENT(.igot))
                0x0000000020000000                . = 0x20000000
                0x0000000020000000                . = ALIGN (_region_min_align)
                0x0000000020000000                _image_ram_start = .

.ramfunc        0x0000000020000000        0x0 load address 0x000000001fffd640
                0x0000000020000000                . = ALIGN (_region_min_align)
                0x0000000020000000                __ramfunc_start = .
 *(SORT_BY_ALIGNMENT(.ramfunc))
 *(SORT_BY_ALIGNMENT(.ramfunc.*))
                0x0000000020000000                . = ALIGN (_region_min_align)
                0x0000000020000000                __ramfunc_end = .
                0x0000000000000000                __ramfunc_size = (__ramfunc_end - __ramfunc_start)
                0x000000001fffd640                __ramfunc_load_start = LOADADDR (.ramfunc)

datas           0x0000000020000000       0xd4 load address 0x000000001fffd640
                0x0000000020000000                __data_region_start = .
                0x0000000020000000                __data_start = .
 *(SORT_BY_ALIGNMENT(.data))
 *(SORT_BY_ALIGNMENT(.data.*))
 .data.sc_msg   0x0000000020000000        0x8 app/libapp.a(main_remote.c.obj)
 .data.shm_device
                0x0000000020000008       0x8c app/libapp.a(main_remote.c.obj)
                0x0000000020000008                shm_device
 .data.shm_physmap
                0x0000000020000094        0x4 app/libapp.a(main_remote.c.obj)
 .data._char_out
                0x0000000020000098        0x4 zephyr/libzephyr.a(printk.c.obj)
                0x0000000020000098                _char_out
 .data._stdout_hook
                0x000000002000009c        0x4 zephyr/lib/libc/minimal/liblib__libc__minimal.a(stdout_console.c.obj)
 .data.metal_generic_bus
                0x00000000200000a0       0x2c modules/libmetal/libmetal/lib/libmetal.a(device.c.obj)
                0x00000000200000a0                metal_generic_bus
 .data.timeout_list
                0x00000000200000cc        0x8 zephyr/kernel/libkernel.a(timeout.c.obj)
 *(SORT_BY_ALIGNMENT(.kernel.*))
                0x00000000200000d4                __data_end = .
                0x00000000000000d4                __data_size = (__data_end - __data_start)
                0x000000001fffd640                __data_load_start = LOADADDR (datas)
                0x000000001fffd640                __data_region_load_start = LOADADDR (datas)

device_states   0x00000000200000d4        0x8 load address 0x000000001fffd714
                0x00000000200000d4                __device_states_start = .
 *(SORT_BY_ALIGNMENT(.z_devstate))
 .z_devstate    0x00000000200000d4        0x2 zephyr/drivers/gpio/libdrivers__gpio.a(gpio_imx.c.obj)
 .z_devstate    0x00000000200000d6        0x2 zephyr/drivers/ipm/libdrivers__ipm.a(ipm_imx.c.obj)
 .z_devstate    0x00000000200000d8        0x2 zephyr/drivers/led/libdrivers__led.a(led_gpio.c.obj)
 .z_devstate    0x00000000200000da        0x2 zephyr/drivers/serial/libdrivers__serial.a(uart_imx.c.obj)
 *(SORT_BY_ALIGNMENT(.z_devstate.*))
                0x00000000200000dc                __device_states_end = .

initshell       0x00000000200000dc        0x0 load address 0x000000001fffd71c
                0x00000000200000dc                __shell_module_start = .
 *(SORT_BY_ALIGNMENT(.shell_module_*))
                0x00000000200000dc                __shell_module_end = .
                0x00000000200000dc                __shell_cmd_start = .
 *(SORT_BY_ALIGNMENT(.shell_cmd_*))
                0x00000000200000dc                __shell_cmd_end = .

log_mpsc_pbuf_area
                0x00000000200000dc        0x0 load address 0x000000001fffd71c
                0x00000000200000dc                _log_mpsc_pbuf_list_start = .
 *(SORT_BY_NAME(SORT_BY_ALIGNMENT(._log_mpsc_pbuf.static.*)))
                0x00000000200000dc                _log_mpsc_pbuf_list_end = .

log_msg_ptr_area
                0x00000000200000dc        0x0 load address 0x000000001fffd71c
                0x00000000200000dc                _log_msg_ptr_list_start = .
 *(SORT_BY_NAME(SORT_BY_ALIGNMENT(._log_msg_ptr.static.*)))
                0x00000000200000dc                _log_msg_ptr_list_end = .

log_dynamic_sections
                0x00000000200000dc        0x0 load address 0x000000001fffd71c
                0x00000000200000dc                __log_dynamic_start = .
 *(SORT_BY_NAME(SORT_BY_ALIGNMENT(.log_dynamic_*)))
                0x00000000200000dc                __log_dynamic_end = .

k_timer_area    0x00000000200000dc        0x0 load address 0x000000001fffd71c
                0x00000000200000dc                _k_timer_list_start = .
 *(SORT_BY_NAME(SORT_BY_ALIGNMENT(._k_timer.static.*)))
                0x00000000200000dc                _k_timer_list_end = .

k_mem_slab_area
                0x00000000200000dc        0x0 load address 0x000000001fffd71c
                0x00000000200000dc                _k_mem_slab_list_start = .
 *(SORT_BY_NAME(SORT_BY_ALIGNMENT(._k_mem_slab.static.*)))
                0x00000000200000dc                _k_mem_slab_list_end = .

k_heap_area     0x00000000200000dc       0x14 load address 0x000000001fffd71c
                0x00000000200000dc                _k_heap_list_start = .
 *(SORT_BY_NAME(SORT_BY_ALIGNMENT(._k_heap.static.*)))
 ._k_heap.static._system_heap
                0x00000000200000dc       0x14 zephyr/kernel/libkernel.a(mempool.c.obj)
                0x00000000200000dc                _system_heap
                0x00000000200000f0                _k_heap_list_end = .

k_mutex_area    0x00000000200000f0        0x0 load address 0x000000001fffd730
                0x00000000200000f0                _k_mutex_list_start = .
 *(SORT_BY_NAME(SORT_BY_ALIGNMENT(._k_mutex.static.*)))
                0x00000000200000f0                _k_mutex_list_end = .

k_stack_area    0x00000000200000f0        0x0 load address 0x000000001fffd730
                0x00000000200000f0                _k_stack_list_start = .
 *(SORT_BY_NAME(SORT_BY_ALIGNMENT(._k_stack.static.*)))
                0x00000000200000f0                _k_stack_list_end = .

k_msgq_area     0x00000000200000f0        0x0 load address 0x000000001fffd730
                0x00000000200000f0                _k_msgq_list_start = .
 *(SORT_BY_NAME(SORT_BY_ALIGNMENT(._k_msgq.static.*)))
                0x00000000200000f0                _k_msgq_list_end = .

k_mbox_area     0x00000000200000f0        0x0 load address 0x000000001fffd730
                0x00000000200000f0                _k_mbox_list_start = .
 *(SORT_BY_NAME(SORT_BY_ALIGNMENT(._k_mbox.static.*)))
                0x00000000200000f0                _k_mbox_list_end = .

k_pipe_area     0x00000000200000f0        0x0 load address 0x000000001fffd730
                0x00000000200000f0                _k_pipe_list_start = .
 *(SORT_BY_NAME(SORT_BY_ALIGNMENT(._k_pipe.static.*)))
                0x00000000200000f0                _k_pipe_list_end = .

k_sem_area      0x00000000200000f0       0x30 load address 0x000000001fffd730
                0x00000000200000f0                _k_sem_list_start = .
 *(SORT_BY_NAME(SORT_BY_ALIGNMENT(._k_sem.static.*)))
 ._k_sem.static.data_sc_sem
                0x00000000200000f0       0x10 app/libapp.a(main_remote.c.obj)
 ._k_sem.static.data_sem
                0x0000000020000100       0x10 app/libapp.a(main_remote.c.obj)
 ._k_sem.static.data_tty_sem
                0x0000000020000110       0x10 app/libapp.a(main_remote.c.obj)
                0x0000000020000120                _k_sem_list_end = .

k_event_area    0x0000000020000120        0x0 load address 0x000000001fffd760
                0x0000000020000120                _k_event_list_start = .
 *(SORT_BY_NAME(SORT_BY_ALIGNMENT(._k_event.static.*)))
                0x0000000020000120                _k_event_list_end = .

k_queue_area    0x0000000020000120        0x0 load address 0x000000001fffd760
                0x0000000020000120                _k_queue_list_start = .
 *(SORT_BY_NAME(SORT_BY_ALIGNMENT(._k_queue.static.*)))
                0x0000000020000120                _k_queue_list_end = .

k_condvar_area  0x0000000020000120        0x0 load address 0x000000001fffd760
                0x0000000020000120                _k_condvar_list_start = .
 *(SORT_BY_NAME(SORT_BY_ALIGNMENT(._k_condvar.static.*)))
                0x0000000020000120                _k_condvar_list_end = .

_net_buf_pool_area
                0x0000000020000120        0x0 load address 0x000000001fffd760
                0x0000000020000120                _net_buf_pool_list = .
 *(SORT_BY_NAME(SORT_BY_ALIGNMENT(._net_buf_pool.static.*)))
                0x0000000020000120                __data_region_end = .

bss             0x0000000020000120      0x83f
                0x0000000020000120                . = ALIGN (0x4)
                0x0000000020000120                __bss_start = .
                0x0000000020000120                __kernel_ram_start = .
 *(SORT_BY_ALIGNMENT(.bss))
 *(SORT_BY_ALIGNMENT(.bss.*))
 .bss.thread_tty_data
                0x0000000020000120       0x70 app/libapp.a(main_remote.c.obj)
 .bss.thread_rp__client_data
                0x0000000020000190       0x70 app/libapp.a(main_remote.c.obj)
 .bss.thread_mng_data
                0x0000000020000200       0x70 app/libapp.a(main_remote.c.obj)
 .bss.z_idle_threads
                0x0000000020000270       0x70 zephyr/kernel/libkernel.a(init.c.obj)
                0x0000000020000270                z_idle_threads
 .bss.z_main_thread
                0x00000000200002e0       0x70 zephyr/kernel/libkernel.a(init.c.obj)
                0x00000000200002e0                z_main_thread
 .bss.slice_timeouts
                0x0000000020000350       0x18 zephyr/kernel/libkernel.a(sched.c.obj)
 .bss.curr_tick
                0x0000000020000368        0x8 zephyr/kernel/libkernel.a(timeout.c.obj)
 .bss.tty_msg   0x0000000020000370        0x8 app/libapp.a(main_remote.c.obj)
 .bss.tty_ept   0x0000000020000378       0x40 app/libapp.a(main_remote.c.obj)
 .bss.sc_ept    0x00000000200003b8       0x40 app/libapp.a(main_remote.c.obj)
 .bss.rpdev     0x00000000200003f8        0x4 app/libapp.a(main_remote.c.obj)
 .bss.rsc_table
                0x00000000200003fc        0x4 app/libapp.a(main_remote.c.obj)
 .bss.rvdev     0x0000000020000400       0xb4 app/libapp.a(main_remote.c.obj)
 .bss.rsc_io    0x00000000200004b4        0x4 app/libapp.a(main_remote.c.obj)
 .bss.shpool    0x00000000200004b8        0xc app/libapp.a(main_remote.c.obj)
 .bss.shm_io    0x00000000200004c4        0x4 app/libapp.a(main_remote.c.obj)
 .bss.pos       0x00000000200004c8        0x4 zephyr/drivers/console/libdrivers__console.a(ram_console.c.obj)
 .bss.imx_gpio_0_data
                0x00000000200004cc        0xc zephyr/drivers/gpio/libdrivers__gpio.a(gpio_imx.c.obj)
 .bss.imx_mu_b_data
                0x00000000200004d8        0x8 zephyr/drivers/ipm/libdrivers__ipm.a(ipm_imx.c.obj)
 .bss.imx_uart_0_data
                0x00000000200004e0        0x8 zephyr/drivers/serial/libdrivers__serial.a(uart_imx.c.obj)
 .bss.overflow_cyc
                0x00000000200004e8        0x4 zephyr/drivers/timer/libdrivers__timer.a(cortex_m_systick.c.obj)
 .bss.announced_cycles
                0x00000000200004ec        0x4 zephyr/drivers/timer/libdrivers__timer.a(cortex_m_systick.c.obj)
 .bss.cycle_count
                0x00000000200004f0        0x4 zephyr/drivers/timer/libdrivers__timer.a(cortex_m_systick.c.obj)
 .bss.last_load
                0x00000000200004f4        0x4 zephyr/drivers/timer/libdrivers__timer.a(cortex_m_systick.c.obj)
 .bss._metal    0x00000000200004f8       0x20 modules/libmetal/libmetal/lib/libmetal.a(init.c.obj)
                0x00000000200004f8                _metal
 .bss._kernel   0x0000000020000518       0x20 zephyr/kernel/libkernel.a(init.c.obj)
                0x0000000020000518                _kernel
 .bss.pending_current
                0x0000000020000538        0x4 zephyr/kernel/libkernel.a(sched.c.obj)
 .bss.slice_max_prio
                0x000000002000053c        0x4 zephyr/kernel/libkernel.a(sched.c.obj)
 .bss.slice_ticks
                0x0000000020000540        0x4 zephyr/kernel/libkernel.a(sched.c.obj)
 .bss.announce_remaining
                0x0000000020000544        0x4 zephyr/kernel/libkernel.a(timeout.c.obj)
 .bss.rx_sc_msg
                0x0000000020000548       0x14 app/libapp.a(main_remote.c.obj)
 .bss.ram_console
                0x000000002000055c      0x401 zephyr/drivers/console/libdrivers__console.a(ram_console.c.obj)
                0x000000002000055c                ram_console
 .bss.z_sys_post_kernel
                0x000000002000095d        0x1 zephyr/kernel/libkernel.a(init.c.obj)
                0x000000002000095d                z_sys_post_kernel
 .bss.lock      0x000000002000095e        0x0 zephyr/kernel/libkernel.a(sem.c.obj)
 .bss.slice_expired
                0x000000002000095e        0x1 zephyr/kernel/libkernel.a(sched.c.obj)
 .bss.sched_spinlock
                0x000000002000095f        0x0 zephyr/kernel/libkernel.a(sched.c.obj)
                0x000000002000095f                sched_spinlock
 *(SORT_BY_ALIGNMENT(COMMON))
 *(SORT_BY_ALIGNMENT(.kernel_bss.*))
                0x0000000020000960                __bss_end = ALIGN (0x4)

noinit          0x0000000020000960     0x1940
 *(SORT_BY_ALIGNMENT(.noinit))
 *(SORT_BY_ALIGNMENT(.noinit.*))
 .noinit."WEST_TOPDIR/zephyr/boards/arm/pico_pi_m4/openamp_rsc_table/src/main_remote.c".2
                0x0000000020000960      0x400 app/libapp.a(main_remote.c.obj)
                0x0000000020000960                thread_tty_stack
 .noinit."WEST_TOPDIR/zephyr/boards/arm/pico_pi_m4/openamp_rsc_table/src/main_remote.c".1
                0x0000000020000d60      0x200 app/libapp.a(main_remote.c.obj)
                0x0000000020000d60                thread_rp__client_stack
 .noinit."WEST_TOPDIR/zephyr/boards/arm/pico_pi_m4/openamp_rsc_table/src/main_remote.c".0
                0x0000000020000f60      0x200 app/libapp.a(main_remote.c.obj)
                0x0000000020000f60                thread_mng_stack
 .noinit."WEST_TOPDIR/zephyr/kernel/init.c".2
                0x0000000020001160      0x800 zephyr/kernel/libkernel.a(init.c.obj)
                0x0000000020001160                z_interrupt_stacks
 .noinit."WEST_TOPDIR/zephyr/kernel/init.c".1
                0x0000000020001960      0x140 zephyr/kernel/libkernel.a(init.c.obj)
 .noinit."WEST_TOPDIR/zephyr/kernel/init.c".0
                0x0000000020001aa0      0x400 zephyr/kernel/libkernel.a(init.c.obj)
                0x0000000020001aa0                z_main_stack
 .noinit."WEST_TOPDIR/zephyr/kernel/mempool.c".kheap_buf__system_heap
                0x0000000020001ea0      0x400 zephyr/kernel/libkernel.a(mempool.c.obj)
                0x0000000020001ea0                kheap__system_heap
 *(SORT_BY_ALIGNMENT(.kernel_noinit.*))
                0x00000000200022a0                _image_ram_end = .
                0x00000000200022a0                _end = .
                0x0000000020008000                __kernel_ram_end = 0x20008000
                0x0000000000007ee0                __kernel_ram_size = (__kernel_ram_end - __kernel_ram_start)

.intList        0x00000000fffff800       0x48
 *(SORT_BY_ALIGNMENT(.irq_info*))
 .irq_info      0x00000000fffff800        0x8 zephyr/arch/common/libisr_tables.a(isr_tables.c.obj)
                0x00000000fffff800                _iheader
 *(SORT_BY_ALIGNMENT(.intList*))
 .intList       0x00000000fffff808       0x20 zephyr/drivers/gpio/libdrivers__gpio.a(gpio_imx.c.obj)
 .intList       0x00000000fffff828       0x10 zephyr/drivers/ipm/libdrivers__ipm.a(ipm_imx.c.obj)
 .intList       0x00000000fffff838       0x10 zephyr/drivers/serial/libdrivers__serial.a(uart_imx.c.obj)

.resource_table
                0x00000000fffff848       0x8c
 .resource_table
                0x00000000fffff848       0x8c zephyr/libzephyr.a(resource_table.c.obj)

.stab
 *(SORT_BY_ALIGNMENT(.stab))

.stabstr
 *(SORT_BY_ALIGNMENT(.stabstr))

.stab.excl
 *(SORT_BY_ALIGNMENT(.stab.excl))

.stab.exclstr
 *(SORT_BY_ALIGNMENT(.stab.exclstr))

.stab.index
 *(SORT_BY_ALIGNMENT(.stab.index))

.stab.indexstr
 *(SORT_BY_ALIGNMENT(.stab.indexstr))

.gnu.build.attributes
 *(SORT_BY_ALIGNMENT(.gnu.build.attributes) SORT_BY_ALIGNMENT(.gnu.build.attributes.*))

.comment        0x0000000000000000       0x20
 *(SORT_BY_ALIGNMENT(.comment))
 .comment       0x0000000000000000       0x20 zephyr/CMakeFiles/offsets.dir/./arch/arm/core/offsets/offsets.c.obj
                                         0x21 (size before relaxing)
 .comment       0x0000000000000020       0x21 app/libapp.a(main_remote.c.obj)
 .comment       0x0000000000000020       0x21 zephyr/libzephyr.a(cbprintf_packaged.c.obj)
 .comment       0x0000000000000020       0x21 zephyr/libzephyr.a(printk.c.obj)
 .comment       0x0000000000000020       0x21 zephyr/libzephyr.a(thread_entry.c.obj)
 .comment       0x0000000000000020       0x21 zephyr/libzephyr.a(heap.c.obj)
 .comment       0x0000000000000020       0x21 zephyr/libzephyr.a(cbprintf_complete.c.obj)
 .comment       0x0000000000000020       0x21 zephyr/libzephyr.a(resource_table.c.obj)
 .comment       0x0000000000000020       0x21 zephyr/libzephyr.a(configs.c.obj)
 .comment       0x0000000000000020       0x21 zephyr/libzephyr.a(soc.c.obj)
 .comment       0x0000000000000020       0x21 zephyr/arch/arch/arm/core/aarch32/libarch__arm__core__aarch32.a(fatal.c.obj)
 .comment       0x0000000000000020       0x21 zephyr/arch/arch/arm/core/aarch32/libarch__arm__core__aarch32.a(irq_manage.c.obj)
 .comment       0x0000000000000020       0x21 zephyr/arch/arch/arm/core/aarch32/libarch__arm__core__aarch32.a(nmi.c.obj)
 .comment       0x0000000000000020       0x21 zephyr/arch/arch/arm/core/aarch32/libarch__arm__core__aarch32.a(prep_c.c.obj)
 .comment       0x0000000000000020       0x21 zephyr/arch/arch/arm/core/aarch32/libarch__arm__core__aarch32.a(swap.c.obj)
 .comment       0x0000000000000020       0x21 zephyr/arch/arch/arm/core/aarch32/libarch__arm__core__aarch32.a(thread.c.obj)
 .comment       0x0000000000000020       0x21 zephyr/arch/arch/arm/core/aarch32/cortex_m/libarch__arm__core__aarch32__cortex_m.a(fault.c.obj)
 .comment       0x0000000000000020       0x21 zephyr/arch/arch/arm/core/aarch32/cortex_m/libarch__arm__core__aarch32__cortex_m.a(irq_init.c.obj)
 .comment       0x0000000000000020       0x21 zephyr/arch/arch/arm/core/aarch32/cortex_m/libarch__arm__core__aarch32__cortex_m.a(thread_abort.c.obj)
 .comment       0x0000000000000020       0x21 zephyr/lib/libc/minimal/liblib__libc__minimal.a(string.c.obj)
 .comment       0x0000000000000020       0x21 zephyr/lib/libc/minimal/liblib__libc__minimal.a(stdout_console.c.obj)
 .comment       0x0000000000000020       0x21 zephyr/lib/libc/minimal/liblib__libc__minimal.a(sprintf.c.obj)
 .comment       0x0000000000000020       0x21 zephyr/drivers/console/libdrivers__console.a(ram_console.c.obj)
 .comment       0x0000000000000020       0x21 zephyr/drivers/console/libdrivers__console.a(uart_console.c.obj)
 .comment       0x0000000000000020       0x21 zephyr/drivers/gpio/libdrivers__gpio.a(gpio_imx.c.obj)
 .comment       0x0000000000000020       0x21 zephyr/drivers/ipm/libdrivers__ipm.a(ipm_imx.c.obj)
 .comment       0x0000000000000020       0x21 zephyr/drivers/led/libdrivers__led.a(led_gpio.c.obj)
 .comment       0x0000000000000020       0x21 zephyr/drivers/pinctrl/libdrivers__pinctrl.a(common.c.obj)
 .comment       0x0000000000000020       0x21 zephyr/drivers/pinctrl/libdrivers__pinctrl.a(pinctrl_imx.c.obj)
 .comment       0x0000000000000020       0x21 zephyr/drivers/serial/libdrivers__serial.a(uart_imx.c.obj)
 .comment       0x0000000000000020       0x21 zephyr/drivers/timer/libdrivers__timer.a(cortex_m_systick.c.obj)
 .comment       0x0000000000000020       0x21 modules/hal_nxp/hal_nxp/lib..__modules__hal__nxp.a(ccm_imx7d.c.obj)
 .comment       0x0000000000000020       0x21 modules/hal_nxp/hal_nxp/lib..__modules__hal__nxp.a(ccm_analog_imx7d.c.obj)
 .comment       0x0000000000000020       0x21 modules/hal_nxp/hal_nxp/lib..__modules__hal__nxp.a(gpio_imx.c.obj)
 .comment       0x0000000000000020       0x21 modules/hal_nxp/hal_nxp/lib..__modules__hal__nxp.a(mu_imx.c.obj)
 .comment       0x0000000000000020       0x21 modules/hal_nxp/hal_nxp/lib..__modules__hal__nxp.a(uart_imx.c.obj)
 .comment       0x0000000000000020       0x21 modules/hal_nxp/hal_nxp/lib..__modules__hal__nxp.a(clock_freq.c.obj)
 .comment       0x0000000000000020       0x21 modules/libmetal/libmetal/lib/libmetal.a(device.c.obj)
 .comment       0x0000000000000020       0x21 modules/libmetal/libmetal/lib/libmetal.a(init.c.obj)
 .comment       0x0000000000000020       0x21 modules/libmetal/libmetal/lib/libmetal.a(io.c.obj)
 .comment       0x0000000000000020       0x21 modules/libmetal/libmetal/lib/libmetal.a(device.c.obj)
 .comment       0x0000000000000020       0x21 modules/libmetal/libmetal/lib/libmetal.a(init.c.obj)
 .comment       0x0000000000000020       0x21 modules/libmetal/libmetal/lib/libmetal.a(log.c.obj)
 .comment       0x0000000000000020       0x21 modules/open-amp/open-amp/lib/libopen_amp.a(virtio.c.obj)
 .comment       0x0000000000000020       0x21 modules/open-amp/open-amp/lib/libopen_amp.a(virtqueue.c.obj)
 .comment       0x0000000000000020       0x21 modules/open-amp/open-amp/lib/libopen_amp.a(rpmsg.c.obj)
 .comment       0x0000000000000020       0x21 modules/open-amp/open-amp/lib/libopen_amp.a(rpmsg_virtio.c.obj)
 .comment       0x0000000000000020       0x21 modules/open-amp/open-amp/lib/libopen_amp.a(remoteproc_virtio.c.obj)
 .comment       0x0000000000000020       0x21 zephyr/kernel/libkernel.a(device.c.obj)
 .comment       0x0000000000000020       0x21 zephyr/kernel/libkernel.a(errno.c.obj)
 .comment       0x0000000000000020       0x21 zephyr/kernel/libkernel.a(fatal.c.obj)
 .comment       0x0000000000000020       0x21 zephyr/kernel/libkernel.a(init.c.obj)
 .comment       0x0000000000000020       0x21 zephyr/kernel/libkernel.a(thread.c.obj)
 .comment       0x0000000000000020       0x21 zephyr/kernel/libkernel.a(idle.c.obj)
 .comment       0x0000000000000020       0x21 zephyr/kernel/libkernel.a(sem.c.obj)
 .comment       0x0000000000000020       0x21 zephyr/kernel/libkernel.a(sched.c.obj)
 .comment       0x0000000000000020       0x21 zephyr/kernel/libkernel.a(xip.c.obj)
 .comment       0x0000000000000020       0x21 zephyr/kernel/libkernel.a(timeout.c.obj)
 .comment       0x0000000000000020       0x21 zephyr/kernel/libkernel.a(mempool.c.obj)
 .comment       0x0000000000000020       0x21 zephyr/kernel/libkernel.a(banner.c.obj)
 .comment       0x0000000000000020       0x21 zephyr/kernel/libkernel.a(kheap.c.obj)
 .comment       0x0000000000000020       0x21 zephyr/arch/common/libisr_tables.a(isr_tables.c.obj)

.debug
 *(SORT_BY_ALIGNMENT(.debug))

.line
 *(SORT_BY_ALIGNMENT(.line))

.debug_srcinfo
 *(SORT_BY_ALIGNMENT(.debug_srcinfo))

.debug_sfnames
 *(SORT_BY_ALIGNMENT(.debug_sfnames))

.debug_aranges  0x0000000000000000     0x1400
 *(SORT_BY_ALIGNMENT(.debug_aranges))
 .debug_aranges
                0x0000000000000000       0x30 zephyr/arch/arch/arm/core/aarch32/libarch__arm__core__aarch32.a(cpu_idle.S.obj)
 .debug_aranges
                0x0000000000000030       0x20 zephyr/arch/arch/arm/core/aarch32/libarch__arm__core__aarch32.a(nmi_on_reset.S.obj)
 .debug_aranges
                0x0000000000000050       0x28 zephyr/arch/arch/arm/core/aarch32/libarch__arm__core__aarch32.a(swap_helper.S.obj)
 .debug_aranges
                0x0000000000000078       0x20 zephyr/arch/arch/arm/core/aarch32/libarch__arm__core__aarch32.a(isr_wrapper.S.obj)
 .debug_aranges
                0x0000000000000098       0x20 zephyr/arch/arch/arm/core/aarch32/cortex_m/libarch__arm__core__aarch32__cortex_m.a(exc_exit.S.obj)
 .debug_aranges
                0x00000000000000b8       0x20 zephyr/arch/arch/arm/core/aarch32/cortex_m/libarch__arm__core__aarch32__cortex_m.a(fault_s.S.obj)
 .debug_aranges
                0x00000000000000d8       0x20 zephyr/arch/arch/arm/core/aarch32/cortex_m/libarch__arm__core__aarch32__cortex_m.a(reset.S.obj)
 .debug_aranges
                0x00000000000000f8       0x20 zephyr/CMakeFiles/offsets.dir/./arch/arm/core/offsets/offsets.c.obj
 .debug_aranges
                0x0000000000000118       0x70 app/libapp.a(main_remote.c.obj)
 .debug_aranges
                0x0000000000000188       0x40 zephyr/libzephyr.a(cbprintf_packaged.c.obj)
 .debug_aranges
                0x00000000000001c8       0x68 zephyr/libzephyr.a(printk.c.obj)
 .debug_aranges
                0x0000000000000230       0x20 zephyr/libzephyr.a(thread_entry.c.obj)
 .debug_aranges
                0x0000000000000250       0x88 zephyr/libzephyr.a(heap.c.obj)
 .debug_aranges
                0x00000000000002d8       0x30 zephyr/libzephyr.a(cbprintf_complete.c.obj)
 .debug_aranges
                0x0000000000000308       0x20 zephyr/libzephyr.a(resource_table.c.obj)
 .debug_aranges
                0x0000000000000328       0x20 zephyr/libzephyr.a(configs.c.obj)
 .debug_aranges
                0x0000000000000348       0x30 zephyr/libzephyr.a(soc.c.obj)
 .debug_aranges
                0x0000000000000378       0x30 zephyr/arch/arch/arm/core/aarch32/libarch__arm__core__aarch32.a(fatal.c.obj)
 .debug_aranges
                0x00000000000003a8       0x40 zephyr/arch/arch/arm/core/aarch32/libarch__arm__core__aarch32.a(irq_manage.c.obj)
 .debug_aranges
                0x00000000000003e8       0x20 zephyr/arch/arch/arm/core/aarch32/libarch__arm__core__aarch32.a(nmi.c.obj)
 .debug_aranges
                0x0000000000000408       0x20 zephyr/arch/arch/arm/core/aarch32/libarch__arm__core__aarch32.a(prep_c.c.obj)
 .debug_aranges
                0x0000000000000428       0x20 zephyr/arch/arch/arm/core/aarch32/libarch__arm__core__aarch32.a(swap.c.obj)
 .debug_aranges