Archive member included to satisfy reference by file (symbol)

app/libapp.a(main.c.obj)      (--whole-archive)
zephyr/libzephyr.a(cbprintf_packaged.c.obj)
                              (--whole-archive)
zephyr/libzephyr.a(dec.c.obj)
                              (--whole-archive)
zephyr/libzephyr.a(fdtable.c.obj)
                              (--whole-archive)
zephyr/libzephyr.a(hex.c.obj)
                              (--whole-archive)
zephyr/libzephyr.a(printk.c.obj)
                              (--whole-archive)
zephyr/libzephyr.a(rb.c.obj)  (--whole-archive)
zephyr/libzephyr.a(sem.c.obj)
                              (--whole-archive)
zephyr/libzephyr.a(thread_entry.c.obj)
                              (--whole-archive)
zephyr/libzephyr.a(timeutil.c.obj)
                              (--whole-archive)
zephyr/libzephyr.a(heap.c.obj)
                              (--whole-archive)
zephyr/libzephyr.a(heap-validate.c.obj)
                              (--whole-archive)
zephyr/libzephyr.a(bitarray.c.obj)
                              (--whole-archive)
zephyr/libzephyr.a(multi_heap.c.obj)
                              (--whole-archive)
zephyr/libzephyr.a(crc32c_sw.c.obj)
                              (--whole-archive)
zephyr/libzephyr.a(crc32_sw.c.obj)
                              (--whole-archive)
zephyr/libzephyr.a(crc16_sw.c.obj)
                              (--whole-archive)
zephyr/libzephyr.a(crc8_sw.c.obj)
                              (--whole-archive)
zephyr/libzephyr.a(crc7_sw.c.obj)
                              (--whole-archive)
zephyr/libzephyr.a(cbprintf_complete.c.obj)
                              (--whole-archive)
zephyr/libzephyr.a(cbprintf.c.obj)
                              (--whole-archive)
zephyr/libzephyr.a(assert.c.obj)
                              (--whole-archive)
zephyr/libzephyr.a(configs.c.obj)
                              (--whole-archive)
zephyr/libzephyr.a(soc.c.obj)
                              (--whole-archive)
zephyr/libzephyr.a(soc_clk_freq.c.obj)
                              (--whole-archive)
zephyr/libzephyr.a(tracing_none.c.obj)
                              (--whole-archive)
zephyr/arch/common/libarch__common.a(sw_isr_common.c.obj)
                              (--whole-archive)
zephyr/arch/arch/arm/core/aarch32/libarch__arm__core__aarch32.a(cpu_idle.S.obj)
                              (--whole-archive)
zephyr/arch/arch/arm/core/aarch32/libarch__arm__core__aarch32.a(fatal.c.obj)
                              (--whole-archive)
zephyr/arch/arch/arm/core/aarch32/libarch__arm__core__aarch32.a(irq_manage.c.obj)
                              (--whole-archive)
zephyr/arch/arch/arm/core/aarch32/libarch__arm__core__aarch32.a(nmi.c.obj)
                              (--whole-archive)
zephyr/arch/arch/arm/core/aarch32/libarch__arm__core__aarch32.a(nmi_on_reset.S.obj)
                              (--whole-archive)
zephyr/arch/arch/arm/core/aarch32/libarch__arm__core__aarch32.a(prep_c.c.obj)
                              (--whole-archive)
zephyr/arch/arch/arm/core/aarch32/libarch__arm__core__aarch32.a(swap.c.obj)
                              (--whole-archive)
zephyr/arch/arch/arm/core/aarch32/libarch__arm__core__aarch32.a(swap_helper.S.obj)
                              (--whole-archive)
zephyr/arch/arch/arm/core/aarch32/libarch__arm__core__aarch32.a(thread.c.obj)
                              (--whole-archive)
zephyr/arch/arch/arm/core/aarch32/libarch__arm__core__aarch32.a(isr_wrapper.S.obj)
                              (--whole-archive)
zephyr/arch/arch/arm/core/aarch32/cortex_m/libarch__arm__core__aarch32__cortex_m.a(exc_exit.S.obj)
                              (--whole-archive)
zephyr/arch/arch/arm/core/aarch32/cortex_m/libarch__arm__core__aarch32__cortex_m.a(fault.c.obj)
                              (--whole-archive)
zephyr/arch/arch/arm/core/aarch32/cortex_m/libarch__arm__core__aarch32__cortex_m.a(fault_s.S.obj)
                              (--whole-archive)
zephyr/arch/arch/arm/core/aarch32/cortex_m/libarch__arm__core__aarch32__cortex_m.a(fpu.c.obj)
                              (--whole-archive)
zephyr/arch/arch/arm/core/aarch32/cortex_m/libarch__arm__core__aarch32__cortex_m.a(irq_init.c.obj)
                              (--whole-archive)
zephyr/arch/arch/arm/core/aarch32/cortex_m/libarch__arm__core__aarch32__cortex_m.a(reset.S.obj)
                              (--whole-archive)
zephyr/arch/arch/arm/core/aarch32/cortex_m/libarch__arm__core__aarch32__cortex_m.a(scb.c.obj)
                              (--whole-archive)
zephyr/arch/arch/arm/core/aarch32/cortex_m/libarch__arm__core__aarch32__cortex_m.a(thread_abort.c.obj)
                              (--whole-archive)
zephyr/arch/arch/arm/core/aarch32/cortex_m/libarch__arm__core__aarch32__cortex_m.a(vector_table.S.obj)
                              (--whole-archive)
zephyr/lib/libc/minimal/liblib__libc__minimal.a(abort.c.obj)
                              (--whole-archive)
[...]
Memory Configuration

Name             Origin             Length             Attributes
FLASH            0x000000001fff8000 0x0000000000008000 xr
RAM              0x0000000020000000 0x0000000000008000 xw
IDT_LIST         0x00000000fffff7ff 0x0000000000000800 xw
*default*        0x0000000000000000 0xffffffffffffffff

Linker script and memory map

LOAD zephyr/CMakeFiles/zephyr_pre1.dir/misc/empty_file.c.obj
LOAD zephyr/CMakeFiles/zephyr_pre1.dir/dev_handles.c.obj
LOAD zephyr/CMakeFiles/offsets.dir/./arch/arm/core/offsets/offsets.c.obj
                0x0000000000000004                _region_min_align = 0x4

.rel.plt        0x000000001fff8000        0x0
 *(SORT_BY_ALIGNMENT(.rel.plt))
                [!provide]                        PROVIDE (__rel_iplt_start = .)
 *(SORT_BY_ALIGNMENT(.rel.iplt))
 .rel.iplt      0x000000001fff8000        0x0 zephyr/libzephyr.a(cbprintf_packaged.c.obj)
                [!provide]                        PROVIDE (__rel_iplt_end = .)

.rela.plt       0x0000000000000000        0x0
 *(SORT_BY_ALIGNMENT(.rela.plt))
                [!provide]                        PROVIDE (__rela_iplt_start = .)
 *(SORT_BY_ALIGNMENT(.rela.iplt))
                [!provide]                        PROVIDE (__rela_iplt_end = .)

.rel.dyn
 *(SORT_BY_ALIGNMENT(.rel.*))

.rela.dyn
 *(SORT_BY_ALIGNMENT(.rela.*))

/DISCARD/
 *(SORT_BY_ALIGNMENT(.plt))

/DISCARD/
 *(SORT_BY_ALIGNMENT(.iplt))
                0x000000001fff8000                __rom_region_start = 0x1fff8000

rom_start       0x000000001fff8000      0x23c
                0x000000001fff8000                . = (. + 0x0)
                0x000000001fff8000                . = ALIGN (0x4)
                0x000000001fff8000                . = ALIGN (0x80)
                0x000000001fff8000                . = ALIGN (0x400)
                0x000000001fff8000                _vector_start = .
 *(SORT_BY_ALIGNMENT(.exc_vector_table))
 *(SORT_BY_ALIGNMENT(.exc_vector_table.*))
 .exc_vector_table._vector_table_section
                0x000000001fff8000       0x40 zephyr/arch/arch/arm/core/aarch32/cortex_m/libarch__arm__core__aarch32__cortex_m.a(vector_table.S.obj)
                0x000000001fff8000                _vector_table
 *(SORT_BY_ALIGNMENT(.vectors))
                0x000000001fff823c                _vector_end = .
                0x000000001fff8040                . = ALIGN (0x4)
 *(SORT_BY_ALIGNMENT(.gnu.linkonce.irq_vector_table*))
 .gnu.linkonce.irq_vector_table
                0x000000001fff8040      0x1fc zephyr/arch/common/libisr_tables.a(isr_tables.c.obj)
                0x000000001fff8040                _irq_vector_table
                0x000000001fff823c                _vector_end = .

text            0x000000001fff823c     0x2454
                0x000000001fff823c                __text_region_start = .
 *(SORT_BY_ALIGNMENT(.text))
 .text          0x000000001fff823c       0x30 /home/neuberfran/zephyr-sdk-0.16.0/arm-zephyr-eabi/bin/../lib/gcc/arm-zephyr-eabi/12.2.0/thumb/v7e-m/nofp/libgcc.a(_aeabi_uldivmod.o)
                0x000000001fff823c                __aeabi_uldivmod
 .text          0x000000001fff826c        0x4 /home/neuberfran/zephyr-sdk-0.16.0/arm-zephyr-eabi/bin/../lib/gcc/arm-zephyr-eabi/12.2.0/thumb/v7e-m/nofp/libgcc.a(_dvmd_tls.o)
                0x000000001fff826c                __aeabi_ldiv0
                0x000000001fff826c                __aeabi_idiv0
 .text          0x000000001fff8270      0x2a0 /home/neuberfran/zephyr-sdk-0.16.0/arm-zephyr-eabi/bin/../lib/gcc/arm-zephyr-eabi/12.2.0/thumb/v7e-m/nofp/libgcc.a(_udivmoddi4.o)
                0x000000001fff8270                __udivmoddi4
 *(SORT_BY_ALIGNMENT(.text.*))
 .text.char_out
                0x000000001fff8510        0xc zephyr/libzephyr.a(printk.c.obj)
 .text.__printk_hook_install
                0x000000001fff851c        0xc zephyr/libzephyr.a(printk.c.obj)
                0x000000001fff851c                __printk_hook_install
 .text.vprintk  0x000000001fff8528       0x1c zephyr/libzephyr.a(printk.c.obj)
                0x000000001fff8528                vprintk
 .text.z_cbvprintf_impl
                0x000000001fff8544      0x764 zephyr/libzephyr.a(cbprintf_complete.c.obj)
                0x000000001fff8544                z_cbvprintf_impl
 .text.SOC_ClockInit
                0x000000001fff8ca8       0x7c zephyr/libzephyr.a(soc.c.obj)
                0x000000001fff8ca8                SOC_ClockInit
 .text.nxp_mcimx7_init
                0x000000001fff8d24       0x50 zephyr/libzephyr.a(soc.c.obj)
 .text.z_arm_cpu_idle_init
                0x000000001fff8d74        0xc zephyr/arch/arch/arm/core/aarch32/libarch__arm__core__aarch32.a(cpu_idle.S.obj)
                0x000000001fff8d74                z_arm_cpu_idle_init
 .text.arch_cpu_idle
                0x000000001fff8d80       0x1c zephyr/arch/arch/arm/core/aarch32/libarch__arm__core__aarch32.a(cpu_idle.S.obj)
                0x000000001fff8d80                arch_cpu_idle
 .text.arch_irq_enable
                0x000000001fff8d9c       0x1c zephyr/arch/arch/arm/core/aarch32/libarch__arm__core__aarch32.a(irq_manage.c.obj)
                0x000000001fff8d9c                arch_irq_enable
 .text.z_arm_irq_priority_set
                0x000000001fff8db8       0x30 zephyr/arch/arch/arm/core/aarch32/libarch__arm__core__aarch32.a(irq_manage.c.obj)
                0x000000001fff8db8                z_arm_irq_priority_set
 .text.z_SysNmiOnReset
                0x000000001fff8de8        0x8 zephyr/arch/arch/arm/core/aarch32/libarch__arm__core__aarch32.a(nmi_on_reset.S.obj)
                0x000000001fff8de8                z_SysNmiOnReset
 .text.z_arm_prep_c
                0x000000001fff8df0       0x48 zephyr/arch/arch/arm/core/aarch32/libarch__arm__core__aarch32.a(prep_c.c.obj)
                0x000000001fff8df0                z_arm_prep_c
 .text.arch_swap
                0x000000001fff8e38       0x34 zephyr/arch/arch/arm/core/aarch32/libarch__arm__core__aarch32.a(swap.c.obj)
                0x000000001fff8e38                arch_swap
 .text.z_arm_pendsv
                0x000000001fff8e6c       0x48 zephyr/arch/arch/arm/core/aarch32/libarch__arm__core__aarch32.a(swap_helper.S.obj)
                0x000000001fff8e6c                z_arm_pendsv
 .text.z_arm_svc
                0x000000001fff8eb4       0x20 zephyr/arch/arch/arm/core/aarch32/libarch__arm__core__aarch32.a(swap_helper.S.obj)
                0x000000001fff8eb4                z_arm_svc
 .text.arch_new_thread
                0x000000001fff8ed4       0x38 zephyr/arch/arch/arm/core/aarch32/libarch__arm__core__aarch32.a(thread.c.obj)
                0x000000001fff8ed4                arch_new_thread
 .text.arch_switch_to_main_thread
                0x000000001fff8f0c       0x24 zephyr/arch/arch/arm/core/aarch32/libarch__arm__core__aarch32.a(thread.c.obj)
                0x000000001fff8f0c                arch_switch_to_main_thread
 .text._isr_wrapper
                0x000000001fff8f30       0x28 zephyr/arch/arch/arm/core/aarch32/libarch__arm__core__aarch32.a(isr_wrapper.S.obj)
                0x000000001fff8f30                _isr_wrapper
 .text._HandlerModeExit
                0x000000001fff8f58       0x1c zephyr/arch/arch/arm/core/aarch32/cortex_m/libarch__arm__core__aarch32__cortex_m.a(exc_exit.S.obj)
                0x000000001fff8f58                z_arm_exc_exit
                0x000000001fff8f58                z_arm_int_exit
 .text.usage_fault.constprop.0
                0x000000001fff8f74       0x54 zephyr/arch/arch/arm/core/aarch32/cortex_m/libarch__arm__core__aarch32__cortex_m.a(fault.c.obj)
 .text.bus_fault.constprop.0
                0x000000001fff8fc8       0x6c zephyr/arch/arch/arm/core/aarch32/cortex_m/libarch__arm__core__aarch32__cortex_m.a(fault.c.obj)
 .text.mem_manage_fault.constprop.0
                0x000000001fff9034       0x78 zephyr/arch/arch/arm/core/aarch32/cortex_m/libarch__arm__core__aarch32__cortex_m.a(fault.c.obj)
 .text.z_arm_fault
                0x000000001fff90ac      0x118 zephyr/arch/arch/arm/core/aarch32/cortex_m/libarch__arm__core__aarch32__cortex_m.a(fault.c.obj)
                0x000000001fff90ac                z_arm_fault
 .text.z_arm_fault_init
                0x000000001fff91c4       0x10 zephyr/arch/arch/arm/core/aarch32/cortex_m/libarch__arm__core__aarch32__cortex_m.a(fault.c.obj)
                0x000000001fff91c4                z_arm_fault_init
 .text.__fault  0x000000001fff91d4       0x14 zephyr/arch/arch/arm/core/aarch32/cortex_m/libarch__arm__core__aarch32__cortex_m.a(fault_s.S.obj)
                0x000000001fff91d4                z_arm_bus_fault
                0x000000001fff91d4                z_arm_usage_fault
                0x000000001fff91d4                z_arm_mpu_fault
                0x000000001fff91d4                z_arm_exc_spurious
                0x000000001fff91d4                z_arm_debug_monitor
                0x000000001fff91d4                z_arm_hard_fault
 .text.z_arm_interrupt_init
                0x000000001fff91e8       0x18 zephyr/arch/arch/arm/core/aarch32/cortex_m/libarch__arm__core__aarch32__cortex_m.a(irq_init.c.obj)
                0x000000001fff91e8                z_arm_interrupt_init
 .text._reset_section
                0x000000001fff9200       0x2c zephyr/arch/arch/arm/core/aarch32/cortex_m/libarch__arm__core__aarch32__cortex_m.a(reset.S.obj)
                0x000000001fff9200                z_arm_reset
                0x000000001fff9200                __start
 .text.z_impl_k_thread_abort
                0x000000001fff922c       0x2c zephyr/arch/arch/arm/core/aarch32/cortex_m/libarch__arm__core__aarch32__cortex_m.a(thread_abort.c.obj)
                0x000000001fff922c                z_impl_k_thread_abort
 .text.__stdout_hook_install
                0x000000001fff9258        0xc zephyr/lib/libc/minimal/liblib__libc__minimal.a(stdout_console.c.obj)
                0x000000001fff9258                __stdout_hook_install
 .text.uart_console_init
                0x000000001fff9264       0x28 zephyr/drivers/console/libdrivers__console.a(uart_console.c.obj)
 .text.console_out
                0x000000001fff928c       0x28 zephyr/drivers/console/libdrivers__console.a(uart_console.c.obj)
 .text.uart_imx_irq_err_disable
                0x000000001fff92b4       0x28 zephyr/drivers/serial/libdrivers__serial.a(uart_imx.c.obj)
 .text.uart_imx_irq_err_enable
                0x000000001fff92dc       0x28 zephyr/drivers/serial/libdrivers__serial.a(uart_imx.c.obj)
 .text.uart_imx_irq_rx_disable
                0x000000001fff9304       0x10 zephyr/drivers/serial/libdrivers__serial.a(uart_imx.c.obj)
 .text.uart_imx_irq_rx_enable
                0x000000001fff9314       0x10 zephyr/drivers/serial/libdrivers__serial.a(uart_imx.c.obj)
 .text.uart_imx_irq_tx_disable
                0x000000001fff9324       0x10 zephyr/drivers/serial/libdrivers__serial.a(uart_imx.c.obj)
 .text.uart_imx_irq_tx_enable
                0x000000001fff9334       0x10 zephyr/drivers/serial/libdrivers__serial.a(uart_imx.c.obj)
 .text.uart_imx_fifo_read
                0x000000001fff9344       0x34 zephyr/drivers/serial/libdrivers__serial.a(uart_imx.c.obj)
 .text.uart_imx_poll_in
                0x000000001fff9378       0x30 zephyr/drivers/serial/libdrivers__serial.a(uart_imx.c.obj)
 .text.elapsed  0x000000001fff93a8       0x3c zephyr/drivers/timer/libdrivers__timer.a(cortex_m_systick.c.obj)
 .text.sys_clock_driver_init
                0x000000001fff93e4       0x34 zephyr/drivers/timer/libdrivers__timer.a(cortex_m_systick.c.obj)
 .text.sys_clock_isr
                0x000000001fff9418       0x44 zephyr/drivers/timer/libdrivers__timer.a(cortex_m_systick.c.obj)
                0x000000001fff9418                sys_clock_isr
 .text.sys_clock_set_timeout
                0x000000001fff945c       0xe4 zephyr/drivers/timer/libdrivers__timer.a(cortex_m_systick.c.obj)
                0x000000001fff945c                sys_clock_set_timeout
 .text.sys_clock_elapsed
                0x000000001fff9540       0x3c zephyr/drivers/timer/libdrivers__timer.a(cortex_m_systick.c.obj)
                0x000000001fff9540                sys_clock_elapsed
 .text.CCM_UpdateRoot
                0x000000001fff957c       0x28 modules/hal_nxp/hal_nxp/lib..__modules__hal__nxp.a(ccm_imx7d.c.obj)
                0x000000001fff957c                CCM_UpdateRoot
 .text.CCM_ANALOG_GetSysPllFreq
                0x000000001fff95a4       0x30 modules/hal_nxp/hal_nxp/lib..__modules__hal__nxp.a(ccm_analog_imx7d.c.obj)
                0x000000001fff95a4                CCM_ANALOG_GetSysPllFreq
 .text.UART_SetBaudRate
                0x000000001fff95d4       0xdc modules/hal_nxp/hal_nxp/lib..__modules__hal__nxp.a(uart_imx.c.obj)
                0x000000001fff95d4                UART_SetBaudRate
 .text.get_uart_clock_freq
                0x000000001fff96b0      0x124 modules/hal_nxp/hal_nxp/lib..__modules__hal__nxp.a(clock_freq.c.obj)
                0x000000001fff96b0                get_uart_clock_freq
 .text.z_sys_init_run_level
                0x000000001fff97d4       0x44 zephyr/kernel/libkernel.a(init.c.obj)
 .text.bg_thread_main
                0x000000001fff9818       0x34 zephyr/kernel/libkernel.a(init.c.obj)
 .text.z_bss_zero
                0x000000001fff984c       0x18 zephyr/kernel/libkernel.a(init.c.obj)
                0x000000001fff984c                z_bss_zero
 .text.z_init_cpu
                0x000000001fff9864       0x68 zephyr/kernel/libkernel.a(init.c.obj)
                0x000000001fff9864                z_init_cpu
 .text.z_cstart
                0x000000001fff98cc       0xcc zephyr/kernel/libkernel.a(init.c.obj)
                0x000000001fff98cc                z_cstart
 .text.z_setup_new_thread
                0x000000001fff9998       0x54 zephyr/kernel/libkernel.a(thread.c.obj)
                0x000000001fff9998                z_setup_new_thread
 .text.z_init_static_threads
                0x000000001fff99ec       0x98 zephyr/kernel/libkernel.a(thread.c.obj)
                0x000000001fff99ec                z_init_static_threads
 .text.sliceable
                0x000000001fff9a84       0x3c zephyr/kernel/libkernel.a(sched.c.obj)
 .text.slice_timeout
                0x000000001fff9ac0       0x20 zephyr/kernel/libkernel.a(sched.c.obj)
 .text.z_reset_time_slice
                0x000000001fff9ae0       0x50 zephyr/kernel/libkernel.a(sched.c.obj)
                0x000000001fff9ae0                z_reset_time_slice
 .text.update_cache
                0x000000001fff9b30       0x3c zephyr/kernel/libkernel.a(sched.c.obj)
 .text.move_thread_to_end_of_prio_q
                0x000000001fff9b6c       0x74 zephyr/kernel/libkernel.a(sched.c.obj)
 .text.ready_thread
                0x000000001fff9be0       0x68 zephyr/kernel/libkernel.a(sched.c.obj)
 .text.k_sched_time_slice_set
                0x000000001fff9c48       0x48 zephyr/kernel/libkernel.a(sched.c.obj)
                0x000000001fff9c48                k_sched_time_slice_set
 .text.z_time_slice
                0x000000001fff9c90       0x60 zephyr/kernel/libkernel.a(sched.c.obj)
                0x000000001fff9c90                z_time_slice
 .text.z_reschedule
                0x000000001fff9cf0       0x24 zephyr/kernel/libkernel.a(sched.c.obj)
                0x000000001fff9cf0                z_reschedule
 .text.z_sched_start
                0x000000001fff9d14       0x3c zephyr/kernel/libkernel.a(sched.c.obj)
                0x000000001fff9d14                z_sched_start
 .text.k_sched_lock
                0x000000001fff9d50       0x28 zephyr/kernel/libkernel.a(sched.c.obj)
                0x000000001fff9d50                k_sched_lock
 .text.k_sched_unlock
                0x000000001fff9d78       0x38 zephyr/kernel/libkernel.a(sched.c.obj)
                0x000000001fff9d78                k_sched_unlock
 .text.z_sched_init
                0x000000001fff9db0       0x18 zephyr/kernel/libkernel.a(sched.c.obj)
                0x000000001fff9db0                z_sched_init
 .text.z_impl_z_current_get
                0x000000001fff9dc8        0xc zephyr/kernel/libkernel.a(sched.c.obj)
                0x000000001fff9dc8                z_impl_z_current_get
 .text.z_thread_abort
                0x000000001fff9dd4       0xc0 zephyr/kernel/libkernel.a(sched.c.obj)
                0x000000001fff9dd4                z_thread_abort
 .text.z_data_copy
                0x000000001fff9e94       0x34 zephyr/kernel/libkernel.a(xip.c.obj)
                0x000000001fff9e94                z_data_copy
 .text.elapsed  0x000000001fff9ec8       0x14 zephyr/kernel/libkernel.a(timeout.c.obj)
 .text.next_timeout
                0x000000001fff9edc       0x40 zephyr/kernel/libkernel.a(timeout.c.obj)
 .text.remove_timeout
                0x000000001fff9f1c       0x38 zephyr/kernel/libkernel.a(timeout.c.obj)
 .text.z_add_timeout
                0x000000001fff9f54       0xec zephyr/kernel/libkernel.a(timeout.c.obj)
                0x000000001fff9f54                z_add_timeout
 .text.sys_clock_announce
                0x000000001fffa040       0xd4 zephyr/kernel/libkernel.a(timeout.c.obj)
                0x000000001fffa040                sys_clock_announce
 .text.boot_banner
                0x000000001fffa114        0xc zephyr/kernel/libkernel.a(banner.c.obj)
                0x000000001fffa114                boot_banner
 .text._OffsetAbsSyms
                0x000000001fffa120        0x2 zephyr/CMakeFiles/offsets.dir/./arch/arm/core/offsets/offsets.c.obj
                0x000000001fffa120                _OffsetAbsSyms
 .text.main     0x000000001fffa122        0x4 app/libapp.a(main.c.obj)
                0x000000001fffa122                main
 .text.arch_printk_char_out
                0x000000001fffa126        0x4 zephyr/libzephyr.a(printk.c.obj)
                0x000000001fffa126                arch_printk_char_out
 .text.printk   0x000000001fffa12a       0x1a zephyr/libzephyr.a(printk.c.obj)
                0x000000001fffa12a                printk
 .text.z_thread_entry
                0x000000001fffa144       0x14 zephyr/libzephyr.a(thread_entry.c.obj)
                0x000000001fffa144                z_thread_entry
 .text.encode_uint
                0x000000001fffa158       0x8c zephyr/libzephyr.a(cbprintf_complete.c.obj)
 .text.outs     0x000000001fffa1e4       0x2e zephyr/libzephyr.a(cbprintf_complete.c.obj)
 .text._ConfigAbsSyms
                0x000000001fffa212        0x2 zephyr/libzephyr.a(configs.c.obj)
                0x000000001fffa212                _ConfigAbsSyms
 .text.z_arm_fatal_error
                0x000000001fffa214        0x4 zephyr/arch/arch/arm/core/aarch32/libarch__arm__core__aarch32.a(fatal.c.obj)
                0x000000001fffa214                z_arm_fatal_error
 .text.z_do_kernel_oops
                0x000000001fffa218        0x8 zephyr/arch/arch/arm/core/aarch32/libarch__arm__core__aarch32.a(fatal.c.obj)
                0x000000001fffa218                z_do_kernel_oops
 .text.z_irq_spurious
                0x000000001fffa220        0x8 zephyr/arch/arch/arm/core/aarch32/libarch__arm__core__aarch32.a(irq_manage.c.obj)
                0x000000001fffa220                z_irq_spurious
 .text.z_arm_nmi
                0x000000001fffa228        0xe zephyr/arch/arch/arm/core/aarch32/libarch__arm__core__aarch32.a(nmi.c.obj)
                0x000000001fffa228                z_arm_nmi
 .text.strlen   0x000000001fffa236        0xe zephyr/lib/libc/minimal/liblib__libc__minimal.a(string.c.obj)
                0x000000001fffa236                strlen
 .text.strnlen  0x000000001fffa244       0x12 zephyr/lib/libc/minimal/liblib__libc__minimal.a(string.c.obj)
                0x000000001fffa244                strnlen
 .text.memcpy   0x000000001fffa256       0x16 zephyr/lib/libc/minimal/liblib__libc__minimal.a(string.c.obj)
                0x000000001fffa256                memcpy
 .text.memset   0x000000001fffa26c       0x12 zephyr/lib/libc/minimal/liblib__libc__minimal.a(string.c.obj)
                0x000000001fffa26c                memset
 .text._stdout_hook_default
                0x000000001fffa27e        0x6 zephyr/lib/libc/minimal/liblib__libc__minimal.a(stdout_console.c.obj)
 .text.pinctrl_lookup_state
                0x000000001fffa284       0x26 zephyr/drivers/pinctrl/libdrivers__pinctrl.a(common.c.obj)
                0x000000001fffa284                pinctrl_lookup_state
 .text.imx_pinctrl_init
                0x000000001fffa2aa        0x4 zephyr/drivers/pinctrl/libdrivers__pinctrl.a(pinctrl_imx.c.obj)
 .text.pinctrl_configure_pins
                0x000000001fffa2ae       0x42 zephyr/drivers/pinctrl/libdrivers__pinctrl.a(pinctrl_imx.c.obj)
                0x000000001fffa2ae                pinctrl_configure_pins
 .text.uart_imx_poll_out
                0x000000001fffa2f0       0x10 zephyr/drivers/serial/libdrivers__serial.a(uart_imx.c.obj)
 .text.uart_imx_fifo_fill
                0x000000001fffa300       0x1e zephyr/drivers/serial/libdrivers__serial.a(uart_imx.c.obj)
 .text.uart_imx_irq_tx_ready
                0x000000001fffa31e        0xe zephyr/drivers/serial/libdrivers__serial.a(uart_imx.c.obj)
 .text.uart_imx_irq_rx_ready
                0x000000001fffa32c        0xe zephyr/drivers/serial/libdrivers__serial.a(uart_imx.c.obj)
 .text.uart_imx_irq_is_pending
                0x000000001fffa33a       0x18 zephyr/drivers/serial/libdrivers__serial.a(uart_imx.c.obj)
 .text.uart_imx_irq_update
                0x000000001fffa352        0x4 zephyr/drivers/serial/libdrivers__serial.a(uart_imx.c.obj)
 .text.uart_imx_irq_callback_set
                0x000000001fffa356        0x8 zephyr/drivers/serial/libdrivers__serial.a(uart_imx.c.obj)
 .text.uart_imx_isr
                0x000000001fffa35e        0xc zephyr/drivers/serial/libdrivers__serial.a(uart_imx.c.obj)
                0x000000001fffa35e                uart_imx_isr
 .text.irq_config_func_0
                0x000000001fffa36a       0x16 zephyr/drivers/serial/libdrivers__serial.a(uart_imx.c.obj)
 .text.uart_imx_init
                0x000000001fffa380       0xaa zephyr/drivers/serial/libdrivers__serial.a(uart_imx.c.obj)
 .text.CCM_GetRootDivider
                0x000000001fffa42a       0x12 modules/hal_nxp/hal_nxp/lib..__modules__hal__nxp.a(ccm_imx7d.c.obj)
                0x000000001fffa42a                CCM_GetRootDivider
 .text.UART_Deinit
                0x000000001fffa43c       0x5e modules/hal_nxp/hal_nxp/lib..__modules__hal__nxp.a(uart_imx.c.obj)
                0x000000001fffa43c                UART_Deinit
 .text.UART_Init
                0x000000001fffa49a       0x46 modules/hal_nxp/hal_nxp/lib..__modules__hal__nxp.a(uart_imx.c.obj)
                0x000000001fffa49a                UART_Init
 .text.UART_SetIntCmd
                0x000000001fffa4e0       0x1e modules/hal_nxp/hal_nxp/lib..__modules__hal__nxp.a(uart_imx.c.obj)
                0x000000001fffa4e0                UART_SetIntCmd
 .text.UART_ClearStatusFlag
                0x000000001fffa4fe        0xc modules/hal_nxp/hal_nxp/lib..__modules__hal__nxp.a(uart_imx.c.obj)
                0x000000001fffa4fe                UART_ClearStatusFlag
 .text.UART_SetModemMode
                0x000000001fffa50a       0x16 modules/hal_nxp/hal_nxp/lib..__modules__hal__nxp.a(uart_imx.c.obj)
                0x000000001fffa50a                UART_SetModemMode
 .text.z_device_state_init
                0x000000001fffa520        0x2 zephyr/kernel/libkernel.a(device.c.obj)
                0x000000001fffa520                z_device_state_init
 .text.z_device_is_ready
                0x000000001fffa522       0x16 zephyr/kernel/libkernel.a(device.c.obj)
                0x000000001fffa522                z_device_is_ready
 .text.arch_system_halt
                0x000000001fffa538       0x12 zephyr/kernel/libkernel.a(fatal.c.obj)
                0x000000001fffa538                arch_system_halt
 .text.k_sys_fatal_error_handler
                0x000000001fffa54a        0x6 zephyr/kernel/libkernel.a(fatal.c.obj)
                0x000000001fffa54a                k_sys_fatal_error_handler
 .text.z_fatal_error
                0x000000001fffa550       0x36 zephyr/kernel/libkernel.a(fatal.c.obj)
                0x000000001fffa550                z_fatal_error
 .text.z_early_memset
                0x000000001fffa586        0x4 zephyr/kernel/libkernel.a(init.c.obj)
                0x000000001fffa586                z_early_memset
 .text.z_early_memcpy
                0x000000001fffa58a        0x4 zephyr/kernel/libkernel.a(init.c.obj)
                0x000000001fffa58a                z_early_memcpy
 .text.idle     0x000000001fffa58e       0x18 zephyr/kernel/libkernel.a(idle.c.obj)
                0x000000001fffa58e                idle
 .text.sys_dlist_remove
                0x000000001fffa5a6       0x10 zephyr/kernel/libkernel.a(sched.c.obj)
 .text.unpend_thread_no_timeout
                0x000000001fffa5b6       0x14 zephyr/kernel/libkernel.a(sched.c.obj)
 .text.z_ready_thread
                0x000000001fffa5ca       0x20 zephyr/kernel/libkernel.a(sched.c.obj)
                0x000000001fffa5ca                z_ready_thread
 .text.z_sched_wake_thread
                0x000000001fffa5ea       0x44 zephyr/kernel/libkernel.a(sched.c.obj)
                0x000000001fffa5ea                z_sched_wake_thread
 .text.z_thread_timeout
                0x000000001fffa62e        0x8 zephyr/kernel/libkernel.a(sched.c.obj)
                0x000000001fffa62e                z_thread_timeout
 .text.z_reschedule_irqlock
                0x000000001fffa636       0x18 zephyr/kernel/libkernel.a(sched.c.obj)
                0x000000001fffa636                z_reschedule_irqlock
 .text.z_reschedule_unlocked
                0x000000001fffa64e       0x14 zephyr/kernel/libkernel.a(sched.c.obj)
 .text.z_abort_timeout
                0x000000001fffa662       0x2c zephyr/kernel/libkernel.a(timeout.c.obj)
                0x000000001fffa662                z_abort_timeout
 *(SORT_BY_ALIGNMENT(.TEXT.*))
 *(SORT_BY_ALIGNMENT(.gnu.linkonce.t.*))
 *(SORT_BY_ALIGNMENT(.glue_7t))
 .glue_7t       0x000000001fffa68e        0x0 linker stubs
 *(SORT_BY_ALIGNMENT(.glue_7))
 .glue_7        0x000000001fffa68e        0x0 linker stubs
 *(SORT_BY_ALIGNMENT(.vfp11_veneer))
 .vfp11_veneer  0x000000001fffa68e        0x0 linker stubs
 *(SORT_BY_ALIGNMENT(.v4_bx))
 .v4_bx         0x000000001fffa68e        0x0 linker stubs
                0x000000001fffa690                . = ALIGN (0x4)
 *fill*         0x000000001fffa68e        0x2 
                0x000000001fffa690                __text_region_end = .

.ARM.exidx      0x000000001fffa690        0x8
                0x000000001fffa690                __exidx_start = .
 *(SORT_BY_ALIGNMENT(.ARM.exidx*) SORT_BY_ALIGNMENT(gnu.linkonce.armexidx.*))
 .ARM.exidx     0x000000001fffa690        0x8 /home/neuberfran/zephyr-sdk-0.16.0/arm-zephyr-eabi/bin/../lib/gcc/arm-zephyr-eabi/12.2.0/thumb/v7e-m/nofp/libgcc.a(_udivmoddi4.o)
                0x000000001fffa698                __exidx_end = .
                0x000000001fffa698                __rodata_region_start = .

initlevel       0x000000001fffa698       0x28
                0x000000001fffa698                __init_start = .
                0x000000001fffa698                __init_EARLY_start = .
 *(SORT_BY_NAME(SORT_BY_ALIGNMENT(.z_init_EARLY[0-9]_*)))
 *(SORT_BY_NAME(SORT_BY_ALIGNMENT(.z_init_EARLY[1-9][0-9]_*)))
                0x000000001fffa698                __init_PRE_KERNEL_1_start = .
 *(SORT_BY_NAME(SORT_BY_ALIGNMENT(.z_init_PRE_KERNEL_1[0-9]_*)))
 .z_init_PRE_KERNEL_10_
                0x000000001fffa698        0x8 zephyr/libzephyr.a(soc.c.obj)
 .z_init_PRE_KERNEL_10_
                0x000000001fffa6a0        0x8 zephyr/drivers/pinctrl/libdrivers__pinctrl.a(pinctrl_imx.c.obj)
 *(SORT_BY_NAME(SORT_BY_ALIGNMENT(.z_init_PRE_KERNEL_1[1-9][0-9]_*)))
 .z_init_PRE_KERNEL_155_
                0x000000001fffa6a8        0x8 zephyr/drivers/serial/libdrivers__serial.a(uart_imx.c.obj)
 .z_init_PRE_KERNEL_160_
                0x000000001fffa6b0        0x8 zephyr/drivers/console/libdrivers__console.a(uart_console.c.obj)
                0x000000001fffa6b8                __init_PRE_KERNEL_2_start = .
 *(SORT_BY_NAME(SORT_BY_ALIGNMENT(.z_init_PRE_KERNEL_2[0-9]_*)))
 .z_init_PRE_KERNEL_20_
                0x000000001fffa6b8        0x8 zephyr/drivers/timer/libdrivers__timer.a(cortex_m_systick.c.obj)
 *(SORT_BY_NAME(SORT_BY_ALIGNMENT(.z_init_PRE_KERNEL_2[1-9][0-9]_*)))
                0x000000001fffa6c0                __init_POST_KERNEL_start = .
 *(SORT_BY_NAME(SORT_BY_ALIGNMENT(.z_init_POST_KERNEL[0-9]_*)))
 *(SORT_BY_NAME(SORT_BY_ALIGNMENT(.z_init_POST_KERNEL[1-9][0-9]_*)))
                0x000000001fffa6c0                __init_APPLICATION_start = .
 *(SORT_BY_NAME(SORT_BY_ALIGNMENT(.z_init_APPLICATION[0-9]_*)))
 *(SORT_BY_NAME(SORT_BY_ALIGNMENT(.z_init_APPLICATION[1-9][0-9]_*)))
                0x000000001fffa6c0                __init_SMP_start = .
 *(SORT_BY_NAME(SORT_BY_ALIGNMENT(.z_init_SMP[0-9]_*)))
 *(SORT_BY_NAME(SORT_BY_ALIGNMENT(.z_init_SMP[1-9][0-9]_*)))
                0x000000001fffa6c0                __init_end = .

devices         0x000000001fffa6c0       0x18
                0x000000001fffa6c0                __device_start = .
                0x000000001fffa6c0                __device_EARLY_start = .
 *(SORT_BY_NAME(SORT_BY_ALIGNMENT(.z_device_EARLY[0-9]_*)))
 *(SORT_BY_NAME(SORT_BY_ALIGNMENT(.z_device_EARLY[1-9][0-9]_*)))
                0x000000001fffa6c0                __device_PRE_KERNEL_1_start = .
 *(SORT_BY_NAME(SORT_BY_ALIGNMENT(.z_device_PRE_KERNEL_1[0-9]_*)))
 *(SORT_BY_NAME(SORT_BY_ALIGNMENT(.z_device_PRE_KERNEL_1[1-9][0-9]_*)))
 .z_device_PRE_KERNEL_155_
                0x000000001fffa6c0       0x18 zephyr/drivers/serial/libdrivers__serial.a(uart_imx.c.obj)
                0x000000001fffa6c0                __device_dts_ord_206
                0x000000001fffa6d8                __device_PRE_KERNEL_2_start = .
 *(SORT_BY_NAME(SORT_BY_ALIGNMENT(.z_device_PRE_KERNEL_2[0-9]_*)))
 *(SORT_BY_NAME(SORT_BY_ALIGNMENT(.z_device_PRE_KERNEL_2[1-9][0-9]_*)))
                0x000000001fffa6d8                __device_POST_KERNEL_start = .
 *(SORT_BY_NAME(SORT_BY_ALIGNMENT(.z_device_POST_KERNEL[0-9]_*)))
 *(SORT_BY_NAME(SORT_BY_ALIGNMENT(.z_device_POST_KERNEL[1-9][0-9]_*)))
                0x000000001fffa6d8                __device_APPLICATION_start = .
 *(SORT_BY_NAME(SORT_BY_ALIGNMENT(.z_device_APPLICATION[0-9]_*)))
 *(SORT_BY_NAME(SORT_BY_ALIGNMENT(.z_device_APPLICATION[1-9][0-9]_*)))
                0x000000001fffa6d8                __device_SMP_start = .
 *(SORT_BY_NAME(SORT_BY_ALIGNMENT(.z_device_SMP[0-9]_*)))
 *(SORT_BY_NAME(SORT_BY_ALIGNMENT(.z_device_SMP[1-9][0-9]_*)))
                0x000000001fffa6d8                __device_end = .

sw_isr_table    0x000000001fffa6d8      0x3f8
                0x000000001fffa6d8                . = ALIGN (0x4)
 *(SORT_BY_ALIGNMENT(.gnu.linkonce.sw_isr_table*))
 .gnu.linkonce.sw_isr_table
                0x000000001fffa6d8      0x3f8 zephyr/arch/common/libisr_tables.a(isr_tables.c.obj)
                0x000000001fffa6d8                _sw_isr_table

initlevel_error
                0x000000001fffa698        0x0
 *(SORT_BY_NAME(SORT_BY_ALIGNMENT(.z_init_[_A-Z0-9]*)))
                0x0000000000000001                ASSERT ((SIZEOF (initlevel_error) == 0x0), Undefined initialization levels used.)

app_shmem_regions
                0x000000001fffaad0        0x0
                0x000000001fffaad0                __app_shmem_regions_start = .
 *(SORT_BY_NAME(SORT_BY_ALIGNMENT(.app_regions.*)))
                0x000000001fffaad0                __app_shmem_regions_end = .

k_p4wq_initparam_area
                0x000000001fffaad0        0x0
                0x000000001fffaad0                _k_p4wq_initparam_list_start = .
 *(SORT_BY_NAME(SORT_BY_ALIGNMENT(._k_p4wq_initparam.static.*)))
                0x000000001fffaad0                _k_p4wq_initparam_list_end = .

_static_thread_data_area
                0x000000001fffaad0        0x0
                0x000000001fffaad0                __static_thread_data_list_start = .
 *(SORT_BY_NAME(SORT_BY_ALIGNMENT(.__static_thread_data.static.*)))
                0x000000001fffaad0                __static_thread_data_list_end = .

device_handles  0x000000001fffaad0        0x6
                0x000000001fffaad0                __device_handles_start = .
 *(SORT_BY_NAME(SORT_BY_ALIGNMENT(.__device_handles_pass2*)))
 .__device_handles_pass2
                0x000000001fffaad0        0x6 zephyr/CMakeFiles/zephyr_pre1.dir/dev_handles.c.obj
                0x000000001fffaad0                __devicehdl_dts_ord_206
                0x000000001fffaad6                __device_handles_end = .

ztest           0x000000001fffaad6        0x0
                0x000000001fffaad6                _ztest_expected_result_entry_list_start = .
 *(SORT_BY_NAME(SORT_BY_ALIGNMENT(._ztest_expected_result_entry.static.*)))
                0x000000001fffaad6                _ztest_expected_result_entry_list_end = .
                0x000000001fffaad6                _ztest_suite_node_list_start = .
 *(SORT_BY_NAME(SORT_BY_ALIGNMENT(._ztest_suite_node.static.*)))
                0x000000001fffaad6                _ztest_suite_node_list_end = .
                0x000000001fffaad6                _ztest_unit_test_list_start = .
 *(SORT_BY_NAME(SORT_BY_ALIGNMENT(._ztest_unit_test.static.*)))
                0x000000001fffaad6                _ztest_unit_test_list_end = .
                0x000000001fffaad6                _ztest_test_rule_list_start = .
 *(SORT_BY_NAME(SORT_BY_ALIGNMENT(._ztest_test_rule.static.*)))
                0x000000001fffaad6                _ztest_test_rule_list_end = .

bt_l2cap_fixed_chan_area
                0x000000001fffaad6        0x0
                0x000000001fffaad6                _bt_l2cap_fixed_chan_list_start = .
 *(SORT_BY_NAME(SORT_BY_ALIGNMENT(._bt_l2cap_fixed_chan.static.*)))
                0x000000001fffaad6                _bt_l2cap_fixed_chan_list_end = .

bt_gatt_service_static_area
                0x000000001fffaad6        0x0
                0x000000001fffaad6                _bt_gatt_service_static_list_start = .
 *(SORT_BY_NAME(SORT_BY_ALIGNMENT(._bt_gatt_service_static.static.*)))
                0x000000001fffaad6                _bt_gatt_service_static_list_end = .

log_strings_sections
                0x000000001fffaad6        0x0
                0x000000001fffaad6                __log_strings_start = .
 *(SORT_BY_NAME(SORT_BY_ALIGNMENT(.log_strings*)))
                0x000000001fffaad6                __log_strings_end = .

log_const_sections
                0x000000001fffaad8       0x10
                0x000000001fffaad8                __log_const_start = .
 *(SORT_BY_NAME(SORT_BY_ALIGNMENT(.log_const_*)))
 .log_const_cbprintf_package
                0x000000001fffaad8        0x8 zephyr/libzephyr.a(cbprintf_packaged.c.obj)
                0x000000001fffaad8                log_const_cbprintf_package
 .log_const_os  0x000000001fffaae0        0x8 zephyr/kernel/libkernel.a(init.c.obj)
                0x000000001fffaae0                log_const_os
                0x000000001fffaae8                __log_const_end = .

log_backend_area
                0x000000001fffaae8        0x0
                0x000000001fffaae8                _log_backend_list_start = .
 *(SORT_BY_NAME(SORT_BY_ALIGNMENT(._log_backend.static.*)))
                0x000000001fffaae8                _log_backend_list_end = .

log_link_area   0x000000001fffaae8        0x0
                0x000000001fffaae8                _log_link_list_start = .
 *(SORT_BY_NAME(SORT_BY_ALIGNMENT(._log_link.static.*)))
                0x000000001fffaae8                _log_link_list_end = .

tracing_backend_area
                0x000000001fffaae8        0x0
                0x000000001fffaae8                _tracing_backend_list_start = .
 *(SORT_BY_NAME(SORT_BY_ALIGNMENT(._tracing_backend.static.*)))
                0x000000001fffaae8                _tracing_backend_list_end = .

zephyr_dbg_info
 *(SORT_BY_ALIGNMENT(.dbg_thread_info))

symbol_to_keep  0x000000001fffaae8        0x0
                0x000000001fffaae8                __symbol_to_keep_start = .
 *(SORT_BY_NAME(SORT_BY_ALIGNMENT(.symbol_to_keep*)))
                0x000000001fffaae8                __symbol_to_keep_end = .

shell_area      0x000000001fffaae8        0x0
                0x000000001fffaae8                _shell_list_start = .
 *(SORT_BY_NAME(SORT_BY_ALIGNMENT(._shell.static.*)))
                0x000000001fffaae8                _shell_list_end = .

shell_root_cmds_sections
                0x000000001fffaae8        0x0
                0x000000001fffaae8                __shell_root_cmds_start = .
 *(SORT_BY_NAME(SORT_BY_ALIGNMENT(.shell_root_cmd_*)))
                0x000000001fffaae8                __shell_root_cmds_end = .

shell_subcmds_sections
                0x000000001fffaae8        0x0
                0x000000001fffaae8                __shell_subcmds_start = .
 *(SORT_BY_NAME(SORT_BY_ALIGNMENT(.shell_subcmd_*)))
                0x000000001fffaae8                __shell_subcmds_end = .

shell_dynamic_subcmds_sections
                0x000000001fffaae8        0x0
                0x000000001fffaae8                __shell_dynamic_subcmds_start = .
 *(SORT_BY_NAME(SORT_BY_ALIGNMENT(.shell_dynamic_subcmd_*)))
                0x000000001fffaae8                __shell_dynamic_subcmds_end = .

font_entry_sections
                0x000000001fffaae8        0x0
                0x000000001fffaae8                __font_entry_start = .
 *(SORT_BY_NAME(SORT_BY_ALIGNMENT(._cfb_font.*)))
                0x000000001fffaae8                __font_entry_end = .

rodata          0x000000001fffaae8      0x12c
 *(SORT_BY_ALIGNMENT(.rodata))
 *(SORT_BY_ALIGNMENT(.rodata.*))
 .rodata.__pinctrl_dev_config__device_dts_ord_206
                0x000000001fffaae8        0x8 zephyr/drivers/serial/libdrivers__serial.a(uart_imx.c.obj)
 .rodata.__pinctrl_states__device_dts_ord_206
                0x000000001fffaaf0        0x8 zephyr/drivers/serial/libdrivers__serial.a(uart_imx.c.obj)
 .rodata.__pinctrl_state_pins_0__device_dts_ord_206
                0x000000001fffaaf8       0x28 zephyr/drivers/serial/libdrivers__serial.a(uart_imx.c.obj)
 .rodata.imx_uart_0_config
                0x000000001fffab20       0x14 zephyr/drivers/serial/libdrivers__serial.a(uart_imx.c.obj)
 .rodata.uart_imx_driver_api
                0x000000001fffab34       0x4c zephyr/drivers/serial/libdrivers__serial.a(uart_imx.c.obj)
 .rodata._k_neg_eagain
                0x000000001fffab80        0x4 zephyr/kernel/libkernel.a(errno.c.obj)
                0x000000001fffab80                _k_neg_eagain
 .rodata.levels.0
                0x000000001fffab84       0x18 zephyr/kernel/libkernel.a(init.c.obj)
 .rodata.str1.1
                0x000000001fffab9c       0x11 zephyr/libzephyr.a(cbprintf_packaged.c.obj)
 .rodata.z_cbvprintf_impl.str1.1
                0x000000001fffabad        0x6 zephyr/libzephyr.a(cbprintf_complete.c.obj)
 .rodata.str1.1
                0x000000001fffabb3        0xe zephyr/drivers/serial/libdrivers__serial.a(uart_imx.c.obj)
 .rodata.CSWTCH.6
                0x000000001fffabc1        0x6 modules/hal_nxp/hal_nxp/lib..__modules__hal__nxp.a(uart_imx.c.obj)
 .rodata.z_cstart.str1.1
                0x000000001fffabc7        0x5 zephyr/kernel/libkernel.a(init.c.obj)
 .rodata.str1.1
                0x000000001fffabcc        0x3 zephyr/kernel/libkernel.a(init.c.obj)
 .rodata.boot_banner.str1.1
                0x000000001fffabcf       0x42 zephyr/kernel/libkernel.a(banner.c.obj)
 *(SORT_BY_ALIGNMENT(.gnu.linkonce.r.*))
                0x000000001fffac14                . = ALIGN (0x4)
 *fill*         0x000000001fffac11        0x3 
                0x000000001fffac14                __rodata_region_end = .
                0x000000001fffac14                . = ALIGN (_region_min_align)
                0x000000001fffac14                __rom_region_end = ((__rom_region_start + .) - ADDR (rom_start))

/DISCARD/
 *(SORT_BY_ALIGNMENT(.got.plt))
 *(SORT_BY_ALIGNMENT(.igot.plt))
 *(SORT_BY_ALIGNMENT(.got))
 *(SORT_BY_ALIGNMENT(.igot))
                0x0000000020000000                . = 0x20000000
                0x0000000020000000                . = ALIGN (_region_min_align)
                0x0000000020000000                _image_ram_start = .

.ramfunc        0x0000000020000000        0x0 load address 0x000000001fffac14
                0x0000000020000000                . = ALIGN (_region_min_align)
                0x0000000020000000                __ramfunc_start = .
 *(SORT_BY_ALIGNMENT(.ramfunc))
 *(SORT_BY_ALIGNMENT(.ramfunc.*))
                0x0000000020000000                . = ALIGN (_region_min_align)
                0x0000000020000000                __ramfunc_end = .
                0x0000000000000000                __ramfunc_size = (__ramfunc_end - __ramfunc_start)
                0x000000001fffac14                __ramfunc_load_start = LOADADDR (.ramfunc)

datas           0x0000000020000000       0x10 load address 0x000000001fffac14
                0x0000000020000000                __data_region_start = .
                0x0000000020000000                __data_start = .
 *(SORT_BY_ALIGNMENT(.data))
 *(SORT_BY_ALIGNMENT(.data.*))
 .data._char_out
                0x0000000020000000        0x4 zephyr/libzephyr.a(printk.c.obj)
                0x0000000020000000                _char_out
 .data._stdout_hook
                0x0000000020000004        0x4 zephyr/lib/libc/minimal/liblib__libc__minimal.a(stdout_console.c.obj)
 .data.timeout_list
                0x0000000020000008        0x8 zephyr/kernel/libkernel.a(timeout.c.obj)
 *(SORT_BY_ALIGNMENT(.kernel.*))
                0x0000000020000010                __data_end = .
                0x0000000000000010                __data_size = (__data_end - __data_start)
                0x000000001fffac14                __data_load_start = LOADADDR (datas)
                0x000000001fffac14                __data_region_load_start = LOADADDR (datas)

device_states   0x0000000020000010        0x2 load address 0x000000001fffac24
                0x0000000020000010                __device_states_start = .
 *(SORT_BY_ALIGNMENT(.z_devstate))
 .z_devstate    0x0000000020000010        0x2 zephyr/drivers/serial/libdrivers__serial.a(uart_imx.c.obj)
 *(SORT_BY_ALIGNMENT(.z_devstate.*))
                0x0000000020000012                __device_states_end = .

initshell       0x0000000020000012        0x0 load address 0x000000001fffac26
                0x0000000020000012                __shell_module_start = .
 *(SORT_BY_ALIGNMENT(.shell_module_*))
                0x0000000020000012                __shell_module_end = .
                0x0000000020000012                __shell_cmd_start = .
 *(SORT_BY_ALIGNMENT(.shell_cmd_*))
                0x0000000020000012                __shell_cmd_end = .

log_mpsc_pbuf_area
                0x0000000020000012        0x0 load address 0x000000001fffac26
                0x0000000020000012                _log_mpsc_pbuf_list_start = .
 *(SORT_BY_NAME(SORT_BY_ALIGNMENT(._log_mpsc_pbuf.static.*)))
                0x0000000020000012                _log_mpsc_pbuf_list_end = .

log_msg_ptr_area
                0x0000000020000012        0x0 load address 0x000000001fffac26
                0x0000000020000012                _log_msg_ptr_list_start = .
 *(SORT_BY_NAME(SORT_BY_ALIGNMENT(._log_msg_ptr.static.*)))
                0x0000000020000012                _log_msg_ptr_list_end = .

log_dynamic_sections
                0x0000000020000012        0x0 load address 0x000000001fffac26
                0x0000000020000012                __log_dynamic_start = .
 *(SORT_BY_NAME(SORT_BY_ALIGNMENT(.log_dynamic_*)))
                0x0000000020000012                __log_dynamic_end = .

k_timer_area    0x0000000020000012        0x0 load address 0x000000001fffac26
                0x0000000020000012                _k_timer_list_start = .
 *(SORT_BY_NAME(SORT_BY_ALIGNMENT(._k_timer.static.*)))
                0x0000000020000012                _k_timer_list_end = .

k_mem_slab_area
                0x0000000020000012        0x0 load address 0x000000001fffac26
                0x0000000020000012                _k_mem_slab_list_start = .
 *(SORT_BY_NAME(SORT_BY_ALIGNMENT(._k_mem_slab.static.*)))
                0x0000000020000012                _k_mem_slab_list_end = .

k_heap_area     0x0000000020000012        0x0 load address 0x000000001fffac26
                0x0000000020000012                _k_heap_list_start = .
 *(SORT_BY_NAME(SORT_BY_ALIGNMENT(._k_heap.static.*)))
                0x0000000020000012                _k_heap_list_end = .

k_mutex_area    0x0000000020000012        0x0 load address 0x000000001fffac26
                0x0000000020000012                _k_mutex_list_start = .
 *(SORT_BY_NAME(SORT_BY_ALIGNMENT(._k_mutex.static.*)))
                0x0000000020000012                _k_mutex_list_end = .

k_stack_area    0x0000000020000012        0x0 load address 0x000000001fffac26
                0x0000000020000012                _k_stack_list_start = .
 *(SORT_BY_NAME(SORT_BY_ALIGNMENT(._k_stack.static.*)))
                0x0000000020000012                _k_stack_list_end = .

k_msgq_area     0x0000000020000012        0x0 load address 0x000000001fffac26
                0x0000000020000012                _k_msgq_list_start = .
 *(SORT_BY_NAME(SORT_BY_ALIGNMENT(._k_msgq.static.*)))
                0x0000000020000012                _k_msgq_list_end = .

k_mbox_area     0x0000000020000012        0x0 load address 0x000000001fffac26
                0x0000000020000012                _k_mbox_list_start = .
 *(SORT_BY_NAME(SORT_BY_ALIGNMENT(._k_mbox.static.*)))
                0x0000000020000012                _k_mbox_list_end = .

k_pipe_area     0x0000000020000012        0x0 load address 0x000000001fffac26
                0x0000000020000012                _k_pipe_list_start = .
 *(SORT_BY_NAME(SORT_BY_ALIGNMENT(._k_pipe.static.*)))
                0x0000000020000012                _k_pipe_list_end = .

k_sem_area      0x0000000020000012        0x0 load address 0x000000001fffac26
                0x0000000020000012                _k_sem_list_start = .
 *(SORT_BY_NAME(SORT_BY_ALIGNMENT(._k_sem.static.*)))
                0x0000000020000012                _k_sem_list_end = .

k_event_area    0x0000000020000012        0x0 load address 0x000000001fffac26
                0x0000000020000012                _k_event_list_start = .
 *(SORT_BY_NAME(SORT_BY_ALIGNMENT(._k_event.static.*)))
                0x0000000020000012                _k_event_list_end = .

k_queue_area    0x0000000020000012        0x0 load address 0x000000001fffac26
                0x0000000020000012                _k_queue_list_start = .
 *(SORT_BY_NAME(SORT_BY_ALIGNMENT(._k_queue.static.*)))
                0x0000000020000012                _k_queue_list_end = .

k_condvar_area  0x0000000020000012        0x0 load address 0x000000001fffac26
                0x0000000020000012                _k_condvar_list_start = .
 *(SORT_BY_NAME(SORT_BY_ALIGNMENT(._k_condvar.static.*)))
                0x0000000020000012                _k_condvar_list_end = .

_net_buf_pool_area
                0x0000000020000012        0x0 load address 0x000000001fffac26
                0x0000000020000012                _net_buf_pool_list = .
 *(SORT_BY_NAME(SORT_BY_ALIGNMENT(._net_buf_pool.static.*)))
                0x0000000020000012                __data_region_end = .

bss             0x0000000020000018      0x14a
                0x0000000020000018                . = ALIGN (0x4)
                0x0000000020000018                __bss_start = .
                0x0000000020000018                __kernel_ram_start = .
 *(SORT_BY_ALIGNMENT(.bss))
 *(SORT_BY_ALIGNMENT(.bss.*))
 .bss.z_idle_threads
                0x0000000020000018       0x70 zephyr/kernel/libkernel.a(init.c.obj)
                0x0000000020000018                z_idle_threads
 .bss.z_main_thread
                0x0000000020000088       0x70 zephyr/kernel/libkernel.a(init.c.obj)
                0x0000000020000088                z_main_thread
 .bss.slice_timeouts
                0x00000000200000f8       0x18 zephyr/kernel/libkernel.a(sched.c.obj)
 .bss.curr_tick
                0x0000000020000110        0x8 zephyr/kernel/libkernel.a(timeout.c.obj)
 .bss.imx_uart_0_data
                0x0000000020000118        0x8 zephyr/drivers/serial/libdrivers__serial.a(uart_imx.c.obj)
 .bss.overflow_cyc
                0x0000000020000120        0x4 zephyr/drivers/timer/libdrivers__timer.a(cortex_m_systick.c.obj)
 .bss.announced_cycles
                0x0000000020000124        0x4 zephyr/drivers/timer/libdrivers__timer.a(cortex_m_systick.c.obj)
 .bss.cycle_count
                0x0000000020000128        0x4 zephyr/drivers/timer/libdrivers__timer.a(cortex_m_systick.c.obj)
 .bss.last_load
                0x000000002000012c        0x4 zephyr/drivers/timer/libdrivers__timer.a(cortex_m_systick.c.obj)
 .bss._kernel   0x0000000020000130       0x20 zephyr/kernel/libkernel.a(init.c.obj)
                0x0000000020000130                _kernel
 .bss.pending_current
                0x0000000020000150        0x4 zephyr/kernel/libkernel.a(sched.c.obj)
 .bss.slice_max_prio
                0x0000000020000154        0x4 zephyr/kernel/libkernel.a(sched.c.obj)
 .bss.slice_ticks
                0x0000000020000158        0x4 zephyr/kernel/libkernel.a(sched.c.obj)
 .bss.announce_remaining
                0x000000002000015c        0x4 zephyr/kernel/libkernel.a(timeout.c.obj)
 .bss.z_sys_post_kernel
                0x0000000020000160        0x1 zephyr/kernel/libkernel.a(init.c.obj)
                0x0000000020000160                z_sys_post_kernel
 .bss.slice_expired
                0x0000000020000161        0x1 zephyr/kernel/libkernel.a(sched.c.obj)
 .bss.sched_spinlock
                0x0000000020000162        0x0 zephyr/kernel/libkernel.a(sched.c.obj)
                0x0000000020000162                sched_spinlock
 *(SORT_BY_ALIGNMENT(COMMON))
 *(SORT_BY_ALIGNMENT(.kernel_bss.*))
                0x0000000020000164                __bss_end = ALIGN (0x4)

noinit          0x0000000020000168      0xd40
 *(SORT_BY_ALIGNMENT(.noinit))
 *(SORT_BY_ALIGNMENT(.noinit.*))
 .noinit."WEST_TOPDIR/zephyr/kernel/init.c".2
                0x0000000020000168      0x800 zephyr/kernel/libkernel.a(init.c.obj)
                0x0000000020000168                z_interrupt_stacks
 .noinit."WEST_TOPDIR/zephyr/kernel/init.c".1
                0x0000000020000968      0x140 zephyr/kernel/libkernel.a(init.c.obj)
 .noinit."WEST_TOPDIR/zephyr/kernel/init.c".0
                0x0000000020000aa8      0x400 zephyr/kernel/libkernel.a(init.c.obj)
                0x0000000020000aa8                z_main_stack
 *(SORT_BY_ALIGNMENT(.kernel_noinit.*))
                0x0000000020000ea8                _image_ram_end = .
                0x0000000020000ea8                _end = .
                0x0000000020008000                __kernel_ram_end = 0x20008000
                0x0000000000007fe8                __kernel_ram_size = (__kernel_ram_end - __kernel_ram_start)

.intList        0x00000000fffff800       0x18
 *(SORT_BY_ALIGNMENT(.irq_info*))
 .irq_info      0x00000000fffff800        0x8 zephyr/arch/common/libisr_tables.a(isr_tables.c.obj)
                0x00000000fffff800                _iheader
 *(SORT_BY_ALIGNMENT(.intList*))
 .intList       0x00000000fffff808       0x10 zephyr/drivers/serial/libdrivers__serial.a(uart_imx.c.obj)

.stab
 *(SORT_BY_ALIGNMENT(.stab))

.stabstr
 *(SORT_BY_ALIGNMENT(.stabstr))

.stab.excl
 *(SORT_BY_ALIGNMENT(.stab.excl))

.stab.exclstr
 *(SORT_BY_ALIGNMENT(.stab.exclstr))

.stab.index
 *(SORT_BY_ALIGNMENT(.stab.index))

.stab.indexstr
 *(SORT_BY_ALIGNMENT(.stab.indexstr))

.gnu.build.attributes
 *(SORT_BY_ALIGNMENT(.gnu.build.attributes) SORT_BY_ALIGNMENT(.gnu.build.attributes.*))

.comment        0x0000000000000000       0x20
 *(SORT_BY_ALIGNMENT(.comment))
 .comment       0x0000000000000000       0x20 zephyr/CMakeFiles/zephyr_pre1.dir/dev_handles.c.obj
                                         0x21 (size before relaxing)
 .comment       0x0000000000000020       0x21 zephyr/CMakeFiles/offsets.dir/./arch/arm/core/offsets/offsets.c.obj
 .comment       0x0000000000000020       0x21 app/libapp.a(main.c.obj)
 .comment       0x0000000000000020       0x21 zephyr/libzephyr.a(cbprintf_packaged.c.obj)
 .comment       0x0000000000000020       0x21 zephyr/libzephyr.a(printk.c.obj)
 .comment       0x0000000000000020       0x21 zephyr/libzephyr.a(thread_entry.c.obj)
 .comment       0x0000000000000020       0x21 zephyr/libzephyr.a(cbprintf_complete.c.obj)
 .comment       0x0000000000000020       0x21 zephyr/libzephyr.a(configs.c.obj)
 .comment       0x0000000000000020       0x21 zephyr/libzephyr.a(soc.c.obj)
 .comment       0x0000000000000020       0x21 zephyr/arch/arch/arm/core/aarch32/libarch__arm__core__aarch32.a(fatal.c.obj)
 .comment       0x0000000000000020       0x21 zephyr/arch/arch/arm/core/aarch32/libarch__arm__core__aarch32.a(irq_manage.c.obj)
 .comment       0x0000000000000020       0x21 zephyr/arch/arch/arm/core/aarch32/libarch__arm__core__aarch32.a(nmi.c.obj)
 .comment       0x0000000000000020       0x21 zephyr/arch/arch/arm/core/aarch32/libarch__arm__core__aarch32.a(prep_c.c.obj)
 .comment       0x0000000000000020       0x21 zephyr/arch/arch/arm/core/aarch32/libarch__arm__core__aarch32.a(swap.c.obj)
 .comment       0x0000000000000020       0x21 zephyr/arch/arch/arm/core/aarch32/libarch__arm__core__aarch32.a(thread.c.obj)
 .comment       0x0000000000000020       0x21 zephyr/arch/arch/arm/core/aarch32/cortex_m/libarch__arm__core__aarch32__cortex_m.a(fault.c.obj)
 .comment       0x0000000000000020       0x21 zephyr/arch/arch/arm/core/aarch32/cortex_m/libarch__arm__core__aarch32__cortex_m.a(irq_init.c.obj)
 .comment       0x0000000000000020       0x21 zephyr/arch/arch/arm/core/aarch32/cortex_m/libarch__arm__core__aarch32__cortex_m.a(thread_abort.c.obj)
 .comment       0x0000000000000020       0x21 zephyr/lib/libc/minimal/liblib__libc__minimal.a(string.c.obj)
 .comment       0x0000000000000020       0x21 zephyr/lib/libc/minimal/liblib__libc__minimal.a(stdout_console.c.obj)
 .comment       0x0000000000000020       0x21 zephyr/drivers/console/libdrivers__console.a(uart_console.c.obj)
 .comment       0x0000000000000020       0x21 zephyr/drivers/pinctrl/libdrivers__pinctrl.a(common.c.obj)
 .comment       0x0000000000000020       0x21 zephyr/drivers/pinctrl/libdrivers__pinctrl.a(pinctrl_imx.c.obj)
 .comment       0x0000000000000020       0x21 zephyr/drivers/serial/libdrivers__serial.a(uart_imx.c.obj)
 .comment       0x0000000000000020       0x21 zephyr/drivers/timer/libdrivers__timer.a(cortex_m_systick.c.obj)
 .comment       0x0000000000000020       0x21 modules/hal_nxp/hal_nxp/lib..__modules__hal__nxp.a(ccm_imx7d.c.obj)
 .comment       0x0000000000000020       0x21 modules/hal_nxp/hal_nxp/lib..__modules__hal__nxp.a(ccm_analog_imx7d.c.obj)
 .comment       0x0000000000000020       0x21 modules/hal_nxp/hal_nxp/lib..__modules__hal__nxp.a(uart_imx.c.obj)
 .comment       0x0000000000000020       0x21 modules/hal_nxp/hal_nxp/lib..__modules__hal__nxp.a(clock_freq.c.obj)
 .comment       0x0000000000000020       0x21 zephyr/kernel/libkernel.a(device.c.obj)
 .comment       0x0000000000000020       0x21 zephyr/kernel/libkernel.a(errno.c.obj)
 .comment       0x0000000000000020       0x21 zephyr/kernel/libkernel.a(fatal.c.obj)
 .comment       0x0000000000000020       0x21 zephyr/kernel/libkernel.a(init.c.obj)
 .comment       0x0000000000000020       0x21 zephyr/kernel/libkernel.a(thread.c.obj)
 .comment       0x0000000000000020       0x21 zephyr/kernel/libkernel.a(idle.c.obj)
 .comment       0x0000000000000020       0x21 zephyr/kernel/libkernel.a(sched.c.obj)
 .comment       0x0000000000000020       0x21 zephyr/kernel/libkernel.a(xip.c.obj)
 .comment       0x0000000000000020       0x21 zephyr/kernel/libkernel.a(timeout.c.obj)
 .comment       0x0000000000000020       0x21 zephyr/kernel/libkernel.a(banner.c.obj)
 .comment       0x0000000000000020       0x21 zephyr/arch/common/libisr_tables.a(isr_tables.c.obj)

.debug
 *(SORT_BY_ALIGNMENT(.debug))

.line
 *(SORT_BY_ALIGNMENT(.line))

.debug_srcinfo
 *(SORT_BY_ALIGNMENT(.debug_srcinfo))

.debug_sfnames
 *(SORT_BY_ALIGNMENT(.debug_sfnames))

.debug_aranges  0x0000000000000000      0xd18
 *(SORT_BY_ALIGNMENT(.debug_aranges))
 .debug_aranges
                0x0000000000000000       0x30 zephyr/arch/arch/arm/core/aarch32/libarch__arm__core__aarch32.a(cpu_idle.S.obj)
 .debug_aranges
                0x0000000000000030       0x20 zephyr/arch/arch/arm/core/aarch32/libarch__arm__core__aarch32.a(nmi_on_reset.S.obj)
 .debug_aranges
                0x0000000000000050       0x28 zephyr/arch/arch/arm/core/aarch32/libarch__arm__core__aarch32.a(swap_helper.S.obj)
 .debug_aranges
                0x0000000000000078       0x20 zephyr/arch/arch/arm/core/aarch32/libarch__arm__core__aarch32.a(isr_wrapper.S.obj)
 .debug_aranges
                0x0000000000000098       0x20 zephyr/arch/arch/arm/core/aarch32/cortex_m/libarch__arm__core__aarch32__cortex_m.a(exc_exit.S.obj)
 .debug_aranges
                0x00000000000000b8       0x20 zephyr/arch/arch/arm/core/aarch32/cortex_m/libarch__arm__core__aarch32__cortex_m.a(fault_s.S.obj)
 .debug_aranges
                0x00000000000000d8       0x20 zephyr/arch/arch/arm/core/aarch32/cortex_m/libarch__arm__core__aarch32__cortex_m.a(reset.S.obj)
 .debug_aranges
                0x00000000000000f8       0x18 zephyr/CMakeFiles/zephyr_pre1.dir/dev_handles.c.obj
 .debug_aranges
                0x0000000000000110       0x20 zephyr/CMakeFiles/offsets.dir/./arch/arm/core/offsets/offsets.c.obj
 .debug_aranges
                0x0000000000000130       0x38 app/libapp.a(main.c.obj)
 .debug_aranges
                0x0000000000000168       0x40 zephyr/libzephyr.a(cbprintf_packaged.c.obj)
 .debug_aranges
                0x00000000000001a8       0x68 zephyr/libzephyr.a(printk.c.obj)
 .debug_aranges
                0x0000000000000210       0x20 zephyr/libzephyr.a(thread_entry.c.obj)
 .debug_aranges
                0x0000000000000230       0x30 zephyr/libzephyr.a(cbprintf_complete.c.obj)
 .debug_aranges
                0x0000000000000260       0x20 zephyr/libzephyr.a(configs.c.obj)
 .debug_aranges
                0x0000000000000280       0x30 zephyr/libzephyr.a(soc.c.obj)
 .debug_aranges
                0x00000000000002b0       0x30 zephyr/arch/arch/arm/core/aarch32/libarch__arm__core__aarch32.a(fatal.c.obj)
 .debug_aranges
                0x00000000000002e0       0x40 zephyr/arch/arch/arm/core/aarch32/libarch__arm__core__aarch32.a(irq_manage.c.obj)
 .debug_aranges
                0x0000000000000320       0x20 zephyr/arch/arch/arm/core/aarch32/libarch__arm__core__aarch32.a(nmi.c.obj)
 .debug_aranges
                0x0000000000000340       0x20 zephyr/arch/arch/arm/core/aarch32/libarch__arm__core__aarch32.a(prep_c.c.obj)
 .debug_aranges
                0x0000000000000360       0x20 zephyr/arch/arch/arm/core/aarch32/libarch__arm__core__aarch32.a(swap.c.obj)
 .debug_aranges
                0x0000000000000380       0x28 zephyr/arch/arch/arm/core/aarch32/libarch__arm__core__aarch32.a(thread.c.obj)
 .debug_aranges
                0x00000000000003a8       0x40 zephyr/arch/arch/arm/core/aarch32/cortex_m/libarch__arm__core__aarch32__cortex_m.a(fault.c.obj)
 .debug_aranges
                0x00000000000003e8       0x20 zephyr/arch/arch/arm/core/aarch32/cortex_m/libarch__arm__core__aarch32__cortex_m.a(irq_init.c.obj)
 .debug_aranges
                0x0000000000000408       0x20 zephyr/arch/arch/arm/core/aarch32/cortex_m/libarch__arm__core__aarch32__cortex_m.a(thread_abort.c.obj)
 .debug_aranges
                0x0000000000000428       0x98 zephyr/lib/libc/minimal/liblib__libc__minimal.a(string.c.obj)
 .debug_aranges
                0x00000000000004c0       0x58 zephyr/lib/libc/minimal/liblib__libc__minimal.a(stdout_console.c.obj)
 .debug_aranges
                0x0000000000000518       0x30 zephyr/drivers/console/libdrivers__console.a(uart_console.c.obj)
 .debug_aranges
                0x0000000000000548       0x20 zephyr/drivers/pinctrl/libdrivers__pinctrl.a(common.c.obj)
 .debug_aranges
                0x0000000000000568       0x28 zephyr/drivers/pinctrl/libdrivers__pinctrl.a(pinctrl_imx.c.obj)
 .debug_aranges
                0x0000000000000590       0xa8 zephyr/drivers/serial/libdrivers__serial.a(uart_imx.c.obj)
 .debug_aranges
                0x0000000000000638       0x58 zephyr/drivers/timer/libdrivers__timer.a(cortex_m_systick.c.obj)
 .debug_aranges
                0x0000000000000690       0x30 modules/hal_nxp/hal_nxp/lib..__modules__hal__nxp.a(ccm_imx7d.c.obj)
 .debug_aranges
                0x00000000000006c0       0x50 modules/hal_nxp/hal_nxp/lib..__modules__hal__nxp.a(ccm_analog_imx7d.c.obj)
 .debug_aranges
                0x0000000000000710       0xe0 modules/hal_nxp/hal_nxp/lib..__modules__hal__nxp.a(uart_imx.c.obj)
 .debug_aranges
                0x00000000000007f0       0x40 modules/hal_nxp/hal_nxp/lib..__modules__hal__nxp.a(clock_freq.c.obj)
 .debug_aranges
                0x0000000000000830       0x50 zephyr/kernel/libkernel.a(device.c.obj)
 .debug_aranges
                0x0000000000000880       0x20 zephyr/kernel/libkernel.a(errno.c.obj)
 .debug_aranges
                0x00000000000008a0       0x60 zephyr/kernel/libkernel.a(fatal.c.obj)
 .debug_aranges
                0x0000000000000900       0x50 zephyr/kernel/libkernel.a(init.c.obj)
 .debug_aranges
                0x0000000000000950       0xb8 zephyr/kernel/libkernel.a(thread.c.obj)
 .debug_aranges
                0x0000000000000a08       0x28 zephyr/kernel/libkernel.a(idle.c.obj)
 .debug_aranges
                0x0000000000000a30      0x200 zephyr/kernel/libkernel.a(sched.c.obj)
 .debug_aranges
                0x0000000000000c30       0x20 zephyr/kernel/libkernel.a(xip.c.obj)
 .debug_aranges
                0x0000000000000c50       0x90 zephyr/kernel/libkernel.a(timeout.c.obj)
 .debug_aranges
                0x0000000000000ce0       0x20 zephyr/kernel/libkernel.a(banner.c.obj)
 .debug_aranges
                0x0000000000000d00       0x18 zephyr/arch/common/libisr_tables.a(isr_tables.c.obj)

.debug_pubnames
 *(SORT_BY_ALIGNMENT(.debug_pubnames))

.debug_info     0x0000000000000000    0x2e62e
 *(SORT_BY_ALIGNMENT(.debug_info) SORT_BY_ALIGNMENT(.gnu.linkonce.wi.*))
 .debug_info    0x0000000000000000       0xbe zephyr/CMakeFiles/zephyr_pre1.dir/dev_handles.c.obj
 .debug_info    0x00000000000000be       0xd0 zephyr/CMakeFiles/offsets.dir/./arch/arm/core/offsets/offsets.c.obj
 .debug_info    0x000000000000018e      0x288 app/libapp.a(main.c.obj)
 .debug_info    0x0000000000000416     0x1df8 zephyr/libzephyr.a(cbprintf_packaged.c.obj)
 .debug_info    0x000000000000220e      0x6de zephyr/libzephyr.a(printk.c.obj)
 .debug_info    0x00000000000028ec      0x5d2 zephyr/libzephyr.a(thread_entry.c.obj)
 .debug_info    0x0000000000002ebe     0x1067 zephyr/libzephyr.a(cbprintf_complete.c.obj)
 .debug_info    0x0000000000003f25       0x38 zephyr/libzephyr.a(configs.c.obj)
 .debug_info    0x0000000000003f5d     0x14d7 zephyr/libzephyr.a(soc.c.obj)
 .debug_info    0x0000000000005434       0x22 zephyr/arch/arch/arm/core/aarch32/libarch__arm__core__aarch32.a(cpu_idle.S.obj)
 .debug_info    0x0000000000005456     0x2552 zephyr/arch/arch/arm/core/aarch32/libarch__arm__core__aarch32.a(fatal.c.obj)
 .debug_info    0x00000000000079a8      0xac6 zephyr/arch/arch/arm/core/aarch32/libarch__arm__core__aarch32.a(irq_manage.c.obj)
 .debug_info    0x000000000000846e       0xb6 zephyr/arch/arch/arm/core/aarch32/libarch__arm__core__aarch32.a(nmi.c.obj)
 .debug_info    0x0000000000008524       0x23 zephyr/arch/arch/arm/core/aarch32/libarch__arm__core__aarch32.a(nmi_on_reset.S.obj)
 .debug_info    0x0000000000008547      0x3f2 zephyr/arch/arch/arm/core/aarch32/libarch__arm__core__aarch32.a(prep_c.c.obj)
 .debug_info    0x0000000000008939      0x76e zephyr/arch/arch/arm/core/aarch32/libarch__arm__core__aarch32.a(swap.c.obj)
 .debug_info    0x00000000000090a7       0x22 zephyr/arch/arch/arm/core/aarch32/libarch__arm__core__aarch32.a(swap_helper.S.obj)
 .debug_info    0x00000000000090c9      0x7cc zephyr/arch/arch/arm/core/aarch32/libarch__arm__core__aarch32.a(thread.c.obj)
 .debug_info    0x0000000000009895       0x23 zephyr/arch/arch/arm/core/aarch32/libarch__arm__core__aarch32.a(isr_wrapper.S.obj)
 .debug_info    0x00000000000098b8       0x23 zephyr/arch/arch/arm/core/aarch32/cortex_m/libarch__arm__core__aarch32__cortex_m.a(exc_exit.S.obj)
 .debug_info    0x00000000000098db     0xbb51 zephyr/arch/arch/arm/core/aarch32/cortex_m/libarch__arm__core__aarch32__cortex_m.a(fault.c.obj)
 .debug_info    0x000000000001542c       0x23 zephyr/arch/arch/arm/core/aarch32/cortex_m/libarch__arm__core__aarch32__cortex_m.a(fault_s.S.obj)
 .debug_info    0x000000000001544f      0x76f zephyr/arch/arch/arm/core/aarch32/cortex_m/libarch__arm__core__aarch32__cortex_m.a(irq_init.c.obj)
 .debug_info    0x0000000000015bbe       0x23 zephyr/arch/arch/arm/core/aarch32/cortex_m/libarch__arm__core__aarch32__cortex_m.a(reset.S.obj)
 .debug_info    0x0000000000015be1      0x7ae zephyr/arch/arch/arm/core/aarch32/cortex_m/libarch__arm__core__aarch32__cortex_m.a(thread_abort.c.obj)
 .debug_info    0x000000000001638f      0x730 zephyr/lib/libc/minimal/liblib__libc__minimal.a(string.c.obj)
 .debug_info    0x0000000000016abf      0x762 zephyr/lib/libc/minimal/liblib__libc__minimal.a(stdout_console.c.obj)
 .debug_info    0x0000000000017221      0x93a zephyr/drivers/console/libdrivers__console.a(uart_console.c.obj)
 .debug_info    0x0000000000017b5b      0x1ef zephyr/drivers/pinctrl/libdrivers__pinctrl.a(common.c.obj)
 .debug_info    0x0000000000017d4a      0x3b4 zephyr/drivers/pinctrl/libdrivers__pinctrl.a(pinctrl_imx.c.obj)
 .debug_info    0x00000000000180fe     0x1de3 zephyr/drivers/serial/libdrivers__serial.a(uart_imx.c.obj)
 .debug_info    0x0000000000019ee1     0x115b zephyr/drivers/timer/libdrivers__timer.a(cortex_m_systick.c.obj)
 .debug_info    0x000000000001b03c      0x496 modules/hal_nxp/hal_nxp/lib..__modules__hal__nxp.a(ccm_imx7d.c.obj)
 .debug_info    0x000000000001b4d2      0x9c3 modules/hal_nxp/hal_nxp/lib..__modules__hal__nxp.a(ccm_analog_imx7d.c.obj)
 .debug_info    0x000000000001be95      0x954 modules/hal_nxp/hal_nxp/lib..__modules__hal__nxp.a(uart_imx.c.obj)
 .debug_info    0x000000000001c7e9     0x15f7 modules/hal_nxp/hal_nxp/lib..__modules__hal__nxp.a(clock_freq.c.obj)
 .debug_info    0x000000000001dde0      0x6d4 zephyr/kernel/libkernel.a(device.c.obj)
 .debug_info    0x000000000001e4b4      0x621 zephyr/kernel/libkernel.a(errno.c.obj)
 .debug_info    0x000000000001ead5     0x27b5 zephyr/kernel/libkernel.a(fatal.c.obj)
 .debug_info    0x000000000002128a     0x1cb9 zephyr/kernel/libkernel.a(init.c.obj)
 .debug_info    0x0000000000022f43     0x26fc zephyr/kernel/libkernel.a(thread.c.obj)
 .debug_info    0x000000000002563f      0x230 zephyr/kernel/libkernel.a(idle.c.obj)
 .debug_info    0x000000000002586f     0x70ee zephyr/kernel/libkernel.a(sched.c.obj)
 .debug_info    0x000000000002c95d      0x139 zephyr/kernel/libkernel.a(xip.c.obj)
 .debug_info    0x000000000002ca96     0x191c zephyr/kernel/libkernel.a(timeout.c.obj)
 .debug_info    0x000000000002e3b2       0xc5 zephyr/kernel/libkernel.a(banner.c.obj)
 .debug_info    0x000000000002e477      0x1b7 zephyr/arch/common/libisr_tables.a(isr_tables.c.obj)

.debug_abbrev   0x0000000000000000     0x66b1
 *(SORT_BY_ALIGNMENT(.debug_abbrev))
 .debug_abbrev  0x0000000000000000       0x64 zephyr/CMakeFiles/zephyr_pre1.dir/dev_handles.c.obj
 .debug_abbrev  0x0000000000000064       0x62 zephyr/CMakeFiles/offsets.dir/./arch/arm/core/offsets/offsets.c.obj
 .debug_abbrev  0x00000000000000c6      0x168 app/libapp.a(main.c.obj)
 .debug_abbrev  0x000000000000022e      0x4e8 zephyr/libzephyr.a(cbprintf_packaged.c.obj)
 .debug_abbrev  0x0000000000000716      0x322 zephyr/libzephyr.a(printk.c.obj)
 .debug_abbrev  0x0000000000000a38      0x23a zephyr/libzephyr.a(thread_entry.c.obj)
 .debug_abbrev  0x0000000000000c72      0x3f1 zephyr/libzephyr.a(cbprintf_complete.c.obj)
 .debug_abbrev  0x0000000000001063       0x2e zephyr/libzephyr.a(configs.c.obj)
 .debug_abbrev  0x0000000000001091      0x2f1 zephyr/libzephyr.a(soc.c.obj)
 .debug_abbrev  0x0000000000001382       0x12 zephyr/arch/arch/arm/core/aarch32/libarch__arm__core__aarch32.a(cpu_idle.S.obj)
 .debug_abbrev  0x0000000000001394      0x2cb zephyr/arch/arch/arm/core/aarch32/libarch__arm__core__aarch32.a(fatal.c.obj)
 .debug_abbrev  0x000000000000165f      0x279 zephyr/arch/arch/arm/core/aarch32/libarch__arm__core__aarch32.a(irq_manage.c.obj)
 .debug_abbrev  0x00000000000018d8       0x70 zephyr/arch/arch/arm/core/aarch32/libarch__arm__core__aarch32.a(nmi.c.obj)
 .debug_abbrev  0x0000000000001948       0x14 zephyr/arch/arch/arm/core/aarch32/libarch__arm__core__aarch32.a(nmi_on_reset.S.obj)
 .debug_abbrev  0x000000000000195c      0x207 zephyr/arch/arch/arm/core/aarch32/libarch__arm__core__aarch32.a(prep_c.c.obj)
 .debug_abbrev  0x0000000000001b63      0x1d9 zephyr/arch/arch/arm/core/aarch32/libarch__arm__core__aarch32.a(swap.c.obj)
 .debug_abbrev  0x0000000000001d3c       0x12 zephyr/arch/arch/arm/core/aarch32/libarch__arm__core__aarch32.a(swap_helper.S.obj)
 .debug_abbrev  0x0000000000001d4e      0x207 zephyr/arch/arch/arm/core/aarch32/libarch__arm__core__aarch32.a(thread.c.obj)
 .debug_abbrev  0x0000000000001f55       0x14 zephyr/arch/arch/arm/core/aarch32/libarch__arm__core__aarch32.a(isr_wrapper.S.obj)
 .debug_abbrev  0x0000000000001f69       0x14 zephyr/arch/arch/arm/core/aarch32/cortex_m/libarch__arm__core__aarch32__cortex_m.a(exc_exit.S.obj)
 .debug_abbrev  0x0000000000001f7d      0x41f zephyr/arch/arch/arm/core/aarch32/cortex_m/libarch__arm__core__aarch32__cortex_m.a(fault.c.obj)
 .debug_abbrev  0x000000000000239c       0x14 zephyr/arch/arch/arm/core/aarch32/cortex_m/libarch__arm__core__aarch32__cortex_m.a(fault_s.S.obj)
 .debug_abbrev  0x00000000000023b0      0x16a zephyr/arch/arch/arm/core/aarch32/cortex_m/libarch__arm__core__aarch32__cortex_m.a(irq_init.c.obj)
 .debug_abbrev  0x000000000000251a       0x14 zephyr/arch/arch/arm/core/aarch32/cortex_m/libarch__arm__core__aarch32__cortex_m.a(reset.S.obj)
 .debug_abbrev  0x000000000000252e      0x227 zephyr/arch/arch/arm/core/aarch32/cortex_m/libarch__arm__core__aarch32__cortex_m.a(thread_abort.c.obj)
 .debug_abbrev  0x0000000000002755      0x171 zephyr/lib/libc/minimal/liblib__libc__minimal.a(string.c.obj)
 .debug_abbrev  0x00000000000028c6      0x2a3 zephyr/lib/libc/minimal/liblib__libc__minimal.a(stdout_console.c.obj)
 .debug_abbrev  0x0000000000002b69      0x377 zephyr/drivers/console/libdrivers__console.a(uart_console.c.obj)
 .debug_abbrev  0x0000000000002ee0       0xe7 zephyr/drivers/pinctrl/libdrivers__pinctrl.a(common.c.obj)
 .debug_abbrev  0x0000000000002fc7      0x1d6 zephyr/drivers/pinctrl/libdrivers__pinctrl.a(pinctrl_imx.c.obj)
 .debug_abbrev  0x000000000000319d      0x540 zephyr/drivers/serial/libdrivers__serial.a(uart_imx.c.obj)
 .debug_abbrev  0x00000000000036dd      0x406 zephyr/drivers/timer/libdrivers__timer.a(cortex_m_systick.c.obj)
 .debug_abbrev  0x0000000000003ae3      0x133 modules/hal_nxp/hal_nxp/lib..__modules__hal__nxp.a(ccm_imx7d.c.obj)
 .debug_abbrev  0x0000000000003c16      0x228 modules/hal_nxp/hal_nxp/lib..__modules__hal__nxp.a(ccm_analog_imx7d.c.obj)
 .debug_abbrev  0x0000000000003e3e      0x21d modules/hal_nxp/hal_nxp/lib..__modules__hal__nxp.a(uart_imx.c.obj)
 .debug_abbrev  0x000000000000405b      0x209 modules/hal_nxp/hal_nxp/lib..__modules__hal__nxp.a(clock_freq.c.obj)
 .debug_abbrev  0x0000000000004264      0x2d6 zephyr/kernel/libkernel.a(device.c.obj)
 .debug_abbrev  0x000000000000453a      0x191 zephyr/kernel/libkernel.a(errno.c.obj)
 .debug_abbrev  0x00000000000046cb      0x424 zephyr/kernel/libkernel.a(fatal.c.obj)
 .debug_abbrev  0x0000000000004aef      0x60c zephyr/kernel/libkernel.a(init.c.obj)
 .debug_abbrev  0x00000000000050fb      0x5c9 zephyr/kernel/libkernel.a(thread.c.obj)
 .debug_abbrev  0x00000000000056c4      0x164 zephyr/kernel/libkernel.a(idle.c.obj)
 .debug_abbrev  0x0000000000005828      0x6d6 zephyr/kernel/libkernel.a(sched.c.obj)
 .debug_abbrev  0x0000000000005efe       0xd1 zephyr/kernel/libkernel.a(xip.c.obj)
 .debug_abbrev  0x0000000000005fcf      0x539 zephyr/kernel/libkernel.a(timeout.c.obj)
 .debug_abbrev  0x0000000000006508       0x8f zephyr/kernel/libkernel.a(banner.c.obj)
 .debug_abbrev  0x0000000000006597      0x11a zephyr/arch/common/libisr_tables.a(isr_tables.c.obj)

.debug_line     0x0000000000000000     0xe9b2
 *(SORT_BY_ALIGNMENT(.debug_line) SORT_BY_ALIGNMENT(.debug_line.*) SORT_BY_ALIGNMENT(.debug_line_end))
 .debug_line    0x0000000000000000      0x100 zephyr/CMakeFiles/zephyr_pre1.dir/dev_handles.c.obj
 .debug_line    0x0000000000000100      0x149 zephyr/CMakeFiles/offsets.dir/./arch/arm/core/offsets/offsets.c.obj
 .debug_line    0x0000000000000249      0x111 app/libapp.a(main.c.obj)
 .debug_line    0x000000000000035a      0xf9c zephyr/libzephyr.a(cbprintf_packaged.c.obj)
 .debug_line    0x00000000000012f6      0x451 zephyr/libzephyr.a(printk.c.obj)
 .debug_line    0x0000000000001747      0x332 zephyr/libzephyr.a(thread_entry.c.obj)
 .debug_line    0x0000000000001a79      0xc57 zephyr/libzephyr.a(cbprintf_complete.c.obj)
 .debug_line    0x00000000000026d0      0x179 zephyr/libzephyr.a(configs.c.obj)
 .debug_line    0x0000000000002849      0x42b zephyr/libzephyr.a(soc.c.obj)
 .debug_line    0x0000000000002c74       0xab zephyr/arch/arch/arm/core/aarch32/libarch__arm__core__aarch32.a(cpu_idle.S.obj)
 .debug_line    0x0000000000002d1f      0x2ee zephyr/arch/arch/arm/core/aarch32/libarch__arm__core__aarch32.a(fatal.c.obj)
 .debug_line    0x000000000000300d      0x350 zephyr/arch/arch/arm/core/aarch32/libarch__arm__core__aarch32.a(irq_manage.c.obj)
 .debug_line    0x000000000000335d       0xd4 zephyr/arch/arch/arm/core/aarch32/libarch__arm__core__aarch32.a(nmi.c.obj)
 .debug_line    0x0000000000003431       0x7b zephyr/arch/arch/arm/core/aarch32/libarch__arm__core__aarch32.a(nmi_on_reset.S.obj)
 .debug_line    0x00000000000034ac      0x29c zephyr/arch/arch/arm/core/aarch32/libarch__arm__core__aarch32.a(prep_c.c.obj)
 .debug_line    0x0000000000003748      0x360 zephyr/arch/arch/arm/core/aarch32/libarch__arm__core__aarch32.a(swap.c.obj)
 .debug_line    0x0000000000003aa8       0xcc zephyr/arch/arch/arm/core/aarch32/libarch__arm__core__aarch32.a(swap_helper.S.obj)
 .debug_line    0x0000000000003b74      0x399 zephyr/arch/arch/arm/core/aarch32/libarch__arm__core__aarch32.a(thread.c.obj)
 .debug_line    0x0000000000003f0d       0x92 zephyr/arch/arch/arm/core/aarch32/libarch__arm__core__aarch32.a(isr_wrapper.S.obj)
 .debug_line    0x0000000000003f9f       0x8e zephyr/arch/arch/arm/core/aarch32/cortex_m/libarch__arm__core__aarch32__cortex_m.a(exc_exit.S.obj)
 .debug_line    0x000000000000402d      0x7c3 zephyr/arch/arch/arm/core/aarch32/cortex_m/libarch__arm__core__aarch32__cortex_m.a(fault.c.obj)
 .debug_line    0x00000000000047f0       0x88 zephyr/arch/arch/arm/core/aarch32/cortex_m/libarch__arm__core__aarch32__cortex_m.a(fault_s.S.obj)
 .debug_line    0x0000000000004878      0x1fb zephyr/arch/arch/arm/core/aarch32/cortex_m/libarch__arm__core__aarch32__cortex_m.a(irq_init.c.obj)
 .debug_line    0x0000000000004a73       0x8d zephyr/arch/arch/arm/core/aarch32/cortex_m/libarch__arm__core__aarch32__cortex_m.a(reset.S.obj)
 .debug_line    0x0000000000004b00      0x40a zephyr/arch/arch/arm/core/aarch32/cortex_m/libarch__arm__core__aarch32__cortex_m.a(thread_abort.c.obj)
 .debug_line    0x0000000000004f0a      0x55f zephyr/lib/libc/minimal/liblib__libc__minimal.a(string.c.obj)
 .debug_line    0x0000000000005469      0x3b1 zephyr/lib/libc/minimal/liblib__libc__minimal.a(stdout_console.c.obj)
 .debug_line    0x000000000000581a      0x38a zephyr/drivers/console/libdrivers__console.a(uart_console.c.obj)
 .debug_line    0x0000000000005ba4      0x18c zephyr/drivers/pinctrl/libdrivers__pinctrl.a(common.c.obj)
 .debug_line    0x0000000000005d30      0x21b zephyr/drivers/pinctrl/libdrivers__pinctrl.a(pinctrl_imx.c.obj)
 .debug_line    0x0000000000005f4b      0x8c5 zephyr/drivers/serial/libdrivers__serial.a(uart_imx.c.obj)
 .debug_line    0x0000000000006810      0x738 zephyr/drivers/timer/libdrivers__timer.a(cortex_m_systick.c.obj)
 .debug_line    0x0000000000006f48      0x1bb modules/hal_nxp/hal_nxp/lib..__modules__hal__nxp.a(ccm_imx7d.c.obj)
 .debug_line    0x0000000000007103      0x450 modules/hal_nxp/hal_nxp/lib..__modules__hal__nxp.a(ccm_analog_imx7d.c.obj)
 .debug_line    0x0000000000007553      0x775 modules/hal_nxp/hal_nxp/lib..__modules__hal__nxp.a(uart_imx.c.obj)
 .debug_line    0x0000000000007cc8      0x735 modules/hal_nxp/hal_nxp/lib..__modules__hal__nxp.a(clock_freq.c.obj)
 .debug_line    0x00000000000083fd      0x478 zephyr/kernel/libkernel.a(device.c.obj)
 .debug_line    0x0000000000008875      0x342 zephyr/kernel/libkernel.a(errno.c.obj)
 .debug_line    0x0000000000008bb7      0x5a9 zephyr/kernel/libkernel.a(fatal.c.obj)
 .debug_line    0x0000000000009160      0x996 zephyr/kernel/libkernel.a(init.c.obj)
 .debug_line    0x0000000000009af6      0xb6c zephyr/kernel/libkernel.a(thread.c.obj)
 .debug_line    0x000000000000a662      0x288 zephyr/kernel/libkernel.a(idle.c.obj)
 .debug_line    0x000000000000a8ea     0x2fa0 zephyr/kernel/libkernel.a(sched.c.obj)
 .debug_line    0x000000000000d88a      0x1c1 zephyr/kernel/libkernel.a(xip.c.obj)
 .debug_line    0x000000000000da4b      0xdbb zephyr/kernel/libkernel.a(timeout.c.obj)
 .debug_line    0x000000000000e806       0xad zephyr/kernel/libkernel.a(banner.c.obj)
 .debug_line    0x000000000000e8b3       0xff zephyr/arch/common/libisr_tables.a(isr_tables.c.obj)

.debug_frame    0x0000000000000000     0x1b48
 *(SORT_BY_ALIGNMENT(.debug_frame))
 .debug_frame   0x0000000000000000       0x20 zephyr/CMakeFiles/offsets.dir/./arch/arm/core/offsets/offsets.c.obj
 .debug_frame   0x0000000000000020       0x50 app/libapp.a(main.c.obj)
 .debug_frame   0x0000000000000070       0xec zephyr/libzephyr.a(cbprintf_packaged.c.obj)
 .debug_frame   0x000000000000015c      0x118 zephyr/libzephyr.a(printk.c.obj)
 .debug_frame   0x0000000000000274       0x28 zephyr/libzephyr.a(thread_entry.c.obj)
 .debug_frame   0x000000000000029c       0x88 zephyr/libzephyr.a(cbprintf_complete.c.obj)
 .debug_frame   0x0000000000000324       0x20 zephyr/libzephyr.a(configs.c.obj)
 .debug_frame   0x0000000000000344       0x5c zephyr/libzephyr.a(soc.c.obj)
 .debug_frame   0x00000000000003a0       0x48 zephyr/arch/arch/arm/core/aarch32/libarch__arm__core__aarch32.a(fatal.c.obj)
 .debug_frame   0x00000000000003e8       0x60 zephyr/arch/arch/arm/core/aarch32/libarch__arm__core__aarch32.a(irq_manage.c.obj)
 .debug_frame   0x0000000000000448       0x2c zephyr/arch/arch/arm/core/aarch32/libarch__arm__core__aarch32.a(nmi.c.obj)
 .debug_frame   0x0000000000000474       0x28 zephyr/arch/arch/arm/core/aarch32/libarch__arm__core__aarch32.a(prep_c.c.obj)
 .debug_frame   0x000000000000049c       0x20 zephyr/arch/arch/arm/core/aarch32/libarch__arm__core__aarch32.a(swap.c.obj)
 .debug_frame   0x00000000000004bc       0x30 zephyr/arch/arch/arm/core/aarch32/libarch__arm__core__aarch32.a(thread.c.obj)
 .debug_frame   0x00000000000004ec       0x84 zephyr/arch/arch/arm/core/aarch32/cortex_m/libarch__arm__core__aarch32__cortex_m.a(fault.c.obj)
 .debug_frame   0x0000000000000570       0x20 zephyr/arch/arch/arm/core/aarch32/cortex_m/libarch__arm__core__aarch32__cortex_m.a(irq_init.c.obj)
 .debug_frame   0x0000000000000590       0x20 zephyr/arch/arch/arm/core/aarch32/cortex_m/libarch__arm__core__aarch32__cortex_m.a(thread_abort.c.obj)
 .debug_frame   0x00000000000005b0      0x170 zephyr/lib/libc/minimal/liblib__libc__minimal.a(string.c.obj)
 .debug_frame   0x0000000000000720       0xb8 zephyr/lib/libc/minimal/liblib__libc__minimal.a(stdout_console.c.obj)
 .debug_frame   0x00000000000007d8       0x54 zephyr/drivers/console/libdrivers__console.a(uart_console.c.obj)
 .debug_frame   0x000000000000082c       0x2c zephyr/drivers/pinctrl/libdrivers__pinctrl.a(common.c.obj)
 .debug_frame   0x0000000000000858       0x40 zephyr/drivers/pinctrl/libdrivers__pinctrl.a(pinctrl_imx.c.obj)
 .debug_frame   0x0000000000000898      0x184 zephyr/drivers/serial/libdrivers__serial.a(uart_imx.c.obj)
 .debug_frame   0x0000000000000a1c       0xc4 zephyr/drivers/timer/libdrivers__timer.a(cortex_m_systick.c.obj)
 .debug_frame   0x0000000000000ae0       0x48 modules/hal_nxp/hal_nxp/lib..__modules__hal__nxp.a(ccm_imx7d.c.obj)
 .debug_frame   0x0000000000000b28       0xb8 modules/hal_nxp/hal_nxp/lib..__modules__hal__nxp.a(ccm_analog_imx7d.c.obj)
 .debug_frame   0x0000000000000be0      0x1cc modules/hal_nxp/hal_nxp/lib..__modules__hal__nxp.a(uart_imx.c.obj)
 .debug_frame   0x0000000000000dac       0xb0 modules/hal_nxp/hal_nxp/lib..__modules__hal__nxp.a(clock_freq.c.obj)
 .debug_frame   0x0000000000000e5c       0xcc zephyr/kernel/libkernel.a(device.c.obj)
 .debug_frame   0x0000000000000f28       0x20 zephyr/kernel/libkernel.a(errno.c.obj)
 .debug_frame   0x0000000000000f48       0xc8 zephyr/kernel/libkernel.a(fatal.c.obj)
 .debug_frame   0x0000000000001010       0xbc zephyr/kernel/libkernel.a(init.c.obj)
 .debug_frame   0x00000000000010cc      0x1c4 zephyr/kernel/libkernel.a(thread.c.obj)
 .debug_frame   0x0000000000001290       0x38 zephyr/kernel/libkernel.a(idle.c.obj)
 .debug_frame   0x00000000000012c8      0x628 zephyr/kernel/libkernel.a(sched.c.obj)
 .debug_frame   0x00000000000018f0       0x2c zephyr/kernel/libkernel.a(xip.c.obj)
 .debug_frame   0x000000000000191c      0x1ac zephyr/kernel/libkernel.a(timeout.c.obj)
 .debug_frame   0x0000000000001ac8       0x20 zephyr/kernel/libkernel.a(banner.c.obj)
 .debug_frame   0x0000000000001ae8       0x2c /home/neuberfran/zephyr-sdk-0.16.0/arm-zephyr-eabi/bin/../lib/gcc/arm-zephyr-eabi/12.2.0/thumb/v7e-m/nofp/libgcc.a(_aeabi_uldivmod.o)
 .debug_frame   0x0000000000001b14       0x34 /home/neuberfran/zephyr-sdk-0.16.0/arm-zephyr-eabi/bin/../lib/gcc/arm-zephyr-eabi/12.2.0/thumb/v7e-m/nofp/libgcc.a(_udivmoddi4.o)

.debug_str      0x0000000000000000     0x7688
 *(SORT_BY_ALIGNMENT(.debug_str))
 .debug_str     0x0000000000000000      0x249 zephyr/CMakeFiles/zephyr_pre1.dir/dev_handles.c.obj
                                        0x28a (size before relaxing)
 .debug_str     0x0000000000000249      0x116 zephyr/CMakeFiles/offsets.dir/./arch/arm/core/offsets/offsets.c.obj
                                        0x31a (size before relaxing)
 .debug_str     0x000000000000035f      0x11e app/libapp.a(main.c.obj)
                                        0x338 (size before relaxing)
 .debug_str     0x000000000000047d      0x739 zephyr/libzephyr.a(cbprintf_packaged.c.obj)
                                        0xa36 (size before relaxing)
 .debug_str     0x0000000000000bb6      0x294 zephyr/libzephyr.a(printk.c.obj)
                                        0x5a8 (size before relaxing)
 .debug_str     0x0000000000000e4a      0x1f4 zephyr/libzephyr.a(thread_entry.c.obj)
                                        0x4b7 (size before relaxing)
 .debug_str     0x000000000000103e      0x36c zephyr/libzephyr.a(cbprintf_complete.c.obj)
                                        0x638 (size before relaxing)
 .debug_str     0x00000000000013aa       0x70 zephyr/libzephyr.a(configs.c.obj)
                                        0x1d9 (size before relaxing)
 .debug_str     0x000000000000141a     0x1417 zephyr/libzephyr.a(soc.c.obj)
                                       0x1661 (size before relaxing)
 .debug_str     0x0000000000002831       0x52 zephyr/arch/arch/arm/core/aarch32/libarch__arm__core__aarch32.a(cpu_idle.S.obj)
                                         0x93 (size before relaxing)
 .debug_str     0x0000000000002883       0xf2 zephyr/arch/arch/arm/core/aarch32/libarch__arm__core__aarch32.a(fatal.c.obj)
                                        0x7b0 (size before relaxing)
 .debug_str     0x0000000000002975      0x938 zephyr/arch/arch/arm/core/aarch32/libarch__arm__core__aarch32.a(irq_manage.c.obj)
                                        0xc39 (size before relaxing)
 .debug_str     0x00000000000032ad       0x6a zephyr/arch/arch/arm/core/aarch32/libarch__arm__core__aarch32.a(nmi.c.obj)
                                        0x26e (size before relaxing)
 .debug_str     0x0000000000003317       0x4a zephyr/arch/arch/arm/core/aarch32/libarch__arm__core__aarch32.a(nmi_on_reset.S.obj)
                                         0x97 (size before relaxing)
 .debug_str     0x0000000000003361       0xe7 zephyr/arch/arch/arm/core/aarch32/libarch__arm__core__aarch32.a(prep_c.c.obj)
                                        0x378 (size before relaxing)
 .debug_str     0x0000000000003448       0x93 zephyr/arch/arch/arm/core/aarch32/libarch__arm__core__aarch32.a(swap.c.obj)
                                        0x51f (size before relaxing)
 .debug_str     0x00000000000034db       0x49 zephyr/arch/arch/arm/core/aarch32/libarch__arm__core__aarch32.a(swap_helper.S.obj)
                                         0x96 (size before relaxing)
 .debug_str     0x0000000000003524       0xc5 zephyr/arch/arch/arm/core/aarch32/libarch__arm__core__aarch32.a(thread.c.obj)
                                        0x576 (size before relaxing)
 .debug_str     0x00000000000035e9       0x49 zephyr/arch/arch/arm/core/aarch32/libarch__arm__core__aarch32.a(isr_wrapper.S.obj)
                                         0x96 (size before relaxing)
 .debug_str     0x0000000000003632       0x4f zephyr/arch/arch/arm/core/aarch32/cortex_m/libarch__arm__core__aarch32__cortex_m.a(exc_exit.S.obj)
                                         0x9c (size before relaxing)
 .debug_str     0x0000000000003681      0x606 zephyr/arch/arch/arm/core/aarch32/cortex_m/libarch__arm__core__aarch32__cortex_m.a(fault.c.obj)
                                        0xdaa (size before relaxing)
 .debug_str     0x0000000000003c87       0x4e zephyr/arch/arch/arm/core/aarch32/cortex_m/libarch__arm__core__aarch32__cortex_m.a(fault_s.S.obj)
                                         0x9b (size before relaxing)
 .debug_str     0x0000000000003cd5       0x4f zephyr/arch/arch/arm/core/aarch32/cortex_m/libarch__arm__core__aarch32__cortex_m.a(irq_init.c.obj)
                                        0xaf7 (size before relaxing)
 .debug_str     0x0000000000003d24       0x4c zephyr/arch/arch/arm/core/aarch32/cortex_m/libarch__arm__core__aarch32__cortex_m.a(reset.S.obj)
                                         0x99 (size before relaxing)
 .debug_str     0x0000000000003d70       0x7c zephyr/arch/arch/arm/core/aarch32/cortex_m/libarch__arm__core__aarch32__cortex_m.a(thread_abort.c.obj)
                                        0x55d (size before relaxing)
 .debug_str     0x0000000000003dec       0xd4 zephyr/lib/libc/minimal/liblib__libc__minimal.a(string.c.obj)
                                        0x2fb (size before relaxing)
 .debug_str     0x0000000000003ec0       0xd4 zephyr/lib/libc/minimal/liblib__libc__minimal.a(stdout_console.c.obj)
                                        0x533 (size before relaxing)
 .debug_str     0x0000000000003f94      0x25d zephyr/drivers/console/libdrivers__console.a(uart_console.c.obj)
                                        0x64d (size before relaxing)
 .debug_str     0x00000000000041f1      0x112 zephyr/drivers/pinctrl/libdrivers__pinctrl.a(common.c.obj)
                                        0x340 (size before relaxing)
 .debug_str     0x0000000000004303       0x72 zephyr/drivers/pinctrl/libdrivers__pinctrl.a(pinctrl_imx.c.obj)
                                        0x432 (size before relaxing)
 .debug_str     0x0000000000004375      0xa66 zephyr/drivers/serial/libdrivers__serial.a(uart_imx.c.obj)
                                       0x13b7 (size before relaxing)
 .debug_str     0x0000000000004ddb      0x1b6 zephyr/drivers/timer/libdrivers__timer.a(cortex_m_systick.c.obj)
                                        0xf73 (size before relaxing)
 .debug_str     0x0000000000004f91       0x71 modules/hal_nxp/hal_nxp/lib..__modules__hal__nxp.a(ccm_imx7d.c.obj)
                                        0x431 (size before relaxing)
 .debug_str     0x0000000000005002      0x4e5 modules/hal_nxp/hal_nxp/lib..__modules__hal__nxp.a(ccm_analog_imx7d.c.obj)
                                        0x724 (size before relaxing)
 .debug_str     0x00000000000054e7      0x2bc modules/hal_nxp/hal_nxp/lib..__modules__hal__nxp.a(uart_imx.c.obj)
                                        0x617 (size before relaxing)
 .debug_str     0x00000000000057a3      0x5a9 modules/hal_nxp/hal_nxp/lib..__modules__hal__nxp.a(clock_freq.c.obj)
                                        0xee7 (size before relaxing)
 .debug_str     0x0000000000005d4c      0x189 zephyr/kernel/libkernel.a(device.c.obj)
                                        0x423 (size before relaxing)
 .debug_str     0x0000000000005ed5       0x43 zephyr/kernel/libkernel.a(errno.c.obj)
                                        0x6be (size before relaxing)
 .debug_str     0x0000000000005f18      0x230 zephyr/kernel/libkernel.a(fatal.c.obj)
                                        0xb6a (size before relaxing)
 .debug_str     0x0000000000006148      0x37a zephyr/kernel/libkernel.a(init.c.obj)
                                       0x15cf (size before relaxing)
 .debug_str     0x00000000000064c2      0x4c6 zephyr/kernel/libkernel.a(thread.c.obj)
                                        0xe8a (size before relaxing)
 .debug_str     0x0000000000006988       0x60 zephyr/kernel/libkernel.a(idle.c.obj)
                                        0x335 (size before relaxing)
 .debug_str     0x00000000000069e8      0x99a zephyr/kernel/libkernel.a(sched.c.obj)
                                       0x156e (size before relaxing)
 .debug_str     0x0000000000007382       0xa5 zephyr/kernel/libkernel.a(xip.c.obj)
                                        0x2d5 (size before relaxing)
 .debug_str     0x0000000000007427      0x18c zephyr/kernel/libkernel.a(timeout.c.obj)
                                        0xa0c (size before relaxing)
 .debug_str     0x00000000000075b3       0x35 zephyr/kernel/libkernel.a(banner.c.obj)
                                        0x24c (size before relaxing)
 .debug_str     0x00000000000075e8       0xa0 zephyr/arch/common/libisr_tables.a(isr_tables.c.obj)
                                        0x354 (size before relaxing)

.debug_loc      0x0000000000000000     0xdfa5
 *(SORT_BY_ALIGNMENT(.debug_loc))
 .debug_loc     0x0000000000000000       0x3f app/libapp.a(main.c.obj)
 .debug_loc     0x000000000000003f     0x216c zephyr/libzephyr.a(cbprintf_packaged.c.obj)
 .debug_loc     0x00000000000021ab      0x2ed zephyr/libzephyr.a(printk.c.obj)
 .debug_loc     0x0000000000002498       0xc0 zephyr/libzephyr.a(thread_entry.c.obj)
 .debug_loc     0x0000000000002558     0x1541 zephyr/libzephyr.a(cbprintf_complete.c.obj)
 .debug_loc     0x0000000000003a99      0x52e zephyr/libzephyr.a(soc.c.obj)
 .debug_loc     0x0000000000003fc7      0x172 zephyr/arch/arch/arm/core/aarch32/libarch__arm__core__aarch32.a(fatal.c.obj)
 .debug_loc     0x0000000000004139      0x1a1 zephyr/arch/arch/arm/core/aarch32/libarch__arm__core__aarch32.a(irq_manage.c.obj)
 .debug_loc     0x00000000000042da       0x3c zephyr/arch/arch/arm/core/aarch32/libarch__arm__core__aarch32.a(prep_c.c.obj)
 .debug_loc     0x0000000000004316       0x3b zephyr/arch/arch/arm/core/aarch32/libarch__arm__core__aarch32.a(swap.c.obj)
 .debug_loc     0x0000000000004351       0xd1 zephyr/arch/arch/arm/core/aarch32/libarch__arm__core__aarch32.a(thread.c.obj)
 .debug_loc     0x0000000000004422      0x71b zephyr/arch/arch/arm/core/aarch32/cortex_m/libarch__arm__core__aarch32__cortex_m.a(fault.c.obj)
 .debug_loc     0x0000000000004b3d       0x6a zephyr/arch/arch/arm/core/aarch32/cortex_m/libarch__arm__core__aarch32__cortex_m.a(irq_init.c.obj)
 .debug_loc     0x0000000000004ba7       0x3a zephyr/arch/arch/arm/core/aarch32/cortex_m/libarch__arm__core__aarch32__cortex_m.a(thread_abort.c.obj)
 .debug_loc     0x0000000000004be1      0xaf7 zephyr/lib/libc/minimal/liblib__libc__minimal.a(string.c.obj)
 .debug_loc     0x00000000000056d8      0x585 zephyr/lib/libc/minimal/liblib__libc__minimal.a(stdout_console.c.obj)
 .debug_loc     0x0000000000005c5d       0xaa zephyr/drivers/console/libdrivers__console.a(uart_console.c.obj)
 .debug_loc     0x0000000000005d07       0x42 zephyr/drivers/pinctrl/libdrivers__pinctrl.a(common.c.obj)
 .debug_loc     0x0000000000005d49      0x177 zephyr/drivers/pinctrl/libdrivers__pinctrl.a(pinctrl_imx.c.obj)
 .debug_loc     0x0000000000005ec0      0xacc zephyr/drivers/serial/libdrivers__serial.a(uart_imx.c.obj)
 .debug_loc     0x000000000000698c      0x3be zephyr/drivers/timer/libdrivers__timer.a(cortex_m_systick.c.obj)
 .debug_loc     0x0000000000006d4a      0x14c modules/hal_nxp/hal_nxp/lib..__modules__hal__nxp.a(ccm_imx7d.c.obj)
 .debug_loc     0x0000000000006e96      0x592 modules/hal_nxp/hal_nxp/lib..__modules__hal__nxp.a(ccm_analog_imx7d.c.obj)
 .debug_loc     0x0000000000007428      0x4d9 modules/hal_nxp/hal_nxp/lib..__modules__hal__nxp.a(uart_imx.c.obj)
 .debug_loc     0x0000000000007901      0x6d7 modules/hal_nxp/hal_nxp/lib..__modules__hal__nxp.a(clock_freq.c.obj)
 .debug_loc     0x0000000000007fd8      0x669 zephyr/kernel/libkernel.a(device.c.obj)
 .debug_loc     0x0000000000008641      0x188 zephyr/kernel/libkernel.a(fatal.c.obj)
 .debug_loc     0x00000000000087c9      0x564 zephyr/kernel/libkernel.a(init.c.obj)
 .debug_loc     0x0000000000008d2d      0xb9c zephyr/kernel/libkernel.a(thread.c.obj)
 .debug_loc     0x00000000000098c9       0x6f zephyr/kernel/libkernel.a(idle.c.obj)
 .debug_loc     0x0000000000009938     0x3a78 zephyr/kernel/libkernel.a(sched.c.obj)
 .debug_loc     0x000000000000d3b0      0xbf5 zephyr/kernel/libkernel.a(timeout.c.obj)

.debug_macinfo
 *(SORT_BY_ALIGNMENT(.debug_macinfo))

.debug_weaknames
 *(SORT_BY_ALIGNMENT(.debug_weaknames))

.debug_funcnames
 *(SORT_BY_ALIGNMENT(.debug_funcnames))

.debug_typenames
 *(SORT_BY_ALIGNMENT(.debug_typenames))

.debug_varnames
 *(SORT_BY_ALIGNMENT(.debug_varnames))

.debug_pubtypes
 *(SORT_BY_ALIGNMENT(.debug_pubtypes))

.debug_ranges   0x0000000000000000     0x24f0
 *(SORT_BY_ALIGNMENT(.debug_ranges))
 .debug_ranges  0x0000000000000000       0x28 zephyr/arch/arch/arm/core/aarch32/libarch__arm__core__aarch32.a(cpu_idle.S.obj)
 .debug_ranges  0x0000000000000028       0x20 zephyr/arch/arch/arm/core/aarch32/libarch__arm__core__aarch32.a(swap_helper.S.obj)